2026-05-29 17:30:58,519	INFO utils.py:305 -- Get all modules by type: DashboardHeadModule
2026-05-29 17:30:58,522	INFO utils.py:316 -- Module ray.dashboard.modules.aggregator.aggregator_agent cannot be loaded because we cannot import all dependencies. Install this module using `pip install 'ray[default]'` for the full dashboard functionality. Error: No module named 'opentelemetry'
2026-05-29 17:30:58,524	INFO utils.py:316 -- Module ray.dashboard.modules.aggregator.multi_consumer_event_buffer cannot be loaded because we cannot import all dependencies. Install this module using `pip install 'ray[default]'` for the full dashboard functionality. Error: No module named 'opentelemetry'
2026-05-29 17:30:58,525	INFO utils.py:316 -- Module ray.dashboard.modules.aggregator.publisher.async_publisher_client cannot be loaded because we cannot import all dependencies. Install this module using `pip install 'ray[default]'` for the full dashboard functionality. Error: No module named 'aiohttp'
2026-05-29 17:30:58,526	INFO utils.py:316 -- Module ray.dashboard.modules.aggregator.publisher.metrics cannot be loaded because we cannot import all dependencies. Install this module using `pip install 'ray[default]'` for the full dashboard functionality. Error: No module named 'opentelemetry'
2026-05-29 17:30:58,528	INFO utils.py:316 -- Module ray.dashboard.modules.aggregator.publisher.ray_event_publisher cannot be loaded because we cannot import all dependencies. Install this module using `pip install 'ray[default]'` for the full dashboard functionality. Error: No module named 'opentelemetry'
2026-05-29 17:30:58,592	INFO utils.py:316 -- Module ray.dashboard.modules.data.data_head cannot be loaded because we cannot import all dependencies. Install this module using `pip install 'ray[default]'` for the full dashboard functionality. Error: No module named 'aiohttp'
2026-05-29 17:30:58,596	INFO utils.py:316 -- Module ray.dashboard.modules.event.event_head cannot be loaded because we cannot import all dependencies. Install this module using `pip install 'ray[default]'` for the full dashboard functionality. Error: No module named 'aiohttp'
2026-05-29 17:30:58,602	INFO utils.py:316 -- Module ray.dashboard.modules.job.job_agent cannot be loaded because we cannot import all dependencies. Install this module using `pip install 'ray[default]'` for the full dashboard functionality. Error: No module named 'aiohttp'
2026-05-29 17:30:58,603	INFO utils.py:316 -- Module ray.dashboard.modules.job.job_head cannot be loaded because we cannot import all dependencies. Install this module using `pip install 'ray[default]'` for the full dashboard functionality. Error: No module named 'aiohttp'
2026-05-29 17:30:58,606	INFO utils.py:316 -- Module ray.dashboard.modules.log.log_agent cannot be loaded because we cannot import all dependencies. Install this module using `pip install 'ray[default]'` for the full dashboard functionality. Error: No module named 'grpc'
2026-05-29 17:30:58,636	INFO utils.py:316 -- Module ray.dashboard.modules.log.log_manager cannot be loaded because we cannot import all dependencies. Install this module using `pip install 'ray[default]'` for the full dashboard functionality. Error: No module named 'aiohttp'
2026-05-29 17:30:58,647	INFO utils.py:316 -- Module ray.dashboard.modules.metrics.metrics_head cannot be loaded because we cannot import all dependencies. Install this module using `pip install 'ray[default]'` for the full dashboard functionality. Error: No module named 'aiohttp'
2026-05-29 17:30:58,651	INFO utils.py:316 -- Module ray.dashboard.modules.node.node_head cannot be loaded because we cannot import all dependencies. Install this module using `pip install 'ray[default]'` for the full dashboard functionality. Error: No module named 'aiohttp'
2026-05-29 17:30:58,655	INFO utils.py:316 -- Module ray.dashboard.modules.reporter.healthz_agent cannot be loaded because we cannot import all dependencies. Install this module using `pip install 'ray[default]'` for the full dashboard functionality. Error: No module named 'aiohttp'
2026-05-29 17:30:58,657	INFO utils.py:316 -- Module ray.dashboard.modules.reporter.reporter_agent cannot be loaded because we cannot import all dependencies. Install this module using `pip install 'ray[default]'` for the full dashboard functionality. Error: No module named 'grpc'
2026-05-29 17:30:58,658	INFO utils.py:316 -- Module ray.dashboard.modules.reporter.reporter_head cannot be loaded because we cannot import all dependencies. Install this module using `pip install 'ray[default]'` for the full dashboard functionality. Error: No module named 'aiohttp'
2026-05-29 17:30:58,660	INFO utils.py:316 -- Module ray.dashboard.modules.serve.serve_head cannot be loaded because we cannot import all dependencies. Install this module using `pip install 'ray[default]'` for the full dashboard functionality. Error: No module named 'aiohttp'
2026-05-29 17:30:58,661	INFO utils.py:316 -- Module ray.dashboard.modules.state.state_head cannot be loaded because we cannot import all dependencies. Install this module using `pip install 'ray[default]'` for the full dashboard functionality. Error: No module named 'aiohttp'
2026-05-29 17:30:58,663	INFO utils.py:316 -- Module ray.dashboard.modules.train.train_head cannot be loaded because we cannot import all dependencies. Install this module using `pip install 'ray[default]'` for the full dashboard functionality. Error: No module named 'aiohttp'
2026-05-29 17:30:58,666	INFO utils.py:338 -- Available modules: [<class 'ray.dashboard.modules.usage_stats.usage_stats_head.UsageStatsHead'>]
2026-05-29 17:30:58,666	INFO head.py:235 -- DashboardHeadModules to load: {'UsageStatsHead'}.
2026-05-29 17:30:58,667	INFO head.py:238 -- Loading DashboardHeadModule: <class 'ray.dashboard.modules.usage_stats.usage_stats_head.UsageStatsHead'>.
2026-05-29 17:30:58,667	INFO head.py:242 -- Loaded 1 dashboard head modules: [<ray.dashboard.modules.usage_stats.usage_stats_head.UsageStatsHead object at 0x7e9ed8384810>].
2026-05-29 17:30:58,667	INFO head.py:257 -- Subprocess modules not loaded in minimal mode.
2026-05-29 17:30:58,669	INFO head.py:444 -- http server disabled.
