2026-05-26 17:29:34,899	INFO utils.py:307 -- Get all modules by type: DashboardHeadModule
2026-05-26 17:29:34,901	INFO utils.py:318 -- Module ray.dashboard.modules.aggregator.aggregator_agent cannot be loaded because we cannot import all dependencies. Install this module using `pip install 'ray[default]'` for the full dashboard functionality. Error: No module named 'opentelemetry'
2026-05-26 17:29:34,902	INFO utils.py:318 -- Module ray.dashboard.modules.aggregator.multi_consumer_event_buffer cannot be loaded because we cannot import all dependencies. Install this module using `pip install 'ray[default]'` for the full dashboard functionality. Error: No module named 'opentelemetry'
2026-05-26 17:29:34,903	INFO utils.py:318 -- Module ray.dashboard.modules.aggregator.publisher.async_publisher_client cannot be loaded because we cannot import all dependencies. Install this module using `pip install 'ray[default]'` for the full dashboard functionality. Error: No module named 'aiohttp'
2026-05-26 17:29:34,903	INFO utils.py:318 -- Module ray.dashboard.modules.aggregator.publisher.metrics cannot be loaded because we cannot import all dependencies. Install this module using `pip install 'ray[default]'` for the full dashboard functionality. Error: No module named 'opentelemetry'
2026-05-26 17:29:34,904	INFO utils.py:318 -- Module ray.dashboard.modules.aggregator.publisher.ray_event_publisher cannot be loaded because we cannot import all dependencies. Install this module using `pip install 'ray[default]'` for the full dashboard functionality. Error: No module named 'opentelemetry'
2026-05-26 17:29:34,905	INFO utils.py:318 -- Module ray.dashboard.modules.aggregator.task_events_metadata_buffer cannot be loaded because we cannot import all dependencies. Install this module using `pip install 'ray[default]'` for the full dashboard functionality. Error: No module named 'opentelemetry'
2026-05-26 17:29:34,937	INFO utils.py:318 -- Module ray.dashboard.modules.data.data_head cannot be loaded because we cannot import all dependencies. Install this module using `pip install 'ray[default]'` for the full dashboard functionality. Error: No module named 'aiohttp'
2026-05-26 17:29:34,939	INFO utils.py:318 -- Module ray.dashboard.modules.event.event_head cannot be loaded because we cannot import all dependencies. Install this module using `pip install 'ray[default]'` for the full dashboard functionality. Error: No module named 'aiohttp'
2026-05-26 17:29:34,943	INFO utils.py:318 -- Module ray.dashboard.modules.job.job_agent cannot be loaded because we cannot import all dependencies. Install this module using `pip install 'ray[default]'` for the full dashboard functionality. Error: No module named 'aiohttp'
2026-05-26 17:29:34,943	INFO utils.py:318 -- Module ray.dashboard.modules.job.job_head cannot be loaded because we cannot import all dependencies. Install this module using `pip install 'ray[default]'` for the full dashboard functionality. Error: No module named 'aiohttp'
2026-05-26 17:29:34,945	INFO utils.py:318 -- Module ray.dashboard.modules.log.log_agent cannot be loaded because we cannot import all dependencies. Install this module using `pip install 'ray[default]'` for the full dashboard functionality. Error: No module named 'grpc'
2026-05-26 17:29:34,964	INFO utils.py:318 -- Module ray.dashboard.modules.log.log_manager cannot be loaded because we cannot import all dependencies. Install this module using `pip install 'ray[default]'` for the full dashboard functionality. Error: No module named 'aiohttp'
2026-05-26 17:29:34,972	INFO utils.py:318 -- Module ray.dashboard.modules.metrics.metrics_head cannot be loaded because we cannot import all dependencies. Install this module using `pip install 'ray[default]'` for the full dashboard functionality. Error: No module named 'aiohttp'
2026-05-26 17:29:34,973	INFO utils.py:318 -- Module ray.dashboard.modules.node.node_head cannot be loaded because we cannot import all dependencies. Install this module using `pip install 'ray[default]'` for the full dashboard functionality. Error: No module named 'aiohttp'
2026-05-26 17:29:34,975	INFO utils.py:318 -- Module ray.dashboard.modules.reporter.healthz_agent cannot be loaded because we cannot import all dependencies. Install this module using `pip install 'ray[default]'` for the full dashboard functionality. Error: No module named 'aiohttp'
2026-05-26 17:29:34,976	INFO utils.py:318 -- Module ray.dashboard.modules.reporter.reporter_agent cannot be loaded because we cannot import all dependencies. Install this module using `pip install 'ray[default]'` for the full dashboard functionality. Error: No module named 'grpc'
2026-05-26 17:29:34,977	INFO utils.py:318 -- Module ray.dashboard.modules.reporter.reporter_head cannot be loaded because we cannot import all dependencies. Install this module using `pip install 'ray[default]'` for the full dashboard functionality. Error: No module named 'aiohttp'
2026-05-26 17:29:34,978	INFO utils.py:318 -- Module ray.dashboard.modules.serve.serve_head cannot be loaded because we cannot import all dependencies. Install this module using `pip install 'ray[default]'` for the full dashboard functionality. Error: No module named 'aiohttp'
2026-05-26 17:29:34,978	INFO utils.py:318 -- Module ray.dashboard.modules.state.state_head cannot be loaded because we cannot import all dependencies. Install this module using `pip install 'ray[default]'` for the full dashboard functionality. Error: No module named 'aiohttp'
2026-05-26 17:29:34,979	INFO utils.py:318 -- Module ray.dashboard.modules.train.train_head cannot be loaded because we cannot import all dependencies. Install this module using `pip install 'ray[default]'` for the full dashboard functionality. Error: No module named 'aiohttp'
2026-05-26 17:29:34,981	INFO utils.py:340 -- Available modules: [<class 'ray.dashboard.modules.usage_stats.usage_stats_head.UsageStatsHead'>]
2026-05-26 17:29:34,981	INFO head.py:244 -- DashboardHeadModules to load: {'UsageStatsHead'}.
2026-05-26 17:29:34,981	INFO head.py:247 -- Loading DashboardHeadModule: <class 'ray.dashboard.modules.usage_stats.usage_stats_head.UsageStatsHead'>.
2026-05-26 17:29:34,981	INFO head.py:251 -- Loaded 1 dashboard head modules: [<ray.dashboard.modules.usage_stats.usage_stats_head.UsageStatsHead object at 0x148944f1a590>].
2026-05-26 17:29:34,981	INFO head.py:266 -- Subprocess modules not loaded in minimal mode.
2026-05-26 17:29:34,982	INFO head.py:453 -- http server disabled.
2026-05-26 17:29:36,990	INFO usage_stats_head.py:200 -- Usage reporting is disabled.
