[2026-05-26 17:29:32,787 I 21656 21656] (gcs_server) gcs_server_main.cc:98: Ray cluster metadata ray_version=2.55.1 ray_commit=237c2455ebb1ea15a32dd9e1fdeb2d617badc37f
[2026-05-26 17:29:32,788 I 21656 21656] (gcs_server) event.cc:499: Ray Event initialized for GCS
[2026-05-26 17:29:32,788 I 21656 21656] (gcs_server) event.cc:499: Ray Event initialized for EXPORT_NODE
[2026-05-26 17:29:32,788 I 21656 21656] (gcs_server) event.cc:499: Ray Event initialized for EXPORT_ACTOR
[2026-05-26 17:29:32,788 I 21656 21656] (gcs_server) event.cc:499: Ray Event initialized for EXPORT_DRIVER_JOB
[2026-05-26 17:29:32,788 I 21656 21656] (gcs_server) event.cc:332: Set ray event level to warning
[2026-05-26 17:29:32,790 I 21656 21656] (gcs_server) gcs_server.cc:154: GCS storage type is StorageType::IN_MEMORY
[2026-05-26 17:29:32,790 I 21656 21656] (gcs_server) gcs_server.cc:155: GCS node ID initialized from config node_id=82a92378f944840657eca49978be6876cf30dbb75ee1a97392ece67d
[2026-05-26 17:29:32,791 I 21656 21656] (gcs_server) gcs_init_data.cc:46: Loading job table data.
[2026-05-26 17:29:32,791 I 21656 21656] (gcs_server) gcs_init_data.cc:56: Loading node table data.
[2026-05-26 17:29:32,791 I 21656 21656] (gcs_server) gcs_init_data.cc:76: Loading actor table data.
[2026-05-26 17:29:32,791 I 21656 21656] (gcs_server) gcs_init_data.cc:87: Loading actor task spec table data.
[2026-05-26 17:29:32,791 I 21656 21656] (gcs_server) gcs_init_data.cc:66: Loading placement group table data.
[2026-05-26 17:29:32,791 I 21656 21656] (gcs_server) gcs_init_data.cc:50: Finished loading job table data, size = 0
[2026-05-26 17:29:32,791 I 21656 21656] (gcs_server) gcs_init_data.cc:60: Finished loading node table data, size = 0
[2026-05-26 17:29:32,791 I 21656 21656] (gcs_server) gcs_init_data.cc:81: Finished loading actor table data, size = 0
[2026-05-26 17:29:32,791 I 21656 21656] (gcs_server) gcs_init_data.cc:91: Finished loading actor task spec table data, size = 0
[2026-05-26 17:29:32,791 I 21656 21656] (gcs_server) gcs_init_data.cc:70: Finished loading placement group table data, size = 0
[2026-05-26 17:29:32,791 I 21656 21656] (gcs_server) gcs_server.cc:242: Generated new cluster ID. cluster_id=2f9f0ba6e48852cb7fefe2fda01be714fd97b432c07ccf2067706abf
[2026-05-26 17:29:32,791 I 21656 21656] (gcs_server) gcs_server.cc:743: Autoscaler V2 enabled: 0
[2026-05-26 17:29:32,797 I 21656 21656] (gcs_server) grpc_server.cc:143: GcsServer server started, listening on port 36161.
[2026-05-26 17:29:32,994 I 21656 21656] (gcs_server) gcs_server.cc:908: Gcs Debug state:

GcsNodeManager: 
- RegisterNode request count: 0
- DrainNode request count: 0
- GetAllNodeInfo request count: 0

GcsActorManager: 
- RegisterActor request count: 0
- CreateActor request count: 0
- GetActorInfo request count: 0
- GetNamedActorInfo request count: 0
- GetAllActorInfo request count: 0
- KillActor request count: 0
- ListNamedActors request count: 0
- Registered actors count: 0
- Destroyed actors count: 0
- Named actors count: 0
- Unresolved actors count: 0
- Pending actors count: 0
- Created actors count: 0
- owners_: 0
- actor_to_register_callbacks_: 0
- actor_to_restart_for_lineage_reconstruction_callbacks_: 0
- actor_to_create_callbacks_: 0
- sorted_destroyed_actor_list_: 0

GcsResourceManager: 
- GetAllAvailableResources request count: 0
- GetAllTotalResources request count: 0
- GetAllResourceUsage request count: 0

GcsPlacementGroupManager: 
- CreatePlacementGroup request count: 0
- RemovePlacementGroup request count: 0
- GetPlacementGroup request count: 0
- GetAllPlacementGroup request count: 0
- WaitPlacementGroupUntilReady request count: 0
- GetNamedPlacementGroup request count: 0
- Scheduling pending placement group count: 0
- Registered placement groups count: 0
- Named placement group count: 0
- Pending placement groups count: 0
- Infeasible placement groups count: 0

Publisher:

[runtime env manager] ID to URIs table:
[runtime env manager] URIs reference table:

GcsTaskManager: 
-Total num task events reported: 0
-Total num status task events dropped: 0
-Total num profile events dropped: 0
-Current num of task events stored: 0
-Total num of actor creation tasks: 0
-Total num of actor tasks: 0
-Total num of normal tasks: 0
-Total num of driver tasks: 0

GcsAutoscalerStateManager: 
- last_seen_autoscaler_state_version_: 0
- last_cluster_resource_state_version_: 0
- pending demands:



[2026-05-26 17:29:32,994 I 21656 21656] (gcs_server) gcs_server.cc:922: Main service Event stats:


Global stats: 26 total (10 active)
Queueing time: mean = 23.52ms, max = 202.74ms, min = 0.00ms, total = 611.62ms
Execution time:  mean = 15.61ms, total = 405.86ms
Event stats:
	GcsInMemoryStore.Put - 9 total (6 active), Execution time: mean = 22.53ms, total = 202.80ms, Queueing time: mean = 22.52ms, max = 202.56ms, min = 0.01ms, total = 202.66ms
	GcsInMemoryStore.GetAll - 5 total (0 active), Execution time: mean = 0.01ms, total = 0.06ms, Queueing time: mean = 0.08ms, max = 0.08ms, min = 0.07ms, total = 0.39ms
	PeriodicalRunner.RunFnPeriodically - 4 total (1 active, 1 running), Execution time: mean = 0.05ms, total = 0.19ms, Queueing time: mean = 101.37ms, max = 202.74ms, min = 0.06ms, total = 405.49ms
	event_loop_lag_probe - 2 total (0 active), Execution time: mean = 0.01ms, total = 0.01ms, Queueing time: mean = 1.53ms, max = 2.95ms, min = 0.11ms, total = 3.06ms
	GcsInMemoryStore.Get - 1 total (0 active), Execution time: mean = 0.02ms, total = 0.02ms, Queueing time: mean = 0.02ms, max = 0.02ms, min = 0.02ms, total = 0.02ms
	ClusterResourceManager.ResetRemoteNodeView - 1 total (1 active), Execution time: mean = 0.00ms, total = 0.00ms, Queueing time: mean = 0.00ms, max = -0.00ms, min = 9223372036854.78ms, total = 0.00ms
	GcsInitData::AsyncLoad - 1 total (0 active), Execution time: mean = 0.01ms, total = 0.01ms, Queueing time: mean = 0.00ms, max = 0.00ms, min = 0.00ms, total = 0.00ms
	RayletLoadPulled - 1 total (1 active), Execution time: mean = 0.00ms, total = 0.00ms, Queueing time: mean = 0.00ms, max = -0.00ms, min = 9223372036854.78ms, total = 0.00ms
	GCSServer.deadline_timer.metrics_report - 1 total (1 active), Execution time: mean = 0.00ms, total = 0.00ms, Queueing time: mean = 0.00ms, max = -0.00ms, min = 9223372036854.78ms, total = 0.00ms
	GcsServer.GetOrGenerateClusterId.continuation - 1 total (0 active), Execution time: mean = 202.77ms, total = 202.77ms, Queueing time: mean = 0.00ms, max = 0.00ms, min = 0.00ms, total = 0.00ms


[2026-05-26 17:29:32,994 I 21656 21656] (gcs_server) gcs_server.cc:926: task_io_context Event stats:


Global stats: 4 total (1 active)
Queueing time: mean = 0.11ms, max = 0.43ms, min = 0.01ms, total = 0.46ms
Execution time:  mean = 0.02ms, total = 0.06ms
Event stats:
	event_loop_lag_probe - 2 total (0 active), Execution time: mean = 0.03ms, total = 0.06ms, Queueing time: mean = 0.22ms, max = 0.43ms, min = 0.01ms, total = 0.45ms
	PeriodicalRunner.RunFnPeriodically - 1 total (0 active), Execution time: mean = 0.01ms, total = 0.01ms, Queueing time: mean = 0.01ms, max = 0.01ms, min = 0.01ms, total = 0.01ms
	GcsTaskManager.GcJobSummary - 1 total (1 active), Execution time: mean = 0.00ms, total = 0.00ms, Queueing time: mean = 0.00ms, max = -0.00ms, min = 9223372036854.78ms, total = 0.00ms


[2026-05-26 17:29:32,994 I 21656 21656] (gcs_server) gcs_server.cc:926: pubsub_io_context Event stats:


Global stats: 4 total (1 active)
Queueing time: mean = 0.19ms, max = 0.75ms, min = 0.01ms, total = 0.78ms
Execution time:  mean = 0.02ms, total = 0.06ms
Event stats:
	event_loop_lag_probe - 2 total (0 active), Execution time: mean = 0.03ms, total = 0.05ms, Queueing time: mean = 0.38ms, max = 0.75ms, min = 0.02ms, total = 0.77ms
	PeriodicalRunner.RunFnPeriodically - 1 total (0 active), Execution time: mean = 0.01ms, total = 0.01ms, Queueing time: mean = 0.01ms, max = 0.01ms, min = 0.01ms, total = 0.01ms
	Publisher.CheckDeadSubscribers - 1 total (1 active), Execution time: mean = 0.00ms, total = 0.00ms, Queueing time: mean = 0.00ms, max = -0.00ms, min = 9223372036854.78ms, total = 0.00ms


[2026-05-26 17:29:32,994 I 21656 21656] (gcs_server) gcs_server.cc:926: ray_syncer_io_context Event stats:


Global stats: 4 total (0 active)
Queueing time: mean = 0.19ms, max = 0.74ms, min = 0.01ms, total = 0.77ms
Execution time:  mean = 0.01ms, total = 0.05ms
Event stats:
	event_loop_lag_probe - 2 total (0 active), Execution time: mean = 0.03ms, total = 0.05ms, Queueing time: mean = 0.37ms, max = 0.74ms, min = 0.01ms, total = 0.75ms
	RaySyncerRegister - 2 total (0 active), Execution time: mean = 0.00ms, total = 0.00ms, Queueing time: mean = 0.01ms, max = 0.01ms, min = 0.01ms, total = 0.02ms


[2026-05-26 17:29:32,994 I 21656 21656] (gcs_server) gcs_server.cc:926: ray_event_io_context Event stats:


Global stats: 2 total (0 active)
Queueing time: mean = 0.37ms, max = 0.73ms, min = 0.01ms, total = 0.74ms
Execution time:  mean = 0.03ms, total = 0.05ms
Event stats:
	event_loop_lag_probe - 2 total (0 active), Execution time: mean = 0.03ms, total = 0.05ms, Queueing time: mean = 0.37ms, max = 0.73ms, min = 0.01ms, total = 0.74ms


[2026-05-26 17:29:32,994 I 21656 21656] (gcs_server) gcs_server.cc:926: internal_kv_io_context Event stats:


Global stats: 2 total (0 active)
Queueing time: mean = 0.54ms, max = 1.07ms, min = 0.01ms, total = 1.08ms
Execution time:  mean = 0.02ms, total = 0.05ms
Event stats:
	event_loop_lag_probe - 2 total (0 active), Execution time: mean = 0.02ms, total = 0.05ms, Queueing time: mean = 0.54ms, max = 1.07ms, min = 0.01ms, total = 1.08ms


[2026-05-26 17:29:32,994 I 21656 21656] (gcs_server) gcs_server.cc:926: node_manager_io_context Event stats:


Global stats: 2 total (0 active)
Queueing time: mean = 1.48ms, max = 2.94ms, min = 0.02ms, total = 2.96ms
Execution time:  mean = 0.04ms, total = 0.07ms
Event stats:
	event_loop_lag_probe - 2 total (0 active), Execution time: mean = 0.04ms, total = 0.07ms, Queueing time: mean = 1.48ms, max = 2.94ms, min = 0.02ms, total = 2.96ms


[2026-05-26 17:29:36,959 I 21656 21662] (gcs_server) gcs_node_manager.cc:106: Registering new node. node_id=82a92378f944840657eca49978be6876cf30dbb75ee1a97392ece67d node_name=192.168.3.24 node_address=192.168.3.24
[2026-05-26 17:29:36,959 I 21656 21656] (gcs_server) gcs_server.cc:829: Metrics agent not available. To enable metrics, install Ray with dashboard support: `pip install 'ray[default]'`.
[2026-05-26 17:29:40,601 I 21656 21656] (gcs_server) gcs_job_manager.cc:116: Registering job. job_id=01000000 driver_pid=21621
[2026-05-26 17:29:40,606 I 21656 21656] (gcs_server) gcs_placement_group_manager.cc:361: Registering placement group, placement group id = 9d84b02bd07556edc313038d652601000000, name = , strategy = 0
[2026-05-26 17:29:40,606 I 21656 21656] (gcs_server) gcs_placement_group_manager.cc:365: Finished registering placement group, placement group id = 9d84b02bd07556edc313038d652601000000, name = , strategy = 0
[2026-05-26 17:29:40,607 I 21656 21656] (gcs_server) gcs_placement_group_scheduler.cc:189: Preparing resource from node 82a92378f944840657eca49978be6876cf30dbb75ee1a97392ece67d for bundles: {placement group id={9d84b02bd07556edc313038d652601000000}, bundle index={0}},{placement group id={9d84b02bd07556edc313038d652601000000}, bundle index={1}},{placement group id={9d84b02bd07556edc313038d652601000000}, bundle index={2}},{placement group id={9d84b02bd07556edc313038d652601000000}, bundle index={3}},{placement group id={9d84b02bd07556edc313038d652601000000}, bundle index={4}},{placement group id={9d84b02bd07556edc313038d652601000000}, bundle index={5}},{placement group id={9d84b02bd07556edc313038d652601000000}, bundle index={6}},{placement group id={9d84b02bd07556edc313038d652601000000}, bundle index={7}},{placement group id={9d84b02bd07556edc313038d652601000000}, bundle index={8}},{placement group id={9d84b02bd07556edc313038d652601000000}, bundle index={9}},{placement group id={9d84b02bd07556edc313038d652601000000}, bundle index={10}},{placement group id={9d84b02bd07556edc313038d652601000000}, bundle index={11}},{placement group id={9d84b02bd07556edc313038d652601000000}, bundle index={12}},{placement group id={9d84b02bd07556edc313038d652601000000}, bundle index={13}},{placement group id={9d84b02bd07556edc313038d652601000000}, bundle index={14}},{placement group id={9d84b02bd07556edc313038d652601000000}, bundle index={15}},
[2026-05-26 17:29:40,608 I 21656 21656] (gcs_server) gcs_placement_group_scheduler.cc:199: Finished leasing resource from 82a92378f944840657eca49978be6876cf30dbb75ee1a97392ece67d for bundles: {placement group id={9d84b02bd07556edc313038d652601000000}, bundle index={0}},{placement group id={9d84b02bd07556edc313038d652601000000}, bundle index={1}},{placement group id={9d84b02bd07556edc313038d652601000000}, bundle index={2}},{placement group id={9d84b02bd07556edc313038d652601000000}, bundle index={3}},{placement group id={9d84b02bd07556edc313038d652601000000}, bundle index={4}},{placement group id={9d84b02bd07556edc313038d652601000000}, bundle index={5}},{placement group id={9d84b02bd07556edc313038d652601000000}, bundle index={6}},{placement group id={9d84b02bd07556edc313038d652601000000}, bundle index={7}},{placement group id={9d84b02bd07556edc313038d652601000000}, bundle index={8}},{placement group id={9d84b02bd07556edc313038d652601000000}, bundle index={9}},{placement group id={9d84b02bd07556edc313038d652601000000}, bundle index={10}},{placement group id={9d84b02bd07556edc313038d652601000000}, bundle index={11}},{placement group id={9d84b02bd07556edc313038d652601000000}, bundle index={12}},{placement group id={9d84b02bd07556edc313038d652601000000}, bundle index={13}},{placement group id={9d84b02bd07556edc313038d652601000000}, bundle index={14}},{placement group id={9d84b02bd07556edc313038d652601000000}, bundle index={15}},
[2026-05-26 17:29:40,608 I 21656 21656] (gcs_server) gcs_placement_group_scheduler.cc:217: Committing resource to a node 82a92378f944840657eca49978be6876cf30dbb75ee1a97392ece67d for bundles: {placement group id={9d84b02bd07556edc313038d652601000000}, bundle index={13}},{placement group id={9d84b02bd07556edc313038d652601000000}, bundle index={3}},{placement group id={9d84b02bd07556edc313038d652601000000}, bundle index={4}},{placement group id={9d84b02bd07556edc313038d652601000000}, bundle index={5}},{placement group id={9d84b02bd07556edc313038d652601000000}, bundle index={6}},{placement group id={9d84b02bd07556edc313038d652601000000}, bundle index={1}},{placement group id={9d84b02bd07556edc313038d652601000000}, bundle index={2}},{placement group id={9d84b02bd07556edc313038d652601000000}, bundle index={0}},{placement group id={9d84b02bd07556edc313038d652601000000}, bundle index={7}},{placement group id={9d84b02bd07556edc313038d652601000000}, bundle index={8}},{placement group id={9d84b02bd07556edc313038d652601000000}, bundle index={9}},{placement group id={9d84b02bd07556edc313038d652601000000}, bundle index={10}},{placement group id={9d84b02bd07556edc313038d652601000000}, bundle index={11}},{placement group id={9d84b02bd07556edc313038d652601000000}, bundle index={12}},{placement group id={9d84b02bd07556edc313038d652601000000}, bundle index={14}},{placement group id={9d84b02bd07556edc313038d652601000000}, bundle index={15}},
[2026-05-26 17:29:40,610 I 21656 21656] (gcs_server) gcs_placement_group_scheduler.cc:224: Finished committing resource to 82a92378f944840657eca49978be6876cf30dbb75ee1a97392ece67d for bundles: {placement group id={9d84b02bd07556edc313038d652601000000}, bundle index={13}},{placement group id={9d84b02bd07556edc313038d652601000000}, bundle index={3}},{placement group id={9d84b02bd07556edc313038d652601000000}, bundle index={4}},{placement group id={9d84b02bd07556edc313038d652601000000}, bundle index={5}},{placement group id={9d84b02bd07556edc313038d652601000000}, bundle index={6}},{placement group id={9d84b02bd07556edc313038d652601000000}, bundle index={1}},{placement group id={9d84b02bd07556edc313038d652601000000}, bundle index={2}},{placement group id={9d84b02bd07556edc313038d652601000000}, bundle index={0}},{placement group id={9d84b02bd07556edc313038d652601000000}, bundle index={7}},{placement group id={9d84b02bd07556edc313038d652601000000}, bundle index={8}},{placement group id={9d84b02bd07556edc313038d652601000000}, bundle index={9}},{placement group id={9d84b02bd07556edc313038d652601000000}, bundle index={10}},{placement group id={9d84b02bd07556edc313038d652601000000}, bundle index={11}},{placement group id={9d84b02bd07556edc313038d652601000000}, bundle index={12}},{placement group id={9d84b02bd07556edc313038d652601000000}, bundle index={14}},{placement group id={9d84b02bd07556edc313038d652601000000}, bundle index={15}},
[2026-05-26 17:29:40,610 I 21656 21656] (gcs_server) gcs_placement_group_manager.cc:248: Successfully created placement group , id: 9d84b02bd07556edc313038d652601000000
[2026-05-26 17:29:40,626 I 21656 21656] (gcs_server) gcs_actor_manager.cc:315: Registering actor job_id=01000000 actor_id=71692238e8ca9d603a459d4b01000000
[2026-05-26 17:29:40,627 I 21656 21656] (gcs_server) gcs_actor_manager.cc:319: Registered actor job_id=01000000 actor_id=71692238e8ca9d603a459d4b01000000
[2026-05-26 17:29:40,627 I 21656 21656] (gcs_server) gcs_actor_manager.cc:315: Registering actor job_id=01000000 actor_id=3bbd54df6f2d71e3a941222701000000
[2026-05-26 17:29:40,627 I 21656 21656] (gcs_server) gcs_actor_manager.cc:434: Creating actor job_id=01000000 actor_id=71692238e8ca9d603a459d4b01000000
[2026-05-26 17:29:40,627 I 21656 21656] (gcs_server) gcs_actor_scheduler.cc:239: Leasing worker for actor. actor_id=71692238e8ca9d603a459d4b01000000 job_id=01000000 node_id=82a92378f944840657eca49978be6876cf30dbb75ee1a97392ece67d
[2026-05-26 17:29:40,627 I 21656 21656] (gcs_server) gcs_actor_manager.cc:319: Registered actor job_id=01000000 actor_id=3bbd54df6f2d71e3a941222701000000
[2026-05-26 17:29:40,627 I 21656 21656] (gcs_server) gcs_actor_manager.cc:315: Registering actor job_id=01000000 actor_id=db33a8437c147927b2133a5501000000
[2026-05-26 17:29:40,627 I 21656 21656] (gcs_server) gcs_actor_manager.cc:319: Registered actor job_id=01000000 actor_id=db33a8437c147927b2133a5501000000
[2026-05-26 17:29:40,628 I 21656 21656] (gcs_server) gcs_actor_manager.cc:434: Creating actor job_id=01000000 actor_id=3bbd54df6f2d71e3a941222701000000
[2026-05-26 17:29:40,628 I 21656 21656] (gcs_server) gcs_actor_scheduler.cc:239: Leasing worker for actor. actor_id=3bbd54df6f2d71e3a941222701000000 job_id=01000000 node_id=82a92378f944840657eca49978be6876cf30dbb75ee1a97392ece67d
[2026-05-26 17:29:40,628 I 21656 21656] (gcs_server) gcs_actor_manager.cc:315: Registering actor job_id=01000000 actor_id=742d646c3fb52144a1fb1b5f01000000
[2026-05-26 17:29:40,628 I 21656 21656] (gcs_server) gcs_actor_manager.cc:434: Creating actor job_id=01000000 actor_id=db33a8437c147927b2133a5501000000
[2026-05-26 17:29:40,628 I 21656 21656] (gcs_server) gcs_actor_scheduler.cc:239: Leasing worker for actor. actor_id=db33a8437c147927b2133a5501000000 job_id=01000000 node_id=82a92378f944840657eca49978be6876cf30dbb75ee1a97392ece67d
[2026-05-26 17:29:40,628 I 21656 21656] (gcs_server) gcs_actor_manager.cc:315: Registering actor job_id=01000000 actor_id=8248e19d251e2f2d677b394b01000000
[2026-05-26 17:29:40,628 I 21656 21656] (gcs_server) gcs_actor_manager.cc:319: Registered actor job_id=01000000 actor_id=742d646c3fb52144a1fb1b5f01000000
[2026-05-26 17:29:40,628 I 21656 21656] (gcs_server) gcs_actor_manager.cc:319: Registered actor job_id=01000000 actor_id=8248e19d251e2f2d677b394b01000000
[2026-05-26 17:29:40,629 I 21656 21656] (gcs_server) gcs_actor_manager.cc:315: Registering actor job_id=01000000 actor_id=bfddf2248347a50fe3a1370101000000
[2026-05-26 17:29:40,629 I 21656 21656] (gcs_server) gcs_actor_manager.cc:434: Creating actor job_id=01000000 actor_id=742d646c3fb52144a1fb1b5f01000000
[2026-05-26 17:29:40,629 I 21656 21656] (gcs_server) gcs_actor_scheduler.cc:239: Leasing worker for actor. actor_id=742d646c3fb52144a1fb1b5f01000000 job_id=01000000 node_id=82a92378f944840657eca49978be6876cf30dbb75ee1a97392ece67d
[2026-05-26 17:29:40,629 I 21656 21656] (gcs_server) gcs_actor_manager.cc:319: Registered actor job_id=01000000 actor_id=bfddf2248347a50fe3a1370101000000
[2026-05-26 17:29:40,629 I 21656 21656] (gcs_server) gcs_actor_manager.cc:434: Creating actor job_id=01000000 actor_id=8248e19d251e2f2d677b394b01000000
[2026-05-26 17:29:40,629 I 21656 21656] (gcs_server) gcs_actor_scheduler.cc:239: Leasing worker for actor. actor_id=8248e19d251e2f2d677b394b01000000 job_id=01000000 node_id=82a92378f944840657eca49978be6876cf30dbb75ee1a97392ece67d
[2026-05-26 17:29:40,629 I 21656 21656] (gcs_server) gcs_actor_manager.cc:315: Registering actor job_id=01000000 actor_id=9e567e7c930d62d18e4b6f7a01000000
[2026-05-26 17:29:40,629 I 21656 21656] (gcs_server) gcs_actor_manager.cc:319: Registered actor job_id=01000000 actor_id=9e567e7c930d62d18e4b6f7a01000000
[2026-05-26 17:29:40,629 I 21656 21656] (gcs_server) gcs_actor_manager.cc:434: Creating actor job_id=01000000 actor_id=bfddf2248347a50fe3a1370101000000
[2026-05-26 17:29:40,629 I 21656 21656] (gcs_server) gcs_actor_scheduler.cc:239: Leasing worker for actor. actor_id=bfddf2248347a50fe3a1370101000000 job_id=01000000 node_id=82a92378f944840657eca49978be6876cf30dbb75ee1a97392ece67d
[2026-05-26 17:29:40,630 I 21656 21656] (gcs_server) gcs_actor_manager.cc:315: Registering actor job_id=01000000 actor_id=0b7653502066a80132e5a8fb01000000
[2026-05-26 17:29:40,630 I 21656 21656] (gcs_server) gcs_actor_manager.cc:434: Creating actor job_id=01000000 actor_id=9e567e7c930d62d18e4b6f7a01000000
[2026-05-26 17:29:40,630 I 21656 21656] (gcs_server) gcs_actor_scheduler.cc:239: Leasing worker for actor. actor_id=9e567e7c930d62d18e4b6f7a01000000 job_id=01000000 node_id=82a92378f944840657eca49978be6876cf30dbb75ee1a97392ece67d
[2026-05-26 17:29:40,630 I 21656 21656] (gcs_server) gcs_actor_manager.cc:315: Registering actor job_id=01000000 actor_id=8f05d70e7651563ace06fb7b01000000
[2026-05-26 17:29:40,630 I 21656 21656] (gcs_server) gcs_actor_manager.cc:319: Registered actor job_id=01000000 actor_id=0b7653502066a80132e5a8fb01000000
[2026-05-26 17:29:40,630 I 21656 21656] (gcs_server) gcs_actor_manager.cc:319: Registered actor job_id=01000000 actor_id=8f05d70e7651563ace06fb7b01000000
[2026-05-26 17:29:40,630 I 21656 21656] (gcs_server) gcs_actor_manager.cc:315: Registering actor job_id=01000000 actor_id=417c453b723efa9d02ea3e0701000000
[2026-05-26 17:29:40,630 I 21656 21656] (gcs_server) gcs_actor_manager.cc:434: Creating actor job_id=01000000 actor_id=0b7653502066a80132e5a8fb01000000
[2026-05-26 17:29:40,631 I 21656 21656] (gcs_server) gcs_actor_scheduler.cc:239: Leasing worker for actor. actor_id=0b7653502066a80132e5a8fb01000000 job_id=01000000 node_id=82a92378f944840657eca49978be6876cf30dbb75ee1a97392ece67d
[2026-05-26 17:29:40,631 I 21656 21656] (gcs_server) gcs_actor_manager.cc:434: Creating actor job_id=01000000 actor_id=8f05d70e7651563ace06fb7b01000000
[2026-05-26 17:29:40,631 I 21656 21656] (gcs_server) gcs_actor_scheduler.cc:239: Leasing worker for actor. actor_id=8f05d70e7651563ace06fb7b01000000 job_id=01000000 node_id=82a92378f944840657eca49978be6876cf30dbb75ee1a97392ece67d
[2026-05-26 17:29:40,631 I 21656 21656] (gcs_server) gcs_actor_manager.cc:315: Registering actor job_id=01000000 actor_id=e9ea8dbb1c69f4f85e980f0d01000000
[2026-05-26 17:29:40,631 I 21656 21656] (gcs_server) gcs_actor_manager.cc:319: Registered actor job_id=01000000 actor_id=417c453b723efa9d02ea3e0701000000
[2026-05-26 17:29:40,631 I 21656 21656] (gcs_server) gcs_actor_manager.cc:319: Registered actor job_id=01000000 actor_id=e9ea8dbb1c69f4f85e980f0d01000000
[2026-05-26 17:29:40,631 I 21656 21656] (gcs_server) gcs_actor_manager.cc:315: Registering actor job_id=01000000 actor_id=8aa4ada8c409c1c1c5ab308001000000
[2026-05-26 17:29:40,631 I 21656 21656] (gcs_server) gcs_actor_manager.cc:319: Registered actor job_id=01000000 actor_id=8aa4ada8c409c1c1c5ab308001000000
[2026-05-26 17:29:40,631 I 21656 21656] (gcs_server) gcs_actor_manager.cc:434: Creating actor job_id=01000000 actor_id=417c453b723efa9d02ea3e0701000000
[2026-05-26 17:29:40,631 I 21656 21656] (gcs_server) gcs_actor_scheduler.cc:239: Leasing worker for actor. actor_id=417c453b723efa9d02ea3e0701000000 job_id=01000000 node_id=82a92378f944840657eca49978be6876cf30dbb75ee1a97392ece67d
[2026-05-26 17:29:40,632 I 21656 21656] (gcs_server) gcs_actor_manager.cc:434: Creating actor job_id=01000000 actor_id=e9ea8dbb1c69f4f85e980f0d01000000
[2026-05-26 17:29:40,632 I 21656 21656] (gcs_server) gcs_actor_scheduler.cc:239: Leasing worker for actor. actor_id=e9ea8dbb1c69f4f85e980f0d01000000 job_id=01000000 node_id=82a92378f944840657eca49978be6876cf30dbb75ee1a97392ece67d
[2026-05-26 17:29:40,632 I 21656 21656] (gcs_server) gcs_actor_manager.cc:434: Creating actor job_id=01000000 actor_id=8aa4ada8c409c1c1c5ab308001000000
[2026-05-26 17:29:40,632 I 21656 21656] (gcs_server) gcs_actor_scheduler.cc:239: Leasing worker for actor. actor_id=8aa4ada8c409c1c1c5ab308001000000 job_id=01000000 node_id=82a92378f944840657eca49978be6876cf30dbb75ee1a97392ece67d
[2026-05-26 17:29:40,632 I 21656 21656] (gcs_server) gcs_actor_manager.cc:315: Registering actor job_id=01000000 actor_id=c909236997f3b377e3ad776601000000
[2026-05-26 17:29:40,632 I 21656 21656] (gcs_server) gcs_actor_manager.cc:319: Registered actor job_id=01000000 actor_id=c909236997f3b377e3ad776601000000
[2026-05-26 17:29:40,632 I 21656 21656] (gcs_server) gcs_actor_manager.cc:315: Registering actor job_id=01000000 actor_id=0a00fd873e9761bc1ff9ccce01000000
[2026-05-26 17:29:40,632 I 21656 21656] (gcs_server) gcs_actor_manager.cc:319: Registered actor job_id=01000000 actor_id=0a00fd873e9761bc1ff9ccce01000000
[2026-05-26 17:29:40,632 I 21656 21656] (gcs_server) gcs_actor_manager.cc:434: Creating actor job_id=01000000 actor_id=c909236997f3b377e3ad776601000000
[2026-05-26 17:29:40,632 I 21656 21656] (gcs_server) gcs_actor_scheduler.cc:239: Leasing worker for actor. actor_id=c909236997f3b377e3ad776601000000 job_id=01000000 node_id=82a92378f944840657eca49978be6876cf30dbb75ee1a97392ece67d
[2026-05-26 17:29:40,633 I 21656 21656] (gcs_server) gcs_actor_manager.cc:315: Registering actor job_id=01000000 actor_id=b3c82d3a89257f74d18a664b01000000
[2026-05-26 17:29:40,633 I 21656 21656] (gcs_server) gcs_actor_manager.cc:434: Creating actor job_id=01000000 actor_id=0a00fd873e9761bc1ff9ccce01000000
[2026-05-26 17:29:40,633 I 21656 21656] (gcs_server) gcs_actor_scheduler.cc:239: Leasing worker for actor. actor_id=0a00fd873e9761bc1ff9ccce01000000 job_id=01000000 node_id=82a92378f944840657eca49978be6876cf30dbb75ee1a97392ece67d
[2026-05-26 17:29:40,633 I 21656 21656] (gcs_server) gcs_actor_manager.cc:315: Registering actor job_id=01000000 actor_id=ea8c1c1c0d47120f02c7c46f01000000
[2026-05-26 17:29:40,633 I 21656 21656] (gcs_server) gcs_actor_manager.cc:319: Registered actor job_id=01000000 actor_id=b3c82d3a89257f74d18a664b01000000
[2026-05-26 17:29:40,633 I 21656 21656] (gcs_server) gcs_actor_manager.cc:319: Registered actor job_id=01000000 actor_id=ea8c1c1c0d47120f02c7c46f01000000
[2026-05-26 17:29:40,633 I 21656 21656] (gcs_server) gcs_actor_manager.cc:434: Creating actor job_id=01000000 actor_id=b3c82d3a89257f74d18a664b01000000
[2026-05-26 17:29:40,633 I 21656 21656] (gcs_server) gcs_actor_scheduler.cc:239: Leasing worker for actor. actor_id=b3c82d3a89257f74d18a664b01000000 job_id=01000000 node_id=82a92378f944840657eca49978be6876cf30dbb75ee1a97392ece67d
[2026-05-26 17:29:40,634 I 21656 21656] (gcs_server) gcs_actor_manager.cc:434: Creating actor job_id=01000000 actor_id=ea8c1c1c0d47120f02c7c46f01000000
[2026-05-26 17:29:40,634 I 21656 21656] (gcs_server) gcs_actor_scheduler.cc:239: Leasing worker for actor. actor_id=ea8c1c1c0d47120f02c7c46f01000000 job_id=01000000 node_id=82a92378f944840657eca49978be6876cf30dbb75ee1a97392ece67d
[2026-05-26 17:29:47,325 I 21656 21656] (gcs_server) gcs_actor_scheduler.cc:583: Finished leasing worker from 82a92378f944840657eca49978be6876cf30dbb75ee1a97392ece67d for actor 71692238e8ca9d603a459d4b01000000, job id = 01000000
[2026-05-26 17:29:47,325 I 21656 21656] (gcs_server) gcs_actor_scheduler.cc:385: Submitting actor creation task to worker. actor_id=71692238e8ca9d603a459d4b01000000 worker_id=7acc857d973cb68369622e109535b77eb8d398421a40bb82a8b0343c node_id=82a92378f944840657eca49978be6876cf30dbb75ee1a97392ece67d job_id=01000000
[2026-05-26 17:29:47,346 I 21656 21656] (gcs_server) gcs_actor_scheduler.cc:583: Finished leasing worker from 82a92378f944840657eca49978be6876cf30dbb75ee1a97392ece67d for actor 3bbd54df6f2d71e3a941222701000000, job id = 01000000
[2026-05-26 17:29:47,347 I 21656 21656] (gcs_server) gcs_actor_scheduler.cc:385: Submitting actor creation task to worker. actor_id=3bbd54df6f2d71e3a941222701000000 worker_id=ec5fa18de42a9a9f5a5e79a252a0751d52f654951917d73d58003f72 node_id=82a92378f944840657eca49978be6876cf30dbb75ee1a97392ece67d job_id=01000000
[2026-05-26 17:29:47,348 I 21656 21656] (gcs_server) gcs_actor_scheduler.cc:583: Finished leasing worker from 82a92378f944840657eca49978be6876cf30dbb75ee1a97392ece67d for actor db33a8437c147927b2133a5501000000, job id = 01000000
[2026-05-26 17:29:47,348 I 21656 21656] (gcs_server) gcs_actor_scheduler.cc:385: Submitting actor creation task to worker. actor_id=db33a8437c147927b2133a5501000000 worker_id=5569daf5bfdaadccdd91653f1cc8d7164dd8acb98d5a6a5b50028d5a node_id=82a92378f944840657eca49978be6876cf30dbb75ee1a97392ece67d job_id=01000000
[2026-05-26 17:29:47,372 I 21656 21656] (gcs_server) gcs_actor_scheduler.cc:583: Finished leasing worker from 82a92378f944840657eca49978be6876cf30dbb75ee1a97392ece67d for actor 742d646c3fb52144a1fb1b5f01000000, job id = 01000000
[2026-05-26 17:29:47,372 I 21656 21656] (gcs_server) gcs_actor_scheduler.cc:385: Submitting actor creation task to worker. actor_id=742d646c3fb52144a1fb1b5f01000000 worker_id=d5e1ccc26b845ed60411903d5d075378ae012de4e3a32f23b2f9de5a node_id=82a92378f944840657eca49978be6876cf30dbb75ee1a97392ece67d job_id=01000000
[2026-05-26 17:29:47,376 I 21656 21656] (gcs_server) gcs_actor_scheduler.cc:583: Finished leasing worker from 82a92378f944840657eca49978be6876cf30dbb75ee1a97392ece67d for actor 8248e19d251e2f2d677b394b01000000, job id = 01000000
[2026-05-26 17:29:47,376 I 21656 21656] (gcs_server) gcs_actor_scheduler.cc:385: Submitting actor creation task to worker. actor_id=8248e19d251e2f2d677b394b01000000 worker_id=ab5eac6b0d3ef06479efe78cfcd71c6e9bf183d387aab2bc6b3f4ec2 node_id=82a92378f944840657eca49978be6876cf30dbb75ee1a97392ece67d job_id=01000000
[2026-05-26 17:29:47,441 I 21656 21656] (gcs_server) gcs_actor_scheduler.cc:424: Actor creation task succeeded. actor_id=71692238e8ca9d603a459d4b01000000 worker_id=7acc857d973cb68369622e109535b77eb8d398421a40bb82a8b0343c job_id=01000000 node_id=82a92378f944840657eca49978be6876cf30dbb75ee1a97392ece67d
[2026-05-26 17:29:47,441 I 21656 21656] (gcs_server) gcs_actor_manager.cc:1657: Actor created successfully job_id=01000000 actor_id=71692238e8ca9d603a459d4b01000000
[2026-05-26 17:29:47,441 I 21656 21656] (gcs_server) gcs_actor_manager.cc:449: Finished creating actor. Status: OK job_id=01000000 actor_id=71692238e8ca9d603a459d4b01000000
[2026-05-26 17:29:47,447 I 21656 21656] (gcs_server) gcs_actor_scheduler.cc:583: Finished leasing worker from 82a92378f944840657eca49978be6876cf30dbb75ee1a97392ece67d for actor bfddf2248347a50fe3a1370101000000, job id = 01000000
[2026-05-26 17:29:47,447 I 21656 21656] (gcs_server) gcs_actor_scheduler.cc:385: Submitting actor creation task to worker. actor_id=bfddf2248347a50fe3a1370101000000 worker_id=99c488fb1b945a29dacfd11b2ea1e4a257840191d02a68cca486fa3e node_id=82a92378f944840657eca49978be6876cf30dbb75ee1a97392ece67d job_id=01000000
[2026-05-26 17:29:47,448 I 21656 21656] (gcs_server) gcs_actor_scheduler.cc:583: Finished leasing worker from 82a92378f944840657eca49978be6876cf30dbb75ee1a97392ece67d for actor 9e567e7c930d62d18e4b6f7a01000000, job id = 01000000
[2026-05-26 17:29:47,449 I 21656 21656] (gcs_server) gcs_actor_scheduler.cc:385: Submitting actor creation task to worker. actor_id=9e567e7c930d62d18e4b6f7a01000000 worker_id=49fd9e580c80e7ea98edbe8f170217b52d5ea712aa204804dbe5d839 node_id=82a92378f944840657eca49978be6876cf30dbb75ee1a97392ece67d job_id=01000000
[2026-05-26 17:29:47,464 I 21656 21656] (gcs_server) gcs_actor_scheduler.cc:424: Actor creation task succeeded. actor_id=db33a8437c147927b2133a5501000000 worker_id=5569daf5bfdaadccdd91653f1cc8d7164dd8acb98d5a6a5b50028d5a job_id=01000000 node_id=82a92378f944840657eca49978be6876cf30dbb75ee1a97392ece67d
[2026-05-26 17:29:47,464 I 21656 21656] (gcs_server) gcs_actor_manager.cc:1657: Actor created successfully job_id=01000000 actor_id=db33a8437c147927b2133a5501000000
[2026-05-26 17:29:47,464 I 21656 21656] (gcs_server) gcs_actor_scheduler.cc:583: Finished leasing worker from 82a92378f944840657eca49978be6876cf30dbb75ee1a97392ece67d for actor 0b7653502066a80132e5a8fb01000000, job id = 01000000
[2026-05-26 17:29:47,464 I 21656 21656] (gcs_server) gcs_actor_scheduler.cc:424: Actor creation task succeeded. actor_id=3bbd54df6f2d71e3a941222701000000 worker_id=ec5fa18de42a9a9f5a5e79a252a0751d52f654951917d73d58003f72 job_id=01000000 node_id=82a92378f944840657eca49978be6876cf30dbb75ee1a97392ece67d
[2026-05-26 17:29:47,464 I 21656 21656] (gcs_server) gcs_actor_manager.cc:1657: Actor created successfully job_id=01000000 actor_id=3bbd54df6f2d71e3a941222701000000
[2026-05-26 17:29:47,464 I 21656 21656] (gcs_server) gcs_actor_scheduler.cc:583: Finished leasing worker from 82a92378f944840657eca49978be6876cf30dbb75ee1a97392ece67d for actor 8f05d70e7651563ace06fb7b01000000, job id = 01000000
[2026-05-26 17:29:47,464 I 21656 21656] (gcs_server) gcs_actor_scheduler.cc:583: Finished leasing worker from 82a92378f944840657eca49978be6876cf30dbb75ee1a97392ece67d for actor ea8c1c1c0d47120f02c7c46f01000000, job id = 01000000
[2026-05-26 17:29:47,464 I 21656 21656] (gcs_server) gcs_actor_manager.cc:449: Finished creating actor. Status: OK job_id=01000000 actor_id=db33a8437c147927b2133a5501000000
[2026-05-26 17:29:47,464 I 21656 21656] (gcs_server) gcs_actor_scheduler.cc:385: Submitting actor creation task to worker. actor_id=0b7653502066a80132e5a8fb01000000 worker_id=65594b3a496026593118ee6bc8cc576caec4389b364c2cab6b2794a0 node_id=82a92378f944840657eca49978be6876cf30dbb75ee1a97392ece67d job_id=01000000
[2026-05-26 17:29:47,465 I 21656 21656] (gcs_server) gcs_actor_manager.cc:449: Finished creating actor. Status: OK job_id=01000000 actor_id=3bbd54df6f2d71e3a941222701000000
[2026-05-26 17:29:47,465 I 21656 21656] (gcs_server) gcs_actor_scheduler.cc:385: Submitting actor creation task to worker. actor_id=8f05d70e7651563ace06fb7b01000000 worker_id=af5f8387fbd755360922ebc1f60e5f036efb664fe831da23124b0eb8 node_id=82a92378f944840657eca49978be6876cf30dbb75ee1a97392ece67d job_id=01000000
[2026-05-26 17:29:47,465 I 21656 21656] (gcs_server) gcs_actor_scheduler.cc:385: Submitting actor creation task to worker. actor_id=ea8c1c1c0d47120f02c7c46f01000000 worker_id=88559fe7ca68337a12ec12bde67c239c148a6a4a8fe8f4ab4ac690df node_id=82a92378f944840657eca49978be6876cf30dbb75ee1a97392ece67d job_id=01000000
[2026-05-26 17:29:47,474 I 21656 21656] (gcs_server) gcs_actor_scheduler.cc:424: Actor creation task succeeded. actor_id=8248e19d251e2f2d677b394b01000000 worker_id=ab5eac6b0d3ef06479efe78cfcd71c6e9bf183d387aab2bc6b3f4ec2 job_id=01000000 node_id=82a92378f944840657eca49978be6876cf30dbb75ee1a97392ece67d
[2026-05-26 17:29:47,474 I 21656 21656] (gcs_server) gcs_actor_manager.cc:1657: Actor created successfully job_id=01000000 actor_id=8248e19d251e2f2d677b394b01000000
[2026-05-26 17:29:47,474 I 21656 21656] (gcs_server) gcs_actor_manager.cc:449: Finished creating actor. Status: OK job_id=01000000 actor_id=8248e19d251e2f2d677b394b01000000
[2026-05-26 17:29:47,491 I 21656 21656] (gcs_server) gcs_actor_scheduler.cc:424: Actor creation task succeeded. actor_id=742d646c3fb52144a1fb1b5f01000000 worker_id=d5e1ccc26b845ed60411903d5d075378ae012de4e3a32f23b2f9de5a job_id=01000000 node_id=82a92378f944840657eca49978be6876cf30dbb75ee1a97392ece67d
[2026-05-26 17:29:47,491 I 21656 21656] (gcs_server) gcs_actor_manager.cc:1657: Actor created successfully job_id=01000000 actor_id=742d646c3fb52144a1fb1b5f01000000
[2026-05-26 17:29:47,492 I 21656 21656] (gcs_server) gcs_actor_manager.cc:449: Finished creating actor. Status: OK job_id=01000000 actor_id=742d646c3fb52144a1fb1b5f01000000
[2026-05-26 17:29:47,497 I 21656 21656] (gcs_server) gcs_actor_scheduler.cc:583: Finished leasing worker from 82a92378f944840657eca49978be6876cf30dbb75ee1a97392ece67d for actor b3c82d3a89257f74d18a664b01000000, job id = 01000000
[2026-05-26 17:29:47,497 I 21656 21656] (gcs_server) gcs_actor_scheduler.cc:385: Submitting actor creation task to worker. actor_id=b3c82d3a89257f74d18a664b01000000 worker_id=b471ced0962699242a546fac789929fbb5dba916fb777b7de3a0e362 node_id=82a92378f944840657eca49978be6876cf30dbb75ee1a97392ece67d job_id=01000000
[2026-05-26 17:29:47,501 I 21656 21656] (gcs_server) gcs_actor_scheduler.cc:583: Finished leasing worker from 82a92378f944840657eca49978be6876cf30dbb75ee1a97392ece67d for actor 0a00fd873e9761bc1ff9ccce01000000, job id = 01000000
[2026-05-26 17:29:47,501 I 21656 21656] (gcs_server) gcs_actor_scheduler.cc:385: Submitting actor creation task to worker. actor_id=0a00fd873e9761bc1ff9ccce01000000 worker_id=7bcbfa6d337163d02996667b7ba6bfa3b8d2d7e52ab4cdf031de82f4 node_id=82a92378f944840657eca49978be6876cf30dbb75ee1a97392ece67d job_id=01000000
[2026-05-26 17:29:47,503 I 21656 21656] (gcs_server) gcs_actor_scheduler.cc:583: Finished leasing worker from 82a92378f944840657eca49978be6876cf30dbb75ee1a97392ece67d for actor c909236997f3b377e3ad776601000000, job id = 01000000
[2026-05-26 17:29:47,504 I 21656 21656] (gcs_server) gcs_actor_scheduler.cc:385: Submitting actor creation task to worker. actor_id=c909236997f3b377e3ad776601000000 worker_id=3c21cfbbea7b9bf54a5689fd386bf38ef1a41987ddb9f9355770062b node_id=82a92378f944840657eca49978be6876cf30dbb75ee1a97392ece67d job_id=01000000
[2026-05-26 17:29:47,506 I 21656 21656] (gcs_server) gcs_actor_scheduler.cc:583: Finished leasing worker from 82a92378f944840657eca49978be6876cf30dbb75ee1a97392ece67d for actor 8aa4ada8c409c1c1c5ab308001000000, job id = 01000000
[2026-05-26 17:29:47,506 I 21656 21656] (gcs_server) gcs_actor_scheduler.cc:583: Finished leasing worker from 82a92378f944840657eca49978be6876cf30dbb75ee1a97392ece67d for actor e9ea8dbb1c69f4f85e980f0d01000000, job id = 01000000
[2026-05-26 17:29:47,506 I 21656 21656] (gcs_server) gcs_actor_scheduler.cc:385: Submitting actor creation task to worker. actor_id=8aa4ada8c409c1c1c5ab308001000000 worker_id=d9e6b4a1db34e7ba637bc9669420817c0fcdcf68929ffe16b9ddd4aa node_id=82a92378f944840657eca49978be6876cf30dbb75ee1a97392ece67d job_id=01000000
[2026-05-26 17:29:47,507 I 21656 21656] (gcs_server) gcs_actor_scheduler.cc:385: Submitting actor creation task to worker. actor_id=e9ea8dbb1c69f4f85e980f0d01000000 worker_id=d90d558e0f124916995cca3a1adb04e1eaebf8826b18a1aeea78f787 node_id=82a92378f944840657eca49978be6876cf30dbb75ee1a97392ece67d job_id=01000000
[2026-05-26 17:29:47,520 I 21656 21656] (gcs_server) gcs_actor_scheduler.cc:583: Finished leasing worker from 82a92378f944840657eca49978be6876cf30dbb75ee1a97392ece67d for actor 417c453b723efa9d02ea3e0701000000, job id = 01000000
[2026-05-26 17:29:47,521 I 21656 21656] (gcs_server) gcs_actor_scheduler.cc:385: Submitting actor creation task to worker. actor_id=417c453b723efa9d02ea3e0701000000 worker_id=69570fb7929f0b7317233a988cd8159fe9d9d4e2c57fc8bd30e6e246 node_id=82a92378f944840657eca49978be6876cf30dbb75ee1a97392ece67d job_id=01000000
[2026-05-26 17:29:47,553 I 21656 21656] (gcs_server) gcs_actor_scheduler.cc:424: Actor creation task succeeded. actor_id=bfddf2248347a50fe3a1370101000000 worker_id=99c488fb1b945a29dacfd11b2ea1e4a257840191d02a68cca486fa3e job_id=01000000 node_id=82a92378f944840657eca49978be6876cf30dbb75ee1a97392ece67d
[2026-05-26 17:29:47,553 I 21656 21656] (gcs_server) gcs_actor_manager.cc:1657: Actor created successfully job_id=01000000 actor_id=bfddf2248347a50fe3a1370101000000
[2026-05-26 17:29:47,553 I 21656 21656] (gcs_server) gcs_actor_manager.cc:449: Finished creating actor. Status: OK job_id=01000000 actor_id=bfddf2248347a50fe3a1370101000000
[2026-05-26 17:29:47,570 I 21656 21656] (gcs_server) gcs_actor_scheduler.cc:424: Actor creation task succeeded. actor_id=0b7653502066a80132e5a8fb01000000 worker_id=65594b3a496026593118ee6bc8cc576caec4389b364c2cab6b2794a0 job_id=01000000 node_id=82a92378f944840657eca49978be6876cf30dbb75ee1a97392ece67d
[2026-05-26 17:29:47,570 I 21656 21656] (gcs_server) gcs_actor_manager.cc:1657: Actor created successfully job_id=01000000 actor_id=0b7653502066a80132e5a8fb01000000
[2026-05-26 17:29:47,571 I 21656 21656] (gcs_server) gcs_actor_manager.cc:449: Finished creating actor. Status: OK job_id=01000000 actor_id=0b7653502066a80132e5a8fb01000000
[2026-05-26 17:29:47,571 I 21656 21656] (gcs_server) gcs_actor_scheduler.cc:424: Actor creation task succeeded. actor_id=8f05d70e7651563ace06fb7b01000000 worker_id=af5f8387fbd755360922ebc1f60e5f036efb664fe831da23124b0eb8 job_id=01000000 node_id=82a92378f944840657eca49978be6876cf30dbb75ee1a97392ece67d
[2026-05-26 17:29:47,571 I 21656 21656] (gcs_server) gcs_actor_manager.cc:1657: Actor created successfully job_id=01000000 actor_id=8f05d70e7651563ace06fb7b01000000
[2026-05-26 17:29:47,571 I 21656 21656] (gcs_server) gcs_actor_manager.cc:449: Finished creating actor. Status: OK job_id=01000000 actor_id=8f05d70e7651563ace06fb7b01000000
[2026-05-26 17:29:47,575 I 21656 21656] (gcs_server) gcs_actor_scheduler.cc:424: Actor creation task succeeded. actor_id=ea8c1c1c0d47120f02c7c46f01000000 worker_id=88559fe7ca68337a12ec12bde67c239c148a6a4a8fe8f4ab4ac690df job_id=01000000 node_id=82a92378f944840657eca49978be6876cf30dbb75ee1a97392ece67d
[2026-05-26 17:29:47,575 I 21656 21656] (gcs_server) gcs_actor_manager.cc:1657: Actor created successfully job_id=01000000 actor_id=ea8c1c1c0d47120f02c7c46f01000000
[2026-05-26 17:29:47,576 I 21656 21656] (gcs_server) gcs_actor_manager.cc:449: Finished creating actor. Status: OK job_id=01000000 actor_id=ea8c1c1c0d47120f02c7c46f01000000
[2026-05-26 17:29:47,577 I 21656 21656] (gcs_server) gcs_actor_scheduler.cc:424: Actor creation task succeeded. actor_id=9e567e7c930d62d18e4b6f7a01000000 worker_id=49fd9e580c80e7ea98edbe8f170217b52d5ea712aa204804dbe5d839 job_id=01000000 node_id=82a92378f944840657eca49978be6876cf30dbb75ee1a97392ece67d
[2026-05-26 17:29:47,577 I 21656 21656] (gcs_server) gcs_actor_manager.cc:1657: Actor created successfully job_id=01000000 actor_id=9e567e7c930d62d18e4b6f7a01000000
[2026-05-26 17:29:47,577 I 21656 21656] (gcs_server) gcs_actor_manager.cc:449: Finished creating actor. Status: OK job_id=01000000 actor_id=9e567e7c930d62d18e4b6f7a01000000
[2026-05-26 17:29:47,604 I 21656 21656] (gcs_server) gcs_actor_scheduler.cc:424: Actor creation task succeeded. actor_id=b3c82d3a89257f74d18a664b01000000 worker_id=b471ced0962699242a546fac789929fbb5dba916fb777b7de3a0e362 job_id=01000000 node_id=82a92378f944840657eca49978be6876cf30dbb75ee1a97392ece67d
[2026-05-26 17:29:47,605 I 21656 21656] (gcs_server) gcs_actor_manager.cc:1657: Actor created successfully job_id=01000000 actor_id=b3c82d3a89257f74d18a664b01000000
[2026-05-26 17:29:47,605 I 21656 21656] (gcs_server) gcs_actor_manager.cc:449: Finished creating actor. Status: OK job_id=01000000 actor_id=b3c82d3a89257f74d18a664b01000000
[2026-05-26 17:29:47,609 I 21656 21656] (gcs_server) gcs_actor_scheduler.cc:424: Actor creation task succeeded. actor_id=0a00fd873e9761bc1ff9ccce01000000 worker_id=7bcbfa6d337163d02996667b7ba6bfa3b8d2d7e52ab4cdf031de82f4 job_id=01000000 node_id=82a92378f944840657eca49978be6876cf30dbb75ee1a97392ece67d
[2026-05-26 17:29:47,609 I 21656 21656] (gcs_server) gcs_actor_manager.cc:1657: Actor created successfully job_id=01000000 actor_id=0a00fd873e9761bc1ff9ccce01000000
[2026-05-26 17:29:47,609 I 21656 21656] (gcs_server) gcs_actor_manager.cc:449: Finished creating actor. Status: OK job_id=01000000 actor_id=0a00fd873e9761bc1ff9ccce01000000
[2026-05-26 17:29:47,610 I 21656 21656] (gcs_server) gcs_actor_scheduler.cc:424: Actor creation task succeeded. actor_id=c909236997f3b377e3ad776601000000 worker_id=3c21cfbbea7b9bf54a5689fd386bf38ef1a41987ddb9f9355770062b job_id=01000000 node_id=82a92378f944840657eca49978be6876cf30dbb75ee1a97392ece67d
[2026-05-26 17:29:47,610 I 21656 21656] (gcs_server) gcs_actor_manager.cc:1657: Actor created successfully job_id=01000000 actor_id=c909236997f3b377e3ad776601000000
[2026-05-26 17:29:47,610 I 21656 21656] (gcs_server) gcs_actor_manager.cc:449: Finished creating actor. Status: OK job_id=01000000 actor_id=c909236997f3b377e3ad776601000000
[2026-05-26 17:29:47,611 I 21656 21656] (gcs_server) gcs_actor_scheduler.cc:424: Actor creation task succeeded. actor_id=e9ea8dbb1c69f4f85e980f0d01000000 worker_id=d90d558e0f124916995cca3a1adb04e1eaebf8826b18a1aeea78f787 job_id=01000000 node_id=82a92378f944840657eca49978be6876cf30dbb75ee1a97392ece67d
[2026-05-26 17:29:47,611 I 21656 21656] (gcs_server) gcs_actor_manager.cc:1657: Actor created successfully job_id=01000000 actor_id=e9ea8dbb1c69f4f85e980f0d01000000
[2026-05-26 17:29:47,611 I 21656 21656] (gcs_server) gcs_actor_manager.cc:449: Finished creating actor. Status: OK job_id=01000000 actor_id=e9ea8dbb1c69f4f85e980f0d01000000
[2026-05-26 17:29:47,611 I 21656 21656] (gcs_server) gcs_actor_scheduler.cc:424: Actor creation task succeeded. actor_id=8aa4ada8c409c1c1c5ab308001000000 worker_id=d9e6b4a1db34e7ba637bc9669420817c0fcdcf68929ffe16b9ddd4aa job_id=01000000 node_id=82a92378f944840657eca49978be6876cf30dbb75ee1a97392ece67d
[2026-05-26 17:29:47,611 I 21656 21656] (gcs_server) gcs_actor_manager.cc:1657: Actor created successfully job_id=01000000 actor_id=8aa4ada8c409c1c1c5ab308001000000
[2026-05-26 17:29:47,612 I 21656 21656] (gcs_server) gcs_actor_manager.cc:449: Finished creating actor. Status: OK job_id=01000000 actor_id=8aa4ada8c409c1c1c5ab308001000000
[2026-05-26 17:29:47,631 I 21656 21656] (gcs_server) gcs_actor_scheduler.cc:424: Actor creation task succeeded. actor_id=417c453b723efa9d02ea3e0701000000 worker_id=69570fb7929f0b7317233a988cd8159fe9d9d4e2c57fc8bd30e6e246 job_id=01000000 node_id=82a92378f944840657eca49978be6876cf30dbb75ee1a97392ece67d
[2026-05-26 17:29:47,631 I 21656 21656] (gcs_server) gcs_actor_manager.cc:1657: Actor created successfully job_id=01000000 actor_id=417c453b723efa9d02ea3e0701000000
[2026-05-26 17:29:47,631 I 21656 21656] (gcs_server) gcs_actor_manager.cc:449: Finished creating actor. Status: OK job_id=01000000 actor_id=417c453b723efa9d02ea3e0701000000
