2026-05-26 17:29:36,775	INFO log_monitor.py:168 -- Starting log monitor with [max open files=200], [is_autoscaler_v2=False]
2026-05-26 17:29:36,776	INFO log_monitor.py:290 -- Beginning to track file raylet.err
2026-05-26 17:29:36,776	INFO log_monitor.py:290 -- Beginning to track file monitor.log
2026-05-26 17:29:36,777	INFO log_monitor.py:290 -- Beginning to track file gcs_server.err
2026-05-26 17:29:40,501	INFO log_monitor.py:290 -- Beginning to track file worker-260dab19c494691b8df63fdd2145edf77fd48d18fc3108ca2523f3bf-ffffffff-21954.out
2026-05-26 17:29:40,501	INFO log_monitor.py:290 -- Beginning to track file worker-260dab19c494691b8df63fdd2145edf77fd48d18fc3108ca2523f3bf-ffffffff-21954.err
2026-05-26 17:29:40,502	INFO log_monitor.py:290 -- Beginning to track file worker-b2a11caddeec8798b4c8c8279d53bacb21c2677c5e0b796824834cd6-ffffffff-21952.out
2026-05-26 17:29:40,502	INFO log_monitor.py:290 -- Beginning to track file worker-b2a11caddeec8798b4c8c8279d53bacb21c2677c5e0b796824834cd6-ffffffff-21952.err
2026-05-26 17:29:40,603	INFO log_monitor.py:290 -- Beginning to track file worker-ea4bb2dccc3f157c56bf230eb608761637cbac5097b5c7467b6d9a27-ffffffff-21953.out
2026-05-26 17:29:40,603	INFO log_monitor.py:290 -- Beginning to track file worker-ea4bb2dccc3f157c56bf230eb608761637cbac5097b5c7467b6d9a27-ffffffff-21953.err
2026-05-26 17:29:40,603	INFO log_monitor.py:290 -- Beginning to track file worker-4a378d02c8ab6a1f220295c0e9c4ec5778b1a5c51a47646693ee21df-ffffffff-21959.out
2026-05-26 17:29:40,603	INFO log_monitor.py:290 -- Beginning to track file worker-4a378d02c8ab6a1f220295c0e9c4ec5778b1a5c51a47646693ee21df-ffffffff-21959.err
2026-05-26 17:29:40,603	INFO log_monitor.py:290 -- Beginning to track file worker-bb9a3f5ffa84a0f28d27dff3429a47dbef401f404146354bf763a258-ffffffff-21955.out
2026-05-26 17:29:40,603	INFO log_monitor.py:290 -- Beginning to track file worker-bb9a3f5ffa84a0f28d27dff3429a47dbef401f404146354bf763a258-ffffffff-21955.err
2026-05-26 17:29:40,603	INFO log_monitor.py:290 -- Beginning to track file worker-307af9a9bbcf40bc75e3edda2683c1f8b16916df36bad173b9d59a3a-ffffffff-21960.out
2026-05-26 17:29:40,603	INFO log_monitor.py:290 -- Beginning to track file worker-307af9a9bbcf40bc75e3edda2683c1f8b16916df36bad173b9d59a3a-ffffffff-21960.err
2026-05-26 17:29:40,603	INFO log_monitor.py:290 -- Beginning to track file worker-2923932c231f97904f8fb7a296a0897d0d7605ee50b80334d87118f8-ffffffff-21958.out
2026-05-26 17:29:40,603	INFO log_monitor.py:290 -- Beginning to track file worker-2923932c231f97904f8fb7a296a0897d0d7605ee50b80334d87118f8-ffffffff-21958.err
2026-05-26 17:29:40,603	INFO log_monitor.py:290 -- Beginning to track file worker-3e719390bbeab3dae2a1a62b6d6c7c7865121f2bdf023d64a81a79a6-ffffffff-21961.out
2026-05-26 17:29:40,604	INFO log_monitor.py:290 -- Beginning to track file worker-3e719390bbeab3dae2a1a62b6d6c7c7865121f2bdf023d64a81a79a6-ffffffff-21961.err
2026-05-26 17:29:40,604	INFO log_monitor.py:290 -- Beginning to track file worker-4796e955eb4ed551fee074a16841ba3ca94c08cdbcceafe360424603-ffffffff-21964.out
2026-05-26 17:29:40,604	INFO log_monitor.py:290 -- Beginning to track file worker-4796e955eb4ed551fee074a16841ba3ca94c08cdbcceafe360424603-ffffffff-21964.err
2026-05-26 17:29:40,604	INFO log_monitor.py:290 -- Beginning to track file worker-07678e030f130ec2c067f51dbba6b5bf474795db38a9dd64203ec85a-ffffffff-21956.out
2026-05-26 17:29:40,604	INFO log_monitor.py:290 -- Beginning to track file worker-07678e030f130ec2c067f51dbba6b5bf474795db38a9dd64203ec85a-ffffffff-21956.err
2026-05-26 17:29:40,604	INFO log_monitor.py:290 -- Beginning to track file worker-89babcd348cc3ddfc7a2219f0f7d968a15ddfec5298c594ba921d116-ffffffff-21966.out
2026-05-26 17:29:40,604	INFO log_monitor.py:290 -- Beginning to track file worker-00e0aee26d723924246c5cd982ce28467a5bfa133485784e7995ecd3-ffffffff-21957.out
2026-05-26 17:29:40,604	INFO log_monitor.py:290 -- Beginning to track file worker-89babcd348cc3ddfc7a2219f0f7d968a15ddfec5298c594ba921d116-ffffffff-21966.err
2026-05-26 17:29:40,604	INFO log_monitor.py:290 -- Beginning to track file worker-00e0aee26d723924246c5cd982ce28467a5bfa133485784e7995ecd3-ffffffff-21957.err
2026-05-26 17:29:40,604	INFO log_monitor.py:290 -- Beginning to track file worker-cb39df38aaae04052a8c81b4316e75b48cfa1078b80d2ecf59cfa563-ffffffff-21965.out
2026-05-26 17:29:40,604	INFO log_monitor.py:290 -- Beginning to track file worker-cb39df38aaae04052a8c81b4316e75b48cfa1078b80d2ecf59cfa563-ffffffff-21965.err
2026-05-26 17:29:40,604	INFO log_monitor.py:290 -- Beginning to track file worker-66c37be3de0b52fc18602849d85447b50d01c52afbb6c3d27db67e71-ffffffff-21967.out
2026-05-26 17:29:40,604	INFO log_monitor.py:290 -- Beginning to track file worker-66c37be3de0b52fc18602849d85447b50d01c52afbb6c3d27db67e71-ffffffff-21967.err
2026-05-26 17:29:40,604	INFO log_monitor.py:290 -- Beginning to track file worker-4b91093e9b29506198a686eb21055efb22616b5bfcef817e0c784fb4-ffffffff-21962.out
2026-05-26 17:29:40,604	INFO log_monitor.py:290 -- Beginning to track file worker-4b91093e9b29506198a686eb21055efb22616b5bfcef817e0c784fb4-ffffffff-21962.err
2026-05-26 17:29:40,604	INFO log_monitor.py:290 -- Beginning to track file worker-bc4cf3597d27ea9e1975eb9939bae136193e1c90cf513275dd5369ef-ffffffff-21963.out
2026-05-26 17:29:40,605	INFO log_monitor.py:290 -- Beginning to track file worker-bc4cf3597d27ea9e1975eb9939bae136193e1c90cf513275dd5369ef-ffffffff-21963.err
2026-05-26 17:29:47,394	INFO log_monitor.py:290 -- Beginning to track file worker-7acc857d973cb68369622e109535b77eb8d398421a40bb82a8b0343c-01000000-22715.out
2026-05-26 17:29:47,394	INFO log_monitor.py:290 -- Beginning to track file worker-7acc857d973cb68369622e109535b77eb8d398421a40bb82a8b0343c-01000000-22715.err
2026-05-26 17:29:47,394	INFO log_monitor.py:290 -- Beginning to track file worker-ec5fa18de42a9a9f5a5e79a252a0751d52f654951917d73d58003f72-01000000-22711.out
2026-05-26 17:29:47,394	INFO log_monitor.py:290 -- Beginning to track file worker-ec5fa18de42a9a9f5a5e79a252a0751d52f654951917d73d58003f72-01000000-22711.err
2026-05-26 17:29:47,395	INFO log_monitor.py:290 -- Beginning to track file worker-5569daf5bfdaadccdd91653f1cc8d7164dd8acb98d5a6a5b50028d5a-01000000-22712.out
2026-05-26 17:29:47,395	INFO log_monitor.py:290 -- Beginning to track file worker-5569daf5bfdaadccdd91653f1cc8d7164dd8acb98d5a6a5b50028d5a-01000000-22712.err
2026-05-26 17:29:47,395	INFO log_monitor.py:290 -- Beginning to track file worker-d5e1ccc26b845ed60411903d5d075378ae012de4e3a32f23b2f9de5a-01000000-22713.out
2026-05-26 17:29:47,395	INFO log_monitor.py:290 -- Beginning to track file worker-d5e1ccc26b845ed60411903d5d075378ae012de4e3a32f23b2f9de5a-01000000-22713.err
2026-05-26 17:29:47,395	INFO log_monitor.py:290 -- Beginning to track file worker-ab5eac6b0d3ef06479efe78cfcd71c6e9bf183d387aab2bc6b3f4ec2-01000000-22717.out
2026-05-26 17:29:47,395	INFO log_monitor.py:290 -- Beginning to track file worker-ab5eac6b0d3ef06479efe78cfcd71c6e9bf183d387aab2bc6b3f4ec2-01000000-22717.err
2026-05-26 17:29:47,497	INFO log_monitor.py:290 -- Beginning to track file worker-49fd9e580c80e7ea98edbe8f170217b52d5ea712aa204804dbe5d839-01000000-22724.out
2026-05-26 17:29:47,498	INFO log_monitor.py:290 -- Beginning to track file worker-99c488fb1b945a29dacfd11b2ea1e4a257840191d02a68cca486fa3e-01000000-22716.out
2026-05-26 17:29:47,498	INFO log_monitor.py:290 -- Beginning to track file worker-49fd9e580c80e7ea98edbe8f170217b52d5ea712aa204804dbe5d839-01000000-22724.err
2026-05-26 17:29:47,498	INFO log_monitor.py:290 -- Beginning to track file worker-99c488fb1b945a29dacfd11b2ea1e4a257840191d02a68cca486fa3e-01000000-22716.err
2026-05-26 17:29:47,498	INFO log_monitor.py:290 -- Beginning to track file worker-65594b3a496026593118ee6bc8cc576caec4389b364c2cab6b2794a0-01000000-22722.out
2026-05-26 17:29:47,498	INFO log_monitor.py:290 -- Beginning to track file worker-65594b3a496026593118ee6bc8cc576caec4389b364c2cab6b2794a0-01000000-22722.err
2026-05-26 17:29:47,498	INFO log_monitor.py:290 -- Beginning to track file worker-88559fe7ca68337a12ec12bde67c239c148a6a4a8fe8f4ab4ac690df-01000000-22721.out
2026-05-26 17:29:47,498	INFO log_monitor.py:290 -- Beginning to track file worker-88559fe7ca68337a12ec12bde67c239c148a6a4a8fe8f4ab4ac690df-01000000-22721.err
2026-05-26 17:29:47,499	INFO log_monitor.py:290 -- Beginning to track file worker-af5f8387fbd755360922ebc1f60e5f036efb664fe831da23124b0eb8-01000000-22718.out
2026-05-26 17:29:47,499	INFO log_monitor.py:290 -- Beginning to track file worker-af5f8387fbd755360922ebc1f60e5f036efb664fe831da23124b0eb8-01000000-22718.err
2026-05-26 17:29:47,499	INFO log_monitor.py:290 -- Beginning to track file worker-7bcbfa6d337163d02996667b7ba6bfa3b8d2d7e52ab4cdf031de82f4-01000000-22727.out
2026-05-26 17:29:47,499	INFO log_monitor.py:290 -- Beginning to track file worker-7bcbfa6d337163d02996667b7ba6bfa3b8d2d7e52ab4cdf031de82f4-01000000-22727.err
2026-05-26 17:29:47,499	INFO log_monitor.py:290 -- Beginning to track file worker-3c21cfbbea7b9bf54a5689fd386bf38ef1a41987ddb9f9355770062b-01000000-22725.out
2026-05-26 17:29:47,499	INFO log_monitor.py:290 -- Beginning to track file worker-b471ced0962699242a546fac789929fbb5dba916fb777b7de3a0e362-01000000-22726.out
2026-05-26 17:29:47,499	INFO log_monitor.py:290 -- Beginning to track file worker-3c21cfbbea7b9bf54a5689fd386bf38ef1a41987ddb9f9355770062b-01000000-22725.err
2026-05-26 17:29:47,499	INFO log_monitor.py:290 -- Beginning to track file worker-b471ced0962699242a546fac789929fbb5dba916fb777b7de3a0e362-01000000-22726.err
2026-05-26 17:29:47,499	INFO log_monitor.py:290 -- Beginning to track file worker-d90d558e0f124916995cca3a1adb04e1eaebf8826b18a1aeea78f787-01000000-22728.out
2026-05-26 17:29:47,500	INFO log_monitor.py:290 -- Beginning to track file worker-d90d558e0f124916995cca3a1adb04e1eaebf8826b18a1aeea78f787-01000000-22728.err
2026-05-26 17:29:47,500	INFO log_monitor.py:290 -- Beginning to track file worker-d9e6b4a1db34e7ba637bc9669420817c0fcdcf68929ffe16b9ddd4aa-01000000-22714.out
2026-05-26 17:29:47,500	INFO log_monitor.py:290 -- Beginning to track file worker-d9e6b4a1db34e7ba637bc9669420817c0fcdcf68929ffe16b9ddd4aa-01000000-22714.err
2026-05-26 17:29:47,500	INFO log_monitor.py:290 -- Beginning to track file worker-69570fb7929f0b7317233a988cd8159fe9d9d4e2c57fc8bd30e6e246-01000000-22723.out
2026-05-26 17:29:47,500	INFO log_monitor.py:290 -- Beginning to track file worker-69570fb7929f0b7317233a988cd8159fe9d9d4e2c57fc8bd30e6e246-01000000-22723.err
