[2026-05-26 17:29:40,501 I 21953 21953] core_worker_process.cc:795: Constructing CoreWorkerProcess. pid: 21953
[2026-05-26 17:29:40,506 I 21953 21953] event.cc:499: Ray Event initialized for CORE_WORKER
[2026-05-26 17:29:40,506 I 21953 21953] event.cc:499: Ray Event initialized for EXPORT_TASK
[2026-05-26 17:29:40,506 I 21953 21953] event.cc:332: Set ray event level to warning
[2026-05-26 17:29:40,508 I 21953 21953] grpc_server.cc:143: worker server started, listening on port 37027.
[2026-05-26 17:29:40,523 I 21953 21953] core_worker_process.cc:267: Initializing worker at address: 192.168.3.24:37027 worker_id=ea4bb2dccc3f157c56bf230eb608761637cbac5097b5c7467b6d9a27 node_id=82a92378f944840657eca49978be6876cf30dbb75ee1a97392ece67d
[2026-05-26 17:29:40,524 I 21953 21953] task_event_buffer.cc:564: Reporting task events to GCS every 1000ms.
[2026-05-26 17:29:40,526 I 21953 22120] core_worker.cc:457: Event stats:


Global stats: 6 total (4 active)
Queueing time: mean = 0.01ms, max = 0.02ms, min = 0.01ms, total = 0.03ms
Execution time:  mean = 0.00ms, total = 0.03ms
Event stats:
	PeriodicalRunner.RunFnPeriodically - 3 total (1 active, 1 running), Execution time: mean = 0.01ms, total = 0.03ms, Queueing time: mean = 0.01ms, max = 0.02ms, min = 0.01ms, total = 0.03ms
	ray::rpc::WorkerInfoGcsService.grpc_client.AddWorkerInfo - 1 total (1 active), Execution time: mean = 0.00ms, total = 0.00ms, Queueing time: mean = 0.00ms, max = -0.00ms, min = 9223372036854.78ms, total = 0.00ms
	CoreWorker.ExitIfParentRayletDies - 1 total (1 active), Execution time: mean = 0.00ms, total = 0.00ms, Queueing time: mean = 0.00ms, max = -0.00ms, min = 9223372036854.78ms, total = 0.00ms
	Publisher.CheckDeadSubscribers - 1 total (1 active), Execution time: mean = 0.00ms, total = 0.00ms, Queueing time: mean = 0.00ms, max = -0.00ms, min = 9223372036854.78ms, total = 0.00ms

-----------------
Task execution event stats:

Global stats: 0 total (0 active)
Queueing time: mean = -nanms, max = -0.00ms, min = 9223372036854.78ms, total = 0.00ms
Execution time:  mean = -nanms, total = 0.00ms
Event stats:

-----------------
Task Event stats:

IO Service Stats:

Global stats: 2 total (1 active)
Queueing time: mean = 0.04ms, max = 0.08ms, min = 0.08ms, total = 0.08ms
Execution time:  mean = 0.02ms, total = 0.04ms
Event stats:
	PeriodicalRunner.RunFnPeriodically - 1 total (0 active), Execution time: mean = 0.04ms, total = 0.04ms, Queueing time: mean = 0.08ms, max = 0.08ms, min = 0.08ms, total = 0.08ms
	CoreWorker.deadline_timer.flush_task_events - 1 total (1 active), Execution time: mean = 0.00ms, total = 0.00ms, Queueing time: mean = 0.00ms, max = -0.00ms, min = 9223372036854.78ms, total = 0.00ms
Other Stats:
	gcs_grpc_in_progress:0
	event_aggregator_grpc_in_progress:0
	current number of task status events in buffer: 0
	current number of profile events in buffer: 0
	current number of dropped task attempts tracked: 0
	total task events sent: 0 MiB
	total number of task attempts sent: 0
	total number of task attempts dropped reported: 0
	total number of sent failure: 0
	num status task events dropped: 0
	num profile task events dropped: 0
	num ray task events reported to aggregator: 0
	num ray task events failed to report to aggregator: 0
	num of task attempts dropped reported to aggregator: 0
	num of failed requests to aggregator: 0

[2026-05-26 17:29:40,527 I 21953 21953] core_worker.cc:517: Adjusted worker niceness to 15
[2026-05-26 17:29:40,527 I 21953 21953] core_worker_process.cc:860: Metrics agent not available. To enable metrics, install Ray with dashboard support: `pip install 'ray[default]'`.
[2026-05-26 17:29:41,570 I 21953 22120] core_worker_shutdown_executor.cc:252: Executing handle exit: INTENDED_SYSTEM_EXIT - Worker exited because it was idle for a long time (timeout: -1ms)
[2026-05-26 17:29:41,570 I 21953 22120] core_worker_shutdown_executor.cc:124: Executing worker exit: INTENDED_SYSTEM_EXIT - Worker exited because it was idle for a long time (timeout: 10000ms)
[2026-05-26 17:29:41,577 I 21953 21953] core_worker_shutdown_executor.cc:200: Wait for currently executing tasks in the underlying thread pools to finish.
[2026-05-26 17:29:41,577 I 21953 21953] core_worker_shutdown_executor.cc:230: Releasing local references, then draining reference counter.
[2026-05-26 17:29:41,804 I 21953 21953] core_worker_shutdown_executor.cc:286: Try killing all child processes of this worker as it exits. Child process pids: 
[2026-05-26 17:29:41,804 I 21953 21953] core_worker_shutdown_executor.cc:344: Sending disconnect message to the local raylet.
[2026-05-26 17:29:41,924 I 21953 21953] raylet_ipc_client.cc:133: RayletIpcClient::Disconnect, exit_type=INTENDED_SYSTEM_EXIT, exit_detail=Worker exited because it was idle for a long time, has creation_task_exception_pb_bytes=0
[2026-05-26 17:29:41,957 I 21953 21953] core_worker_shutdown_executor.cc:360: Disconnected from the local raylet.
[2026-05-26 17:29:41,957 I 21953 21953] task_event_buffer.cc:577: Shutting down TaskEventBuffer.
[2026-05-26 17:29:41,957 I 21953 22199] task_event_buffer.cc:543: Task event buffer io service stopped.
[2026-05-26 17:29:41,957 I 21953 22120] core_worker_process.cc:188: Core worker main io service stopped.
[2026-05-26 17:29:41,957 I 21953 21953] core_worker_shutdown_executor.cc:85: Waiting for joining a core worker io thread. If it hangs here, there might be deadlock or a high load in the core worker io service.
[2026-05-26 17:29:42,085 I 21953 21953] core_worker_shutdown_executor.cc:101: Disconnecting a GCS client.
[2026-05-26 17:29:42,085 I 21953 21953] core_worker_shutdown_executor.cc:108: Core worker ready to be deallocated.
[2026-05-26 17:29:42,085 I 21953 21953] core_worker_process.cc:971: Task execution loop terminated. Waiting for shutdown to complete...
[2026-05-26 17:29:42,085 I 21953 21953] core_worker_shutdown_executor.cc:42: Shutdown completed successfully
[2026-05-26 17:29:42,085 I 21953 21953] core_worker_process.cc:973: Shutdown complete. Removing the global worker.
[2026-05-26 17:29:42,085 I 21953 21953] core_worker_shutdown_executor.cc:42: Shutdown completed successfully
[2026-05-26 17:29:42,085 I 21953 21953] core_worker.cc:533: Core worker is destructed
[2026-05-26 17:29:42,983 I 21953 21953] core_worker_process.cc:1014: The core worker has already been shutdown. This happens when the language frontend accesses the Ray's worker after it is shutdown. The process will exit
