[2026-05-26 17:29:47,323 I 22712 22712] core_worker_process.cc:795: Constructing CoreWorkerProcess. pid: 22712
[2026-05-26 17:29:47,326 I 22712 22712] event.cc:499: Ray Event initialized for CORE_WORKER
[2026-05-26 17:29:47,326 I 22712 22712] event.cc:499: Ray Event initialized for EXPORT_TASK
[2026-05-26 17:29:47,326 I 22712 22712] event.cc:332: Set ray event level to warning
[2026-05-26 17:29:47,328 I 22712 22712] grpc_server.cc:143: worker server started, listening on port 41539.
[2026-05-26 17:29:47,344 I 22712 22712] core_worker_process.cc:267: Initializing worker at address: 192.168.3.24:41539 worker_id=5569daf5bfdaadccdd91653f1cc8d7164dd8acb98d5a6a5b50028d5a node_id=82a92378f944840657eca49978be6876cf30dbb75ee1a97392ece67d
[2026-05-26 17:29:47,345 I 22712 22712] task_event_buffer.cc:564: Reporting task events to GCS every 1000ms.
[2026-05-26 17:29:47,347 I 22712 22712] core_worker.cc:517: Adjusted worker niceness to 15
[2026-05-26 17:29:47,347 I 22712 22712] core_worker_process.cc:860: Metrics agent not available. To enable metrics, install Ray with dashboard support: `pip install 'ray[default]'`.
[2026-05-26 17:29:47,347 I 22712 22946] core_worker.cc:457: Event stats:


Global stats: 10 total (8 active)
Queueing time: mean = 0.02ms, max = 0.23ms, min = 0.01ms, total = 0.25ms
Execution time:  mean = 0.00ms, total = 0.03ms
Event stats:
	PeriodicalRunner.RunFnPeriodically - 7 total (5 active, 1 running), Execution time: mean = 0.00ms, total = 0.03ms, Queueing time: mean = 0.04ms, max = 0.23ms, min = 0.01ms, total = 0.25ms
	Publisher.CheckDeadSubscribers - 1 total (1 active), Execution time: mean = 0.00ms, total = 0.00ms, Queueing time: mean = 0.00ms, max = -0.00ms, min = 9223372036854.78ms, total = 0.00ms
	ray::rpc::WorkerInfoGcsService.grpc_client.AddWorkerInfo - 1 total (1 active), Execution time: mean = 0.00ms, total = 0.00ms, Queueing time: mean = 0.00ms, max = -0.00ms, min = 9223372036854.78ms, total = 0.00ms
	CoreWorker.ExitIfParentRayletDies - 1 total (1 active), Execution time: mean = 0.00ms, total = 0.00ms, Queueing time: mean = 0.00ms, max = -0.00ms, min = 9223372036854.78ms, total = 0.00ms

-----------------
Task execution event stats:

Global stats: 0 total (0 active)
Queueing time: mean = -nanms, max = -0.00ms, min = 9223372036854.78ms, total = 0.00ms
Execution time:  mean = -nanms, total = 0.00ms
Event stats:

-----------------
Task Event stats:

IO Service Stats:

Global stats: 2 total (1 active)
Queueing time: mean = 0.32ms, max = 0.63ms, min = 0.63ms, total = 0.63ms
Execution time:  mean = 0.02ms, total = 0.03ms
Event stats:
	CoreWorker.deadline_timer.flush_task_events - 1 total (1 active), Execution time: mean = 0.00ms, total = 0.00ms, Queueing time: mean = 0.00ms, max = -0.00ms, min = 9223372036854.78ms, total = 0.00ms
	PeriodicalRunner.RunFnPeriodically - 1 total (0 active), Execution time: mean = 0.03ms, total = 0.03ms, Queueing time: mean = 0.63ms, max = 0.63ms, min = 0.63ms, total = 0.63ms
Other Stats:
	gcs_grpc_in_progress:0
	event_aggregator_grpc_in_progress:0
	current number of task status events in buffer: 0
	current number of profile events in buffer: 0
	current number of dropped task attempts tracked: 0
	total task events sent: 0 MiB
	total number of task attempts sent: 0
	total number of task attempts dropped reported: 0
	total number of sent failure: 0
	num status task events dropped: 0
	num profile task events dropped: 0
	num ray task events reported to aggregator: 0
	num ray task events failed to report to aggregator: 0
	num of task attempts dropped reported to aggregator: 0
	num of failed requests to aggregator: 0

[2026-05-26 17:29:47,350 I 22712 22712] actor_task_submitter.cc:75: Set actor max pending calls to -1 actor_id=db33a8437c147927b2133a5501000000
[2026-05-26 17:29:47,350 I 22712 22712] core_worker.cc:2889: Creating actor actor_id=db33a8437c147927b2133a5501000000
[2026-05-26 17:29:47,452 I 22712 22712] task_receiver.cc:117: Actor creation task finished, task_id: ffffffffffffffffdb33a8437c147927b2133a5501000000, actor_id: db33a8437c147927b2133a5501000000, actor_repr_name: 
[2026-05-26 17:29:49,857 I 22712 22712] actor_task_submitter.cc:75: Set actor max pending calls to -1 actor_id=71692238e8ca9d603a459d4b01000000
[2026-05-26 17:29:49,857 I 22712 22712] actor_task_submitter.cc:75: Set actor max pending calls to -1 actor_id=3bbd54df6f2d71e3a941222701000000
[2026-05-26 17:29:49,858 I 22712 22712] actor_task_submitter.cc:75: Set actor max pending calls to -1 actor_id=db33a8437c147927b2133a5501000000
[2026-05-26 17:29:49,858 I 22712 22712] actor_task_submitter.cc:75: Set actor max pending calls to -1 actor_id=742d646c3fb52144a1fb1b5f01000000
[2026-05-26 17:29:49,858 I 22712 22712] actor_task_submitter.cc:75: Set actor max pending calls to -1 actor_id=8248e19d251e2f2d677b394b01000000
[2026-05-26 17:29:49,858 I 22712 22712] actor_task_submitter.cc:75: Set actor max pending calls to -1 actor_id=bfddf2248347a50fe3a1370101000000
[2026-05-26 17:29:49,858 I 22712 22712] actor_task_submitter.cc:75: Set actor max pending calls to -1 actor_id=9e567e7c930d62d18e4b6f7a01000000
[2026-05-26 17:29:49,859 I 22712 22712] actor_task_submitter.cc:75: Set actor max pending calls to -1 actor_id=0b7653502066a80132e5a8fb01000000
[2026-05-26 17:29:49,859 I 22712 22712] actor_task_submitter.cc:75: Set actor max pending calls to -1 actor_id=8f05d70e7651563ace06fb7b01000000
[2026-05-26 17:29:49,859 I 22712 22712] actor_task_submitter.cc:75: Set actor max pending calls to -1 actor_id=417c453b723efa9d02ea3e0701000000
[2026-05-26 17:29:49,859 I 22712 22712] actor_task_submitter.cc:75: Set actor max pending calls to -1 actor_id=e9ea8dbb1c69f4f85e980f0d01000000
[2026-05-26 17:29:49,859 I 22712 22712] actor_task_submitter.cc:75: Set actor max pending calls to -1 actor_id=8aa4ada8c409c1c1c5ab308001000000
[2026-05-26 17:29:49,859 I 22712 22712] actor_task_submitter.cc:75: Set actor max pending calls to -1 actor_id=c909236997f3b377e3ad776601000000
[2026-05-26 17:29:49,860 I 22712 22712] actor_task_submitter.cc:75: Set actor max pending calls to -1 actor_id=0a00fd873e9761bc1ff9ccce01000000
[2026-05-26 17:29:49,860 I 22712 22712] actor_task_submitter.cc:75: Set actor max pending calls to -1 actor_id=b3c82d3a89257f74d18a664b01000000
[2026-05-26 17:29:49,860 I 22712 22712] actor_task_submitter.cc:75: Set actor max pending calls to -1 actor_id=ea8c1c1c0d47120f02c7c46f01000000
[2026-05-26 17:29:50,527 I 22712 22712] actor_task_submitter.cc:75: Set actor max pending calls to -1 actor_id=71692238e8ca9d603a459d4b01000000
[2026-05-26 17:29:50,527 I 22712 22712] actor_task_submitter.cc:75: Set actor max pending calls to -1 actor_id=3bbd54df6f2d71e3a941222701000000
[2026-05-26 17:29:50,528 I 22712 22712] actor_task_submitter.cc:75: Set actor max pending calls to -1 actor_id=db33a8437c147927b2133a5501000000
[2026-05-26 17:29:50,528 I 22712 22712] actor_task_submitter.cc:75: Set actor max pending calls to -1 actor_id=742d646c3fb52144a1fb1b5f01000000
[2026-05-26 17:29:50,528 I 22712 22712] actor_task_submitter.cc:75: Set actor max pending calls to -1 actor_id=8248e19d251e2f2d677b394b01000000
[2026-05-26 17:29:50,528 I 22712 22712] actor_task_submitter.cc:75: Set actor max pending calls to -1 actor_id=bfddf2248347a50fe3a1370101000000
[2026-05-26 17:29:50,528 I 22712 22712] actor_task_submitter.cc:75: Set actor max pending calls to -1 actor_id=9e567e7c930d62d18e4b6f7a01000000
[2026-05-26 17:29:50,528 I 22712 22712] actor_task_submitter.cc:75: Set actor max pending calls to -1 actor_id=0b7653502066a80132e5a8fb01000000
[2026-05-26 17:29:50,528 I 22712 22712] actor_task_submitter.cc:75: Set actor max pending calls to -1 actor_id=8f05d70e7651563ace06fb7b01000000
[2026-05-26 17:29:50,528 I 22712 22712] actor_task_submitter.cc:75: Set actor max pending calls to -1 actor_id=417c453b723efa9d02ea3e0701000000
[2026-05-26 17:29:50,528 I 22712 22712] actor_task_submitter.cc:75: Set actor max pending calls to -1 actor_id=e9ea8dbb1c69f4f85e980f0d01000000
[2026-05-26 17:29:50,528 I 22712 22712] actor_task_submitter.cc:75: Set actor max pending calls to -1 actor_id=8aa4ada8c409c1c1c5ab308001000000
[2026-05-26 17:29:50,529 I 22712 22712] actor_task_submitter.cc:75: Set actor max pending calls to -1 actor_id=c909236997f3b377e3ad776601000000
[2026-05-26 17:29:50,529 I 22712 22712] actor_task_submitter.cc:75: Set actor max pending calls to -1 actor_id=0a00fd873e9761bc1ff9ccce01000000
[2026-05-26 17:29:50,529 I 22712 22712] actor_task_submitter.cc:75: Set actor max pending calls to -1 actor_id=b3c82d3a89257f74d18a664b01000000
[2026-05-26 17:29:50,529 I 22712 22712] actor_task_submitter.cc:75: Set actor max pending calls to -1 actor_id=ea8c1c1c0d47120f02c7c46f01000000
[2026-05-26 17:29:50,544 I 22712 22712] actor_task_submitter.cc:75: Set actor max pending calls to -1 actor_id=71692238e8ca9d603a459d4b01000000
[2026-05-26 17:29:50,544 I 22712 22712] actor_task_submitter.cc:75: Set actor max pending calls to -1 actor_id=3bbd54df6f2d71e3a941222701000000
[2026-05-26 17:29:50,545 I 22712 22712] actor_task_submitter.cc:75: Set actor max pending calls to -1 actor_id=db33a8437c147927b2133a5501000000
[2026-05-26 17:29:50,545 I 22712 22712] actor_task_submitter.cc:75: Set actor max pending calls to -1 actor_id=742d646c3fb52144a1fb1b5f01000000
[2026-05-26 17:29:50,545 I 22712 22712] actor_task_submitter.cc:75: Set actor max pending calls to -1 actor_id=8248e19d251e2f2d677b394b01000000
[2026-05-26 17:29:50,545 I 22712 22712] actor_task_submitter.cc:75: Set actor max pending calls to -1 actor_id=bfddf2248347a50fe3a1370101000000
[2026-05-26 17:29:50,545 I 22712 22712] actor_task_submitter.cc:75: Set actor max pending calls to -1 actor_id=9e567e7c930d62d18e4b6f7a01000000
[2026-05-26 17:29:50,546 I 22712 22712] actor_task_submitter.cc:75: Set actor max pending calls to -1 actor_id=0b7653502066a80132e5a8fb01000000
[2026-05-26 17:29:50,546 I 22712 22712] actor_task_submitter.cc:75: Set actor max pending calls to -1 actor_id=8f05d70e7651563ace06fb7b01000000
[2026-05-26 17:29:50,546 I 22712 22712] actor_task_submitter.cc:75: Set actor max pending calls to -1 actor_id=417c453b723efa9d02ea3e0701000000
[2026-05-26 17:29:50,546 I 22712 22712] actor_task_submitter.cc:75: Set actor max pending calls to -1 actor_id=e9ea8dbb1c69f4f85e980f0d01000000
[2026-05-26 17:29:50,546 I 22712 22712] actor_task_submitter.cc:75: Set actor max pending calls to -1 actor_id=8aa4ada8c409c1c1c5ab308001000000
[2026-05-26 17:29:50,546 I 22712 22712] actor_task_submitter.cc:75: Set actor max pending calls to -1 actor_id=c909236997f3b377e3ad776601000000
[2026-05-26 17:29:50,546 I 22712 22712] actor_task_submitter.cc:75: Set actor max pending calls to -1 actor_id=0a00fd873e9761bc1ff9ccce01000000
[2026-05-26 17:29:50,547 I 22712 22712] actor_task_submitter.cc:75: Set actor max pending calls to -1 actor_id=b3c82d3a89257f74d18a664b01000000
[2026-05-26 17:29:50,547 I 22712 22712] actor_task_submitter.cc:75: Set actor max pending calls to -1 actor_id=ea8c1c1c0d47120f02c7c46f01000000
[2026-05-26 17:29:50,655 I 22712 22712] actor_task_submitter.cc:75: Set actor max pending calls to -1 actor_id=71692238e8ca9d603a459d4b01000000
[2026-05-26 17:29:50,655 I 22712 22712] actor_task_submitter.cc:75: Set actor max pending calls to -1 actor_id=3bbd54df6f2d71e3a941222701000000
[2026-05-26 17:29:50,655 I 22712 22712] actor_task_submitter.cc:75: Set actor max pending calls to -1 actor_id=db33a8437c147927b2133a5501000000
[2026-05-26 17:29:50,655 I 22712 22712] actor_task_submitter.cc:75: Set actor max pending calls to -1 actor_id=742d646c3fb52144a1fb1b5f01000000
[2026-05-26 17:29:50,656 I 22712 22712] actor_task_submitter.cc:75: Set actor max pending calls to -1 actor_id=8248e19d251e2f2d677b394b01000000
[2026-05-26 17:29:50,656 I 22712 22712] actor_task_submitter.cc:75: Set actor max pending calls to -1 actor_id=bfddf2248347a50fe3a1370101000000
[2026-05-26 17:29:50,656 I 22712 22712] actor_task_submitter.cc:75: Set actor max pending calls to -1 actor_id=9e567e7c930d62d18e4b6f7a01000000
[2026-05-26 17:29:50,656 I 22712 22712] actor_task_submitter.cc:75: Set actor max pending calls to -1 actor_id=0b7653502066a80132e5a8fb01000000
[2026-05-26 17:29:50,656 I 22712 22712] actor_task_submitter.cc:75: Set actor max pending calls to -1 actor_id=8f05d70e7651563ace06fb7b01000000
[2026-05-26 17:29:50,656 I 22712 22712] actor_task_submitter.cc:75: Set actor max pending calls to -1 actor_id=417c453b723efa9d02ea3e0701000000
[2026-05-26 17:29:50,656 I 22712 22712] actor_task_submitter.cc:75: Set actor max pending calls to -1 actor_id=e9ea8dbb1c69f4f85e980f0d01000000
[2026-05-26 17:29:50,657 I 22712 22712] actor_task_submitter.cc:75: Set actor max pending calls to -1 actor_id=8aa4ada8c409c1c1c5ab308001000000
[2026-05-26 17:29:50,657 I 22712 22712] actor_task_submitter.cc:75: Set actor max pending calls to -1 actor_id=c909236997f3b377e3ad776601000000
[2026-05-26 17:29:50,657 I 22712 22712] actor_task_submitter.cc:75: Set actor max pending calls to -1 actor_id=0a00fd873e9761bc1ff9ccce01000000
[2026-05-26 17:29:50,658 I 22712 22712] actor_task_submitter.cc:75: Set actor max pending calls to -1 actor_id=b3c82d3a89257f74d18a664b01000000
[2026-05-26 17:29:50,658 I 22712 22712] actor_task_submitter.cc:75: Set actor max pending calls to -1 actor_id=ea8c1c1c0d47120f02c7c46f01000000
[2026-05-26 17:29:51,136 I 22712 22712] actor_task_submitter.cc:75: Set actor max pending calls to -1 actor_id=71692238e8ca9d603a459d4b01000000
[2026-05-26 17:29:51,137 I 22712 22712] actor_task_submitter.cc:75: Set actor max pending calls to -1 actor_id=3bbd54df6f2d71e3a941222701000000
[2026-05-26 17:29:51,137 I 22712 22712] actor_task_submitter.cc:75: Set actor max pending calls to -1 actor_id=db33a8437c147927b2133a5501000000
[2026-05-26 17:29:51,137 I 22712 22712] actor_task_submitter.cc:75: Set actor max pending calls to -1 actor_id=742d646c3fb52144a1fb1b5f01000000
[2026-05-26 17:29:51,137 I 22712 22712] actor_task_submitter.cc:75: Set actor max pending calls to -1 actor_id=8248e19d251e2f2d677b394b01000000
[2026-05-26 17:29:51,137 I 22712 22712] actor_task_submitter.cc:75: Set actor max pending calls to -1 actor_id=bfddf2248347a50fe3a1370101000000
[2026-05-26 17:29:51,137 I 22712 22712] actor_task_submitter.cc:75: Set actor max pending calls to -1 actor_id=9e567e7c930d62d18e4b6f7a01000000
[2026-05-26 17:29:51,137 I 22712 22712] actor_task_submitter.cc:75: Set actor max pending calls to -1 actor_id=0b7653502066a80132e5a8fb01000000
[2026-05-26 17:29:51,137 I 22712 22712] actor_task_submitter.cc:75: Set actor max pending calls to -1 actor_id=8f05d70e7651563ace06fb7b01000000
[2026-05-26 17:29:51,138 I 22712 22712] actor_task_submitter.cc:75: Set actor max pending calls to -1 actor_id=417c453b723efa9d02ea3e0701000000
[2026-05-26 17:29:51,138 I 22712 22712] actor_task_submitter.cc:75: Set actor max pending calls to -1 actor_id=e9ea8dbb1c69f4f85e980f0d01000000
[2026-05-26 17:29:51,138 I 22712 22712] actor_task_submitter.cc:75: Set actor max pending calls to -1 actor_id=8aa4ada8c409c1c1c5ab308001000000
[2026-05-26 17:29:51,138 I 22712 22712] actor_task_submitter.cc:75: Set actor max pending calls to -1 actor_id=c909236997f3b377e3ad776601000000
[2026-05-26 17:29:51,138 I 22712 22712] actor_task_submitter.cc:75: Set actor max pending calls to -1 actor_id=0a00fd873e9761bc1ff9ccce01000000
[2026-05-26 17:29:51,138 I 22712 22712] actor_task_submitter.cc:75: Set actor max pending calls to -1 actor_id=b3c82d3a89257f74d18a664b01000000
[2026-05-26 17:29:51,138 I 22712 22712] actor_task_submitter.cc:75: Set actor max pending calls to -1 actor_id=ea8c1c1c0d47120f02c7c46f01000000
[2026-05-26 17:29:51,156 I 22712 22712] actor_task_submitter.cc:75: Set actor max pending calls to -1 actor_id=71692238e8ca9d603a459d4b01000000
[2026-05-26 17:29:51,156 I 22712 22712] actor_task_submitter.cc:75: Set actor max pending calls to -1 actor_id=3bbd54df6f2d71e3a941222701000000
[2026-05-26 17:29:51,156 I 22712 22712] actor_task_submitter.cc:75: Set actor max pending calls to -1 actor_id=db33a8437c147927b2133a5501000000
[2026-05-26 17:29:51,157 I 22712 22712] actor_task_submitter.cc:75: Set actor max pending calls to -1 actor_id=742d646c3fb52144a1fb1b5f01000000
[2026-05-26 17:29:51,157 I 22712 22712] actor_task_submitter.cc:75: Set actor max pending calls to -1 actor_id=8248e19d251e2f2d677b394b01000000
[2026-05-26 17:29:51,157 I 22712 22712] actor_task_submitter.cc:75: Set actor max pending calls to -1 actor_id=bfddf2248347a50fe3a1370101000000
[2026-05-26 17:29:51,157 I 22712 22712] actor_task_submitter.cc:75: Set actor max pending calls to -1 actor_id=9e567e7c930d62d18e4b6f7a01000000
[2026-05-26 17:29:51,157 I 22712 22712] actor_task_submitter.cc:75: Set actor max pending calls to -1 actor_id=0b7653502066a80132e5a8fb01000000
[2026-05-26 17:29:51,157 I 22712 22712] actor_task_submitter.cc:75: Set actor max pending calls to -1 actor_id=8f05d70e7651563ace06fb7b01000000
[2026-05-26 17:29:51,157 I 22712 22712] actor_task_submitter.cc:75: Set actor max pending calls to -1 actor_id=417c453b723efa9d02ea3e0701000000
[2026-05-26 17:29:51,157 I 22712 22712] actor_task_submitter.cc:75: Set actor max pending calls to -1 actor_id=e9ea8dbb1c69f4f85e980f0d01000000
[2026-05-26 17:29:51,157 I 22712 22712] actor_task_submitter.cc:75: Set actor max pending calls to -1 actor_id=8aa4ada8c409c1c1c5ab308001000000
[2026-05-26 17:29:51,158 I 22712 22712] actor_task_submitter.cc:75: Set actor max pending calls to -1 actor_id=c909236997f3b377e3ad776601000000
[2026-05-26 17:29:51,158 I 22712 22712] actor_task_submitter.cc:75: Set actor max pending calls to -1 actor_id=0a00fd873e9761bc1ff9ccce01000000
[2026-05-26 17:29:51,158 I 22712 22712] actor_task_submitter.cc:75: Set actor max pending calls to -1 actor_id=b3c82d3a89257f74d18a664b01000000
[2026-05-26 17:29:51,158 I 22712 22712] actor_task_submitter.cc:75: Set actor max pending calls to -1 actor_id=ea8c1c1c0d47120f02c7c46f01000000
[2026-05-26 17:29:51,316 I 22712 22712] actor_task_submitter.cc:75: Set actor max pending calls to -1 actor_id=71692238e8ca9d603a459d4b01000000
[2026-05-26 17:29:51,316 I 22712 22712] actor_task_submitter.cc:75: Set actor max pending calls to -1 actor_id=3bbd54df6f2d71e3a941222701000000
[2026-05-26 17:29:51,316 I 22712 22712] actor_task_submitter.cc:75: Set actor max pending calls to -1 actor_id=db33a8437c147927b2133a5501000000
[2026-05-26 17:29:51,317 I 22712 22712] actor_task_submitter.cc:75: Set actor max pending calls to -1 actor_id=742d646c3fb52144a1fb1b5f01000000
[2026-05-26 17:29:51,317 I 22712 22712] actor_task_submitter.cc:75: Set actor max pending calls to -1 actor_id=8248e19d251e2f2d677b394b01000000
[2026-05-26 17:29:51,317 I 22712 22712] actor_task_submitter.cc:75: Set actor max pending calls to -1 actor_id=bfddf2248347a50fe3a1370101000000
[2026-05-26 17:29:51,317 I 22712 22712] actor_task_submitter.cc:75: Set actor max pending calls to -1 actor_id=9e567e7c930d62d18e4b6f7a01000000
[2026-05-26 17:29:51,317 I 22712 22712] actor_task_submitter.cc:75: Set actor max pending calls to -1 actor_id=0b7653502066a80132e5a8fb01000000
[2026-05-26 17:29:51,317 I 22712 22712] actor_task_submitter.cc:75: Set actor max pending calls to -1 actor_id=8f05d70e7651563ace06fb7b01000000
[2026-05-26 17:29:51,317 I 22712 22712] actor_task_submitter.cc:75: Set actor max pending calls to -1 actor_id=417c453b723efa9d02ea3e0701000000
[2026-05-26 17:29:51,317 I 22712 22712] actor_task_submitter.cc:75: Set actor max pending calls to -1 actor_id=e9ea8dbb1c69f4f85e980f0d01000000
[2026-05-26 17:29:51,317 I 22712 22712] actor_task_submitter.cc:75: Set actor max pending calls to -1 actor_id=8aa4ada8c409c1c1c5ab308001000000
[2026-05-26 17:29:51,317 I 22712 22712] actor_task_submitter.cc:75: Set actor max pending calls to -1 actor_id=c909236997f3b377e3ad776601000000
[2026-05-26 17:29:51,317 I 22712 22712] actor_task_submitter.cc:75: Set actor max pending calls to -1 actor_id=0a00fd873e9761bc1ff9ccce01000000
[2026-05-26 17:29:51,318 I 22712 22712] actor_task_submitter.cc:75: Set actor max pending calls to -1 actor_id=b3c82d3a89257f74d18a664b01000000
[2026-05-26 17:29:51,318 I 22712 22712] actor_task_submitter.cc:75: Set actor max pending calls to -1 actor_id=ea8c1c1c0d47120f02c7c46f01000000
[2026-05-26 17:29:51,647 I 22712 22712] actor_task_submitter.cc:75: Set actor max pending calls to -1 actor_id=71692238e8ca9d603a459d4b01000000
[2026-05-26 17:29:51,647 I 22712 22712] actor_task_submitter.cc:75: Set actor max pending calls to -1 actor_id=3bbd54df6f2d71e3a941222701000000
[2026-05-26 17:29:51,647 I 22712 22712] actor_task_submitter.cc:75: Set actor max pending calls to -1 actor_id=db33a8437c147927b2133a5501000000
[2026-05-26 17:29:51,647 I 22712 22712] actor_task_submitter.cc:75: Set actor max pending calls to -1 actor_id=742d646c3fb52144a1fb1b5f01000000
[2026-05-26 17:29:51,648 I 22712 22712] actor_task_submitter.cc:75: Set actor max pending calls to -1 actor_id=8248e19d251e2f2d677b394b01000000
[2026-05-26 17:29:51,648 I 22712 22712] actor_task_submitter.cc:75: Set actor max pending calls to -1 actor_id=bfddf2248347a50fe3a1370101000000
[2026-05-26 17:29:51,648 I 22712 22712] actor_task_submitter.cc:75: Set actor max pending calls to -1 actor_id=9e567e7c930d62d18e4b6f7a01000000
[2026-05-26 17:29:51,648 I 22712 22712] actor_task_submitter.cc:75: Set actor max pending calls to -1 actor_id=0b7653502066a80132e5a8fb01000000
[2026-05-26 17:29:51,648 I 22712 22712] actor_task_submitter.cc:75: Set actor max pending calls to -1 actor_id=8f05d70e7651563ace06fb7b01000000
[2026-05-26 17:29:51,648 I 22712 22712] actor_task_submitter.cc:75: Set actor max pending calls to -1 actor_id=417c453b723efa9d02ea3e0701000000
[2026-05-26 17:29:51,648 I 22712 22712] actor_task_submitter.cc:75: Set actor max pending calls to -1 actor_id=e9ea8dbb1c69f4f85e980f0d01000000
[2026-05-26 17:29:51,648 I 22712 22712] actor_task_submitter.cc:75: Set actor max pending calls to -1 actor_id=8aa4ada8c409c1c1c5ab308001000000
[2026-05-26 17:29:51,649 I 22712 22712] actor_task_submitter.cc:75: Set actor max pending calls to -1 actor_id=c909236997f3b377e3ad776601000000
[2026-05-26 17:29:51,649 I 22712 22712] actor_task_submitter.cc:75: Set actor max pending calls to -1 actor_id=0a00fd873e9761bc1ff9ccce01000000
[2026-05-26 17:29:51,649 I 22712 22712] actor_task_submitter.cc:75: Set actor max pending calls to -1 actor_id=b3c82d3a89257f74d18a664b01000000
[2026-05-26 17:29:51,649 I 22712 22712] actor_task_submitter.cc:75: Set actor max pending calls to -1 actor_id=ea8c1c1c0d47120f02c7c46f01000000
[2026-05-26 17:29:51,669 I 22712 22712] actor_task_submitter.cc:75: Set actor max pending calls to -1 actor_id=71692238e8ca9d603a459d4b01000000
[2026-05-26 17:29:51,669 I 22712 22712] actor_task_submitter.cc:75: Set actor max pending calls to -1 actor_id=3bbd54df6f2d71e3a941222701000000
[2026-05-26 17:29:51,670 I 22712 22712] actor_task_submitter.cc:75: Set actor max pending calls to -1 actor_id=db33a8437c147927b2133a5501000000
[2026-05-26 17:29:51,670 I 22712 22712] actor_task_submitter.cc:75: Set actor max pending calls to -1 actor_id=742d646c3fb52144a1fb1b5f01000000
[2026-05-26 17:29:51,670 I 22712 22712] actor_task_submitter.cc:75: Set actor max pending calls to -1 actor_id=8248e19d251e2f2d677b394b01000000
[2026-05-26 17:29:51,670 I 22712 22712] actor_task_submitter.cc:75: Set actor max pending calls to -1 actor_id=bfddf2248347a50fe3a1370101000000
[2026-05-26 17:29:51,670 I 22712 22712] actor_task_submitter.cc:75: Set actor max pending calls to -1 actor_id=9e567e7c930d62d18e4b6f7a01000000
[2026-05-26 17:29:51,670 I 22712 22712] actor_task_submitter.cc:75: Set actor max pending calls to -1 actor_id=0b7653502066a80132e5a8fb01000000
[2026-05-26 17:29:51,671 I 22712 22712] actor_task_submitter.cc:75: Set actor max pending calls to -1 actor_id=8f05d70e7651563ace06fb7b01000000
[2026-05-26 17:29:51,671 I 22712 22712] actor_task_submitter.cc:75: Set actor max pending calls to -1 actor_id=417c453b723efa9d02ea3e0701000000
[2026-05-26 17:29:51,671 I 22712 22712] actor_task_submitter.cc:75: Set actor max pending calls to -1 actor_id=e9ea8dbb1c69f4f85e980f0d01000000
[2026-05-26 17:29:51,671 I 22712 22712] actor_task_submitter.cc:75: Set actor max pending calls to -1 actor_id=8aa4ada8c409c1c1c5ab308001000000
[2026-05-26 17:29:51,671 I 22712 22712] actor_task_submitter.cc:75: Set actor max pending calls to -1 actor_id=c909236997f3b377e3ad776601000000
[2026-05-26 17:29:51,671 I 22712 22712] actor_task_submitter.cc:75: Set actor max pending calls to -1 actor_id=0a00fd873e9761bc1ff9ccce01000000
[2026-05-26 17:29:51,671 I 22712 22712] actor_task_submitter.cc:75: Set actor max pending calls to -1 actor_id=b3c82d3a89257f74d18a664b01000000
[2026-05-26 17:29:51,672 I 22712 22712] actor_task_submitter.cc:75: Set actor max pending calls to -1 actor_id=ea8c1c1c0d47120f02c7c46f01000000
[2026-05-26 17:29:52,212 I 22712 22712] actor_task_submitter.cc:75: Set actor max pending calls to -1 actor_id=71692238e8ca9d603a459d4b01000000
[2026-05-26 17:29:52,212 I 22712 22712] actor_task_submitter.cc:75: Set actor max pending calls to -1 actor_id=3bbd54df6f2d71e3a941222701000000
[2026-05-26 17:29:52,213 I 22712 22712] actor_task_submitter.cc:75: Set actor max pending calls to -1 actor_id=db33a8437c147927b2133a5501000000
[2026-05-26 17:29:52,213 I 22712 22712] actor_task_submitter.cc:75: Set actor max pending calls to -1 actor_id=742d646c3fb52144a1fb1b5f01000000
[2026-05-26 17:29:52,215 I 22712 22712] actor_task_submitter.cc:75: Set actor max pending calls to -1 actor_id=8248e19d251e2f2d677b394b01000000
[2026-05-26 17:29:52,215 I 22712 22712] actor_task_submitter.cc:75: Set actor max pending calls to -1 actor_id=bfddf2248347a50fe3a1370101000000
[2026-05-26 17:29:52,215 I 22712 22712] actor_task_submitter.cc:75: Set actor max pending calls to -1 actor_id=9e567e7c930d62d18e4b6f7a01000000
[2026-05-26 17:29:52,216 I 22712 22712] actor_task_submitter.cc:75: Set actor max pending calls to -1 actor_id=0b7653502066a80132e5a8fb01000000
[2026-05-26 17:29:52,216 I 22712 22712] actor_task_submitter.cc:75: Set actor max pending calls to -1 actor_id=8f05d70e7651563ace06fb7b01000000
[2026-05-26 17:29:52,216 I 22712 22712] actor_task_submitter.cc:75: Set actor max pending calls to -1 actor_id=417c453b723efa9d02ea3e0701000000
[2026-05-26 17:29:52,217 I 22712 22712] actor_task_submitter.cc:75: Set actor max pending calls to -1 actor_id=e9ea8dbb1c69f4f85e980f0d01000000
[2026-05-26 17:29:52,217 I 22712 22712] actor_task_submitter.cc:75: Set actor max pending calls to -1 actor_id=8aa4ada8c409c1c1c5ab308001000000
[2026-05-26 17:29:52,217 I 22712 22712] actor_task_submitter.cc:75: Set actor max pending calls to -1 actor_id=c909236997f3b377e3ad776601000000
[2026-05-26 17:29:52,217 I 22712 22712] actor_task_submitter.cc:75: Set actor max pending calls to -1 actor_id=0a00fd873e9761bc1ff9ccce01000000
[2026-05-26 17:29:52,218 I 22712 22712] actor_task_submitter.cc:75: Set actor max pending calls to -1 actor_id=b3c82d3a89257f74d18a664b01000000
[2026-05-26 17:29:52,218 I 22712 22712] actor_task_submitter.cc:75: Set actor max pending calls to -1 actor_id=ea8c1c1c0d47120f02c7c46f01000000
[2026-05-26 17:29:52,582 I 22712 22712] actor_task_submitter.cc:75: Set actor max pending calls to -1 actor_id=71692238e8ca9d603a459d4b01000000
[2026-05-26 17:29:52,583 I 22712 22712] actor_task_submitter.cc:75: Set actor max pending calls to -1 actor_id=3bbd54df6f2d71e3a941222701000000
[2026-05-26 17:29:52,583 I 22712 22712] actor_task_submitter.cc:75: Set actor max pending calls to -1 actor_id=db33a8437c147927b2133a5501000000
[2026-05-26 17:29:52,583 I 22712 22712] actor_task_submitter.cc:75: Set actor max pending calls to -1 actor_id=742d646c3fb52144a1fb1b5f01000000
[2026-05-26 17:29:52,584 I 22712 22712] actor_task_submitter.cc:75: Set actor max pending calls to -1 actor_id=8248e19d251e2f2d677b394b01000000
[2026-05-26 17:29:52,584 I 22712 22712] actor_task_submitter.cc:75: Set actor max pending calls to -1 actor_id=bfddf2248347a50fe3a1370101000000
[2026-05-26 17:29:52,584 I 22712 22712] actor_task_submitter.cc:75: Set actor max pending calls to -1 actor_id=9e567e7c930d62d18e4b6f7a01000000
[2026-05-26 17:29:52,584 I 22712 22712] actor_task_submitter.cc:75: Set actor max pending calls to -1 actor_id=0b7653502066a80132e5a8fb01000000
[2026-05-26 17:29:52,585 I 22712 22712] actor_task_submitter.cc:75: Set actor max pending calls to -1 actor_id=8f05d70e7651563ace06fb7b01000000
[2026-05-26 17:29:52,585 I 22712 22712] actor_task_submitter.cc:75: Set actor max pending calls to -1 actor_id=417c453b723efa9d02ea3e0701000000
[2026-05-26 17:29:52,585 I 22712 22712] actor_task_submitter.cc:75: Set actor max pending calls to -1 actor_id=e9ea8dbb1c69f4f85e980f0d01000000
[2026-05-26 17:29:52,586 I 22712 22712] actor_task_submitter.cc:75: Set actor max pending calls to -1 actor_id=8aa4ada8c409c1c1c5ab308001000000
[2026-05-26 17:29:52,586 I 22712 22712] actor_task_submitter.cc:75: Set actor max pending calls to -1 actor_id=c909236997f3b377e3ad776601000000
[2026-05-26 17:29:52,586 I 22712 22712] actor_task_submitter.cc:75: Set actor max pending calls to -1 actor_id=0a00fd873e9761bc1ff9ccce01000000
[2026-05-26 17:29:52,586 I 22712 22712] actor_task_submitter.cc:75: Set actor max pending calls to -1 actor_id=b3c82d3a89257f74d18a664b01000000
[2026-05-26 17:29:52,587 I 22712 22712] actor_task_submitter.cc:75: Set actor max pending calls to -1 actor_id=ea8c1c1c0d47120f02c7c46f01000000
[2026-05-26 17:29:52,600 I 22712 22712] actor_task_submitter.cc:75: Set actor max pending calls to -1 actor_id=71692238e8ca9d603a459d4b01000000
[2026-05-26 17:29:52,600 I 22712 22712] actor_task_submitter.cc:75: Set actor max pending calls to -1 actor_id=3bbd54df6f2d71e3a941222701000000
[2026-05-26 17:29:52,600 I 22712 22712] actor_task_submitter.cc:75: Set actor max pending calls to -1 actor_id=db33a8437c147927b2133a5501000000
[2026-05-26 17:29:52,601 I 22712 22712] actor_task_submitter.cc:75: Set actor max pending calls to -1 actor_id=742d646c3fb52144a1fb1b5f01000000
[2026-05-26 17:29:52,601 I 22712 22712] actor_task_submitter.cc:75: Set actor max pending calls to -1 actor_id=8248e19d251e2f2d677b394b01000000
[2026-05-26 17:29:52,601 I 22712 22712] actor_task_submitter.cc:75: Set actor max pending calls to -1 actor_id=bfddf2248347a50fe3a1370101000000
[2026-05-26 17:29:52,601 I 22712 22712] actor_task_submitter.cc:75: Set actor max pending calls to -1 actor_id=9e567e7c930d62d18e4b6f7a01000000
[2026-05-26 17:29:52,601 I 22712 22712] actor_task_submitter.cc:75: Set actor max pending calls to -1 actor_id=0b7653502066a80132e5a8fb01000000
[2026-05-26 17:29:52,601 I 22712 22712] actor_task_submitter.cc:75: Set actor max pending calls to -1 actor_id=8f05d70e7651563ace06fb7b01000000
[2026-05-26 17:29:52,601 I 22712 22712] actor_task_submitter.cc:75: Set actor max pending calls to -1 actor_id=417c453b723efa9d02ea3e0701000000
[2026-05-26 17:29:52,602 I 22712 22712] actor_task_submitter.cc:75: Set actor max pending calls to -1 actor_id=e9ea8dbb1c69f4f85e980f0d01000000
[2026-05-26 17:29:52,602 I 22712 22712] actor_task_submitter.cc:75: Set actor max pending calls to -1 actor_id=8aa4ada8c409c1c1c5ab308001000000
[2026-05-26 17:29:52,602 I 22712 22712] actor_task_submitter.cc:75: Set actor max pending calls to -1 actor_id=c909236997f3b377e3ad776601000000
[2026-05-26 17:29:52,602 I 22712 22712] actor_task_submitter.cc:75: Set actor max pending calls to -1 actor_id=0a00fd873e9761bc1ff9ccce01000000
[2026-05-26 17:29:52,602 I 22712 22712] actor_task_submitter.cc:75: Set actor max pending calls to -1 actor_id=b3c82d3a89257f74d18a664b01000000
[2026-05-26 17:29:52,602 I 22712 22712] actor_task_submitter.cc:75: Set actor max pending calls to -1 actor_id=ea8c1c1c0d47120f02c7c46f01000000
[2026-05-26 17:29:53,291 I 22712 22712] actor_task_submitter.cc:75: Set actor max pending calls to -1 actor_id=71692238e8ca9d603a459d4b01000000
[2026-05-26 17:29:53,291 I 22712 22712] actor_task_submitter.cc:75: Set actor max pending calls to -1 actor_id=3bbd54df6f2d71e3a941222701000000
[2026-05-26 17:29:53,292 I 22712 22712] actor_task_submitter.cc:75: Set actor max pending calls to -1 actor_id=db33a8437c147927b2133a5501000000
[2026-05-26 17:29:53,292 I 22712 22712] actor_task_submitter.cc:75: Set actor max pending calls to -1 actor_id=742d646c3fb52144a1fb1b5f01000000
[2026-05-26 17:29:53,292 I 22712 22712] actor_task_submitter.cc:75: Set actor max pending calls to -1 actor_id=8248e19d251e2f2d677b394b01000000
[2026-05-26 17:29:53,292 I 22712 22712] actor_task_submitter.cc:75: Set actor max pending calls to -1 actor_id=bfddf2248347a50fe3a1370101000000
[2026-05-26 17:29:53,293 I 22712 22712] actor_task_submitter.cc:75: Set actor max pending calls to -1 actor_id=9e567e7c930d62d18e4b6f7a01000000
[2026-05-26 17:29:53,293 I 22712 22712] actor_task_submitter.cc:75: Set actor max pending calls to -1 actor_id=0b7653502066a80132e5a8fb01000000
[2026-05-26 17:29:53,293 I 22712 22712] actor_task_submitter.cc:75: Set actor max pending calls to -1 actor_id=8f05d70e7651563ace06fb7b01000000
[2026-05-26 17:29:53,294 I 22712 22712] actor_task_submitter.cc:75: Set actor max pending calls to -1 actor_id=417c453b723efa9d02ea3e0701000000
[2026-05-26 17:29:53,294 I 22712 22712] actor_task_submitter.cc:75: Set actor max pending calls to -1 actor_id=e9ea8dbb1c69f4f85e980f0d01000000
[2026-05-26 17:29:53,294 I 22712 22712] actor_task_submitter.cc:75: Set actor max pending calls to -1 actor_id=8aa4ada8c409c1c1c5ab308001000000
[2026-05-26 17:29:53,295 I 22712 22712] actor_task_submitter.cc:75: Set actor max pending calls to -1 actor_id=c909236997f3b377e3ad776601000000
[2026-05-26 17:29:53,295 I 22712 22712] actor_task_submitter.cc:75: Set actor max pending calls to -1 actor_id=0a00fd873e9761bc1ff9ccce01000000
[2026-05-26 17:29:53,295 I 22712 22712] actor_task_submitter.cc:75: Set actor max pending calls to -1 actor_id=b3c82d3a89257f74d18a664b01000000
[2026-05-26 17:29:53,296 I 22712 22712] actor_task_submitter.cc:75: Set actor max pending calls to -1 actor_id=ea8c1c1c0d47120f02c7c46f01000000
[2026-05-26 17:29:53,669 I 22712 22712] actor_task_submitter.cc:75: Set actor max pending calls to -1 actor_id=71692238e8ca9d603a459d4b01000000
[2026-05-26 17:29:53,670 I 22712 22712] actor_task_submitter.cc:75: Set actor max pending calls to -1 actor_id=3bbd54df6f2d71e3a941222701000000
[2026-05-26 17:29:53,670 I 22712 22712] actor_task_submitter.cc:75: Set actor max pending calls to -1 actor_id=db33a8437c147927b2133a5501000000
[2026-05-26 17:29:53,670 I 22712 22712] actor_task_submitter.cc:75: Set actor max pending calls to -1 actor_id=742d646c3fb52144a1fb1b5f01000000
[2026-05-26 17:29:53,670 I 22712 22712] actor_task_submitter.cc:75: Set actor max pending calls to -1 actor_id=8248e19d251e2f2d677b394b01000000
[2026-05-26 17:29:53,670 I 22712 22712] actor_task_submitter.cc:75: Set actor max pending calls to -1 actor_id=bfddf2248347a50fe3a1370101000000
[2026-05-26 17:29:53,671 I 22712 22712] actor_task_submitter.cc:75: Set actor max pending calls to -1 actor_id=9e567e7c930d62d18e4b6f7a01000000
[2026-05-26 17:29:53,671 I 22712 22712] actor_task_submitter.cc:75: Set actor max pending calls to -1 actor_id=0b7653502066a80132e5a8fb01000000
[2026-05-26 17:29:53,671 I 22712 22712] actor_task_submitter.cc:75: Set actor max pending calls to -1 actor_id=8f05d70e7651563ace06fb7b01000000
[2026-05-26 17:29:53,671 I 22712 22712] actor_task_submitter.cc:75: Set actor max pending calls to -1 actor_id=417c453b723efa9d02ea3e0701000000
[2026-05-26 17:29:53,671 I 22712 22712] actor_task_submitter.cc:75: Set actor max pending calls to -1 actor_id=e9ea8dbb1c69f4f85e980f0d01000000
[2026-05-26 17:29:53,672 I 22712 22712] actor_task_submitter.cc:75: Set actor max pending calls to -1 actor_id=8aa4ada8c409c1c1c5ab308001000000
[2026-05-26 17:29:53,672 I 22712 22712] actor_task_submitter.cc:75: Set actor max pending calls to -1 actor_id=c909236997f3b377e3ad776601000000
[2026-05-26 17:29:53,672 I 22712 22712] actor_task_submitter.cc:75: Set actor max pending calls to -1 actor_id=0a00fd873e9761bc1ff9ccce01000000
[2026-05-26 17:29:53,672 I 22712 22712] actor_task_submitter.cc:75: Set actor max pending calls to -1 actor_id=b3c82d3a89257f74d18a664b01000000
[2026-05-26 17:29:53,672 I 22712 22712] actor_task_submitter.cc:75: Set actor max pending calls to -1 actor_id=ea8c1c1c0d47120f02c7c46f01000000
[2026-05-26 17:29:53,698 I 22712 22712] actor_task_submitter.cc:75: Set actor max pending calls to -1 actor_id=71692238e8ca9d603a459d4b01000000
[2026-05-26 17:29:53,699 I 22712 22712] actor_task_submitter.cc:75: Set actor max pending calls to -1 actor_id=3bbd54df6f2d71e3a941222701000000
[2026-05-26 17:29:53,699 I 22712 22712] actor_task_submitter.cc:75: Set actor max pending calls to -1 actor_id=db33a8437c147927b2133a5501000000
[2026-05-26 17:29:53,699 I 22712 22712] actor_task_submitter.cc:75: Set actor max pending calls to -1 actor_id=742d646c3fb52144a1fb1b5f01000000
[2026-05-26 17:29:53,700 I 22712 22712] actor_task_submitter.cc:75: Set actor max pending calls to -1 actor_id=8248e19d251e2f2d677b394b01000000
[2026-05-26 17:29:53,700 I 22712 22712] actor_task_submitter.cc:75: Set actor max pending calls to -1 actor_id=bfddf2248347a50fe3a1370101000000
[2026-05-26 17:29:53,700 I 22712 22712] actor_task_submitter.cc:75: Set actor max pending calls to -1 actor_id=9e567e7c930d62d18e4b6f7a01000000
[2026-05-26 17:29:53,700 I 22712 22712] actor_task_submitter.cc:75: Set actor max pending calls to -1 actor_id=0b7653502066a80132e5a8fb01000000
[2026-05-26 17:29:53,701 I 22712 22712] actor_task_submitter.cc:75: Set actor max pending calls to -1 actor_id=8f05d70e7651563ace06fb7b01000000
[2026-05-26 17:29:53,701 I 22712 22712] actor_task_submitter.cc:75: Set actor max pending calls to -1 actor_id=417c453b723efa9d02ea3e0701000000
[2026-05-26 17:29:53,701 I 22712 22712] actor_task_submitter.cc:75: Set actor max pending calls to -1 actor_id=e9ea8dbb1c69f4f85e980f0d01000000
[2026-05-26 17:29:53,702 I 22712 22712] actor_task_submitter.cc:75: Set actor max pending calls to -1 actor_id=8aa4ada8c409c1c1c5ab308001000000
[2026-05-26 17:29:53,702 I 22712 22712] actor_task_submitter.cc:75: Set actor max pending calls to -1 actor_id=c909236997f3b377e3ad776601000000
[2026-05-26 17:29:53,702 I 22712 22712] actor_task_submitter.cc:75: Set actor max pending calls to -1 actor_id=0a00fd873e9761bc1ff9ccce01000000
[2026-05-26 17:29:53,703 I 22712 22712] actor_task_submitter.cc:75: Set actor max pending calls to -1 actor_id=b3c82d3a89257f74d18a664b01000000
[2026-05-26 17:29:53,703 I 22712 22712] actor_task_submitter.cc:75: Set actor max pending calls to -1 actor_id=ea8c1c1c0d47120f02c7c46f01000000
