[2026-05-26 17:29:47,423 I 22724 22724] core_worker_process.cc:795: Constructing CoreWorkerProcess. pid: 22724
[2026-05-26 17:29:47,425 I 22724 22724] event.cc:499: Ray Event initialized for CORE_WORKER
[2026-05-26 17:29:47,426 I 22724 22724] event.cc:499: Ray Event initialized for EXPORT_TASK
[2026-05-26 17:29:47,426 I 22724 22724] event.cc:332: Set ray event level to warning
[2026-05-26 17:29:47,427 I 22724 22724] grpc_server.cc:143: worker server started, listening on port 35263.
[2026-05-26 17:29:47,445 I 22724 22724] core_worker_process.cc:267: Initializing worker at address: 192.168.3.24:35263 worker_id=49fd9e580c80e7ea98edbe8f170217b52d5ea712aa204804dbe5d839 node_id=82a92378f944840657eca49978be6876cf30dbb75ee1a97392ece67d
[2026-05-26 17:29:47,446 I 22724 22724] task_event_buffer.cc:564: Reporting task events to GCS every 1000ms.
[2026-05-26 17:29:47,447 I 22724 22724] core_worker.cc:517: Adjusted worker niceness to 15
[2026-05-26 17:29:47,447 I 22724 22724] core_worker_process.cc:860: Metrics agent not available. To enable metrics, install Ray with dashboard support: `pip install 'ray[default]'`.
[2026-05-26 17:29:47,447 I 22724 23201] core_worker.cc:457: Event stats:


Global stats: 10 total (8 active)
Queueing time: mean = 0.00ms, max = 0.03ms, min = 0.02ms, total = 0.05ms
Execution time:  mean = 0.00ms, total = 0.03ms
Event stats:
	PeriodicalRunner.RunFnPeriodically - 7 total (5 active, 1 running), Execution time: mean = 0.00ms, total = 0.03ms, Queueing time: mean = 0.01ms, max = 0.03ms, min = 0.02ms, total = 0.05ms
	Publisher.CheckDeadSubscribers - 1 total (1 active), Execution time: mean = 0.00ms, total = 0.00ms, Queueing time: mean = 0.00ms, max = -0.00ms, min = 9223372036854.78ms, total = 0.00ms
	ray::rpc::WorkerInfoGcsService.grpc_client.AddWorkerInfo - 1 total (1 active), Execution time: mean = 0.00ms, total = 0.00ms, Queueing time: mean = 0.00ms, max = -0.00ms, min = 9223372036854.78ms, total = 0.00ms
	CoreWorker.ExitIfParentRayletDies - 1 total (1 active), Execution time: mean = 0.00ms, total = 0.00ms, Queueing time: mean = 0.00ms, max = -0.00ms, min = 9223372036854.78ms, total = 0.00ms

-----------------
Task execution event stats:

Global stats: 0 total (0 active)
Queueing time: mean = -nanms, max = -0.00ms, min = 9223372036854.78ms, total = 0.00ms
Execution time:  mean = -nanms, total = 0.00ms
Event stats:

-----------------
Task Event stats:

IO Service Stats:

Global stats: 2 total (1 active)
Queueing time: mean = 0.01ms, max = 0.01ms, min = 0.01ms, total = 0.01ms
Execution time:  mean = 0.02ms, total = 0.03ms
Event stats:
	CoreWorker.deadline_timer.flush_task_events - 1 total (1 active), Execution time: mean = 0.00ms, total = 0.00ms, Queueing time: mean = 0.00ms, max = -0.00ms, min = 9223372036854.78ms, total = 0.00ms
	PeriodicalRunner.RunFnPeriodically - 1 total (0 active), Execution time: mean = 0.03ms, total = 0.03ms, Queueing time: mean = 0.01ms, max = 0.01ms, min = 0.01ms, total = 0.01ms
Other Stats:
	gcs_grpc_in_progress:0
	event_aggregator_grpc_in_progress:0
	current number of task status events in buffer: 0
	current number of profile events in buffer: 0
	current number of dropped task attempts tracked: 0
	total task events sent: 0 MiB
	total number of task attempts sent: 0
	total number of task attempts dropped reported: 0
	total number of sent failure: 0
	num status task events dropped: 0
	num profile task events dropped: 0
	num ray task events reported to aggregator: 0
	num ray task events failed to report to aggregator: 0
	num of task attempts dropped reported to aggregator: 0
	num of failed requests to aggregator: 0

[2026-05-26 17:29:47,466 I 22724 22724] actor_task_submitter.cc:75: Set actor max pending calls to -1 actor_id=9e567e7c930d62d18e4b6f7a01000000
[2026-05-26 17:29:47,466 I 22724 22724] core_worker.cc:2889: Creating actor actor_id=9e567e7c930d62d18e4b6f7a01000000
[2026-05-26 17:29:47,576 I 22724 22724] task_receiver.cc:117: Actor creation task finished, task_id: ffffffffffffffff9e567e7c930d62d18e4b6f7a01000000, actor_id: 9e567e7c930d62d18e4b6f7a01000000, actor_repr_name: 
[2026-05-26 17:29:50,027 I 22724 22724] actor_task_submitter.cc:75: Set actor max pending calls to -1 actor_id=71692238e8ca9d603a459d4b01000000
[2026-05-26 17:29:50,028 I 22724 22724] actor_task_submitter.cc:75: Set actor max pending calls to -1 actor_id=3bbd54df6f2d71e3a941222701000000
[2026-05-26 17:29:50,028 I 22724 22724] actor_task_submitter.cc:75: Set actor max pending calls to -1 actor_id=db33a8437c147927b2133a5501000000
[2026-05-26 17:29:50,028 I 22724 22724] actor_task_submitter.cc:75: Set actor max pending calls to -1 actor_id=742d646c3fb52144a1fb1b5f01000000
[2026-05-26 17:29:50,028 I 22724 22724] actor_task_submitter.cc:75: Set actor max pending calls to -1 actor_id=8248e19d251e2f2d677b394b01000000
[2026-05-26 17:29:50,028 I 22724 22724] actor_task_submitter.cc:75: Set actor max pending calls to -1 actor_id=bfddf2248347a50fe3a1370101000000
[2026-05-26 17:29:50,029 I 22724 22724] actor_task_submitter.cc:75: Set actor max pending calls to -1 actor_id=9e567e7c930d62d18e4b6f7a01000000
[2026-05-26 17:29:50,029 I 22724 22724] actor_task_submitter.cc:75: Set actor max pending calls to -1 actor_id=0b7653502066a80132e5a8fb01000000
[2026-05-26 17:29:50,029 I 22724 22724] actor_task_submitter.cc:75: Set actor max pending calls to -1 actor_id=8f05d70e7651563ace06fb7b01000000
[2026-05-26 17:29:50,029 I 22724 22724] actor_task_submitter.cc:75: Set actor max pending calls to -1 actor_id=417c453b723efa9d02ea3e0701000000
[2026-05-26 17:29:50,029 I 22724 22724] actor_task_submitter.cc:75: Set actor max pending calls to -1 actor_id=e9ea8dbb1c69f4f85e980f0d01000000
[2026-05-26 17:29:50,029 I 22724 22724] actor_task_submitter.cc:75: Set actor max pending calls to -1 actor_id=8aa4ada8c409c1c1c5ab308001000000
[2026-05-26 17:29:50,029 I 22724 22724] actor_task_submitter.cc:75: Set actor max pending calls to -1 actor_id=c909236997f3b377e3ad776601000000
[2026-05-26 17:29:50,029 I 22724 22724] actor_task_submitter.cc:75: Set actor max pending calls to -1 actor_id=0a00fd873e9761bc1ff9ccce01000000
[2026-05-26 17:29:50,029 I 22724 22724] actor_task_submitter.cc:75: Set actor max pending calls to -1 actor_id=b3c82d3a89257f74d18a664b01000000
[2026-05-26 17:29:50,029 I 22724 22724] actor_task_submitter.cc:75: Set actor max pending calls to -1 actor_id=ea8c1c1c0d47120f02c7c46f01000000
[2026-05-26 17:29:50,529 I 22724 22724] actor_task_submitter.cc:75: Set actor max pending calls to -1 actor_id=71692238e8ca9d603a459d4b01000000
[2026-05-26 17:29:50,529 I 22724 22724] actor_task_submitter.cc:75: Set actor max pending calls to -1 actor_id=3bbd54df6f2d71e3a941222701000000
[2026-05-26 17:29:50,529 I 22724 22724] actor_task_submitter.cc:75: Set actor max pending calls to -1 actor_id=db33a8437c147927b2133a5501000000
[2026-05-26 17:29:50,530 I 22724 22724] actor_task_submitter.cc:75: Set actor max pending calls to -1 actor_id=742d646c3fb52144a1fb1b5f01000000
[2026-05-26 17:29:50,530 I 22724 22724] actor_task_submitter.cc:75: Set actor max pending calls to -1 actor_id=8248e19d251e2f2d677b394b01000000
[2026-05-26 17:29:50,530 I 22724 22724] actor_task_submitter.cc:75: Set actor max pending calls to -1 actor_id=bfddf2248347a50fe3a1370101000000
[2026-05-26 17:29:50,530 I 22724 22724] actor_task_submitter.cc:75: Set actor max pending calls to -1 actor_id=9e567e7c930d62d18e4b6f7a01000000
[2026-05-26 17:29:50,530 I 22724 22724] actor_task_submitter.cc:75: Set actor max pending calls to -1 actor_id=0b7653502066a80132e5a8fb01000000
[2026-05-26 17:29:50,530 I 22724 22724] actor_task_submitter.cc:75: Set actor max pending calls to -1 actor_id=8f05d70e7651563ace06fb7b01000000
[2026-05-26 17:29:50,531 I 22724 22724] actor_task_submitter.cc:75: Set actor max pending calls to -1 actor_id=417c453b723efa9d02ea3e0701000000
[2026-05-26 17:29:50,531 I 22724 22724] actor_task_submitter.cc:75: Set actor max pending calls to -1 actor_id=e9ea8dbb1c69f4f85e980f0d01000000
[2026-05-26 17:29:50,531 I 22724 22724] actor_task_submitter.cc:75: Set actor max pending calls to -1 actor_id=8aa4ada8c409c1c1c5ab308001000000
[2026-05-26 17:29:50,531 I 22724 22724] actor_task_submitter.cc:75: Set actor max pending calls to -1 actor_id=c909236997f3b377e3ad776601000000
[2026-05-26 17:29:50,531 I 22724 22724] actor_task_submitter.cc:75: Set actor max pending calls to -1 actor_id=0a00fd873e9761bc1ff9ccce01000000
[2026-05-26 17:29:50,532 I 22724 22724] actor_task_submitter.cc:75: Set actor max pending calls to -1 actor_id=b3c82d3a89257f74d18a664b01000000
[2026-05-26 17:29:50,532 I 22724 22724] actor_task_submitter.cc:75: Set actor max pending calls to -1 actor_id=ea8c1c1c0d47120f02c7c46f01000000
[2026-05-26 17:29:50,546 I 22724 22724] actor_task_submitter.cc:75: Set actor max pending calls to -1 actor_id=71692238e8ca9d603a459d4b01000000
[2026-05-26 17:29:50,546 I 22724 22724] actor_task_submitter.cc:75: Set actor max pending calls to -1 actor_id=3bbd54df6f2d71e3a941222701000000
[2026-05-26 17:29:50,546 I 22724 22724] actor_task_submitter.cc:75: Set actor max pending calls to -1 actor_id=db33a8437c147927b2133a5501000000
[2026-05-26 17:29:50,547 I 22724 22724] actor_task_submitter.cc:75: Set actor max pending calls to -1 actor_id=742d646c3fb52144a1fb1b5f01000000
[2026-05-26 17:29:50,547 I 22724 22724] actor_task_submitter.cc:75: Set actor max pending calls to -1 actor_id=8248e19d251e2f2d677b394b01000000
[2026-05-26 17:29:50,547 I 22724 22724] actor_task_submitter.cc:75: Set actor max pending calls to -1 actor_id=bfddf2248347a50fe3a1370101000000
[2026-05-26 17:29:50,547 I 22724 22724] actor_task_submitter.cc:75: Set actor max pending calls to -1 actor_id=9e567e7c930d62d18e4b6f7a01000000
[2026-05-26 17:29:50,547 I 22724 22724] actor_task_submitter.cc:75: Set actor max pending calls to -1 actor_id=0b7653502066a80132e5a8fb01000000
[2026-05-26 17:29:50,548 I 22724 22724] actor_task_submitter.cc:75: Set actor max pending calls to -1 actor_id=8f05d70e7651563ace06fb7b01000000
[2026-05-26 17:29:50,548 I 22724 22724] actor_task_submitter.cc:75: Set actor max pending calls to -1 actor_id=417c453b723efa9d02ea3e0701000000
[2026-05-26 17:29:50,548 I 22724 22724] actor_task_submitter.cc:75: Set actor max pending calls to -1 actor_id=e9ea8dbb1c69f4f85e980f0d01000000
[2026-05-26 17:29:50,548 I 22724 22724] actor_task_submitter.cc:75: Set actor max pending calls to -1 actor_id=8aa4ada8c409c1c1c5ab308001000000
[2026-05-26 17:29:50,548 I 22724 22724] actor_task_submitter.cc:75: Set actor max pending calls to -1 actor_id=c909236997f3b377e3ad776601000000
[2026-05-26 17:29:50,548 I 22724 22724] actor_task_submitter.cc:75: Set actor max pending calls to -1 actor_id=0a00fd873e9761bc1ff9ccce01000000
[2026-05-26 17:29:50,548 I 22724 22724] actor_task_submitter.cc:75: Set actor max pending calls to -1 actor_id=b3c82d3a89257f74d18a664b01000000
[2026-05-26 17:29:50,549 I 22724 22724] actor_task_submitter.cc:75: Set actor max pending calls to -1 actor_id=ea8c1c1c0d47120f02c7c46f01000000
[2026-05-26 17:29:50,657 I 22724 22724] actor_task_submitter.cc:75: Set actor max pending calls to -1 actor_id=71692238e8ca9d603a459d4b01000000
[2026-05-26 17:29:50,658 I 22724 22724] actor_task_submitter.cc:75: Set actor max pending calls to -1 actor_id=3bbd54df6f2d71e3a941222701000000
[2026-05-26 17:29:50,658 I 22724 22724] actor_task_submitter.cc:75: Set actor max pending calls to -1 actor_id=db33a8437c147927b2133a5501000000
[2026-05-26 17:29:50,659 I 22724 22724] actor_task_submitter.cc:75: Set actor max pending calls to -1 actor_id=742d646c3fb52144a1fb1b5f01000000
[2026-05-26 17:29:50,659 I 22724 22724] actor_task_submitter.cc:75: Set actor max pending calls to -1 actor_id=8248e19d251e2f2d677b394b01000000
[2026-05-26 17:29:50,659 I 22724 22724] actor_task_submitter.cc:75: Set actor max pending calls to -1 actor_id=bfddf2248347a50fe3a1370101000000
[2026-05-26 17:29:50,659 I 22724 22724] actor_task_submitter.cc:75: Set actor max pending calls to -1 actor_id=9e567e7c930d62d18e4b6f7a01000000
[2026-05-26 17:29:50,659 I 22724 22724] actor_task_submitter.cc:75: Set actor max pending calls to -1 actor_id=0b7653502066a80132e5a8fb01000000
[2026-05-26 17:29:50,660 I 22724 22724] actor_task_submitter.cc:75: Set actor max pending calls to -1 actor_id=8f05d70e7651563ace06fb7b01000000
[2026-05-26 17:29:50,660 I 22724 22724] actor_task_submitter.cc:75: Set actor max pending calls to -1 actor_id=417c453b723efa9d02ea3e0701000000
[2026-05-26 17:29:50,660 I 22724 22724] actor_task_submitter.cc:75: Set actor max pending calls to -1 actor_id=e9ea8dbb1c69f4f85e980f0d01000000
[2026-05-26 17:29:50,660 I 22724 22724] actor_task_submitter.cc:75: Set actor max pending calls to -1 actor_id=8aa4ada8c409c1c1c5ab308001000000
[2026-05-26 17:29:50,660 I 22724 22724] actor_task_submitter.cc:75: Set actor max pending calls to -1 actor_id=c909236997f3b377e3ad776601000000
[2026-05-26 17:29:50,660 I 22724 22724] actor_task_submitter.cc:75: Set actor max pending calls to -1 actor_id=0a00fd873e9761bc1ff9ccce01000000
[2026-05-26 17:29:50,660 I 22724 22724] actor_task_submitter.cc:75: Set actor max pending calls to -1 actor_id=b3c82d3a89257f74d18a664b01000000
[2026-05-26 17:29:50,661 I 22724 22724] actor_task_submitter.cc:75: Set actor max pending calls to -1 actor_id=ea8c1c1c0d47120f02c7c46f01000000
[2026-05-26 17:29:51,138 I 22724 22724] actor_task_submitter.cc:75: Set actor max pending calls to -1 actor_id=71692238e8ca9d603a459d4b01000000
[2026-05-26 17:29:51,138 I 22724 22724] actor_task_submitter.cc:75: Set actor max pending calls to -1 actor_id=3bbd54df6f2d71e3a941222701000000
[2026-05-26 17:29:51,139 I 22724 22724] actor_task_submitter.cc:75: Set actor max pending calls to -1 actor_id=db33a8437c147927b2133a5501000000
[2026-05-26 17:29:51,139 I 22724 22724] actor_task_submitter.cc:75: Set actor max pending calls to -1 actor_id=742d646c3fb52144a1fb1b5f01000000
[2026-05-26 17:29:51,139 I 22724 22724] actor_task_submitter.cc:75: Set actor max pending calls to -1 actor_id=8248e19d251e2f2d677b394b01000000
[2026-05-26 17:29:51,139 I 22724 22724] actor_task_submitter.cc:75: Set actor max pending calls to -1 actor_id=bfddf2248347a50fe3a1370101000000
[2026-05-26 17:29:51,139 I 22724 22724] actor_task_submitter.cc:75: Set actor max pending calls to -1 actor_id=9e567e7c930d62d18e4b6f7a01000000
[2026-05-26 17:29:51,139 I 22724 22724] actor_task_submitter.cc:75: Set actor max pending calls to -1 actor_id=0b7653502066a80132e5a8fb01000000
[2026-05-26 17:29:51,140 I 22724 22724] actor_task_submitter.cc:75: Set actor max pending calls to -1 actor_id=8f05d70e7651563ace06fb7b01000000
[2026-05-26 17:29:51,140 I 22724 22724] actor_task_submitter.cc:75: Set actor max pending calls to -1 actor_id=417c453b723efa9d02ea3e0701000000
[2026-05-26 17:29:51,140 I 22724 22724] actor_task_submitter.cc:75: Set actor max pending calls to -1 actor_id=e9ea8dbb1c69f4f85e980f0d01000000
[2026-05-26 17:29:51,140 I 22724 22724] actor_task_submitter.cc:75: Set actor max pending calls to -1 actor_id=8aa4ada8c409c1c1c5ab308001000000
[2026-05-26 17:29:51,140 I 22724 22724] actor_task_submitter.cc:75: Set actor max pending calls to -1 actor_id=c909236997f3b377e3ad776601000000
[2026-05-26 17:29:51,140 I 22724 22724] actor_task_submitter.cc:75: Set actor max pending calls to -1 actor_id=0a00fd873e9761bc1ff9ccce01000000
[2026-05-26 17:29:51,140 I 22724 22724] actor_task_submitter.cc:75: Set actor max pending calls to -1 actor_id=b3c82d3a89257f74d18a664b01000000
[2026-05-26 17:29:51,141 I 22724 22724] actor_task_submitter.cc:75: Set actor max pending calls to -1 actor_id=ea8c1c1c0d47120f02c7c46f01000000
[2026-05-26 17:29:51,158 I 22724 22724] actor_task_submitter.cc:75: Set actor max pending calls to -1 actor_id=71692238e8ca9d603a459d4b01000000
[2026-05-26 17:29:51,158 I 22724 22724] actor_task_submitter.cc:75: Set actor max pending calls to -1 actor_id=3bbd54df6f2d71e3a941222701000000
[2026-05-26 17:29:51,159 I 22724 22724] actor_task_submitter.cc:75: Set actor max pending calls to -1 actor_id=db33a8437c147927b2133a5501000000
[2026-05-26 17:29:51,159 I 22724 22724] actor_task_submitter.cc:75: Set actor max pending calls to -1 actor_id=742d646c3fb52144a1fb1b5f01000000
[2026-05-26 17:29:51,159 I 22724 22724] actor_task_submitter.cc:75: Set actor max pending calls to -1 actor_id=8248e19d251e2f2d677b394b01000000
[2026-05-26 17:29:51,159 I 22724 22724] actor_task_submitter.cc:75: Set actor max pending calls to -1 actor_id=bfddf2248347a50fe3a1370101000000
[2026-05-26 17:29:51,159 I 22724 22724] actor_task_submitter.cc:75: Set actor max pending calls to -1 actor_id=9e567e7c930d62d18e4b6f7a01000000
[2026-05-26 17:29:51,159 I 22724 22724] actor_task_submitter.cc:75: Set actor max pending calls to -1 actor_id=0b7653502066a80132e5a8fb01000000
[2026-05-26 17:29:51,159 I 22724 22724] actor_task_submitter.cc:75: Set actor max pending calls to -1 actor_id=8f05d70e7651563ace06fb7b01000000
[2026-05-26 17:29:51,160 I 22724 22724] actor_task_submitter.cc:75: Set actor max pending calls to -1 actor_id=417c453b723efa9d02ea3e0701000000
[2026-05-26 17:29:51,160 I 22724 22724] actor_task_submitter.cc:75: Set actor max pending calls to -1 actor_id=e9ea8dbb1c69f4f85e980f0d01000000
[2026-05-26 17:29:51,160 I 22724 22724] actor_task_submitter.cc:75: Set actor max pending calls to -1 actor_id=8aa4ada8c409c1c1c5ab308001000000
[2026-05-26 17:29:51,160 I 22724 22724] actor_task_submitter.cc:75: Set actor max pending calls to -1 actor_id=c909236997f3b377e3ad776601000000
[2026-05-26 17:29:51,160 I 22724 22724] actor_task_submitter.cc:75: Set actor max pending calls to -1 actor_id=0a00fd873e9761bc1ff9ccce01000000
[2026-05-26 17:29:51,160 I 22724 22724] actor_task_submitter.cc:75: Set actor max pending calls to -1 actor_id=b3c82d3a89257f74d18a664b01000000
[2026-05-26 17:29:51,160 I 22724 22724] actor_task_submitter.cc:75: Set actor max pending calls to -1 actor_id=ea8c1c1c0d47120f02c7c46f01000000
[2026-05-26 17:29:51,318 I 22724 22724] actor_task_submitter.cc:75: Set actor max pending calls to -1 actor_id=71692238e8ca9d603a459d4b01000000
[2026-05-26 17:29:51,319 I 22724 22724] actor_task_submitter.cc:75: Set actor max pending calls to -1 actor_id=3bbd54df6f2d71e3a941222701000000
[2026-05-26 17:29:51,319 I 22724 22724] actor_task_submitter.cc:75: Set actor max pending calls to -1 actor_id=db33a8437c147927b2133a5501000000
[2026-05-26 17:29:51,319 I 22724 22724] actor_task_submitter.cc:75: Set actor max pending calls to -1 actor_id=742d646c3fb52144a1fb1b5f01000000
[2026-05-26 17:29:51,319 I 22724 22724] actor_task_submitter.cc:75: Set actor max pending calls to -1 actor_id=8248e19d251e2f2d677b394b01000000
[2026-05-26 17:29:51,319 I 22724 22724] actor_task_submitter.cc:75: Set actor max pending calls to -1 actor_id=bfddf2248347a50fe3a1370101000000
[2026-05-26 17:29:51,319 I 22724 22724] actor_task_submitter.cc:75: Set actor max pending calls to -1 actor_id=9e567e7c930d62d18e4b6f7a01000000
[2026-05-26 17:29:51,319 I 22724 22724] actor_task_submitter.cc:75: Set actor max pending calls to -1 actor_id=0b7653502066a80132e5a8fb01000000
[2026-05-26 17:29:51,320 I 22724 22724] actor_task_submitter.cc:75: Set actor max pending calls to -1 actor_id=8f05d70e7651563ace06fb7b01000000
[2026-05-26 17:29:51,320 I 22724 22724] actor_task_submitter.cc:75: Set actor max pending calls to -1 actor_id=417c453b723efa9d02ea3e0701000000
[2026-05-26 17:29:51,320 I 22724 22724] actor_task_submitter.cc:75: Set actor max pending calls to -1 actor_id=e9ea8dbb1c69f4f85e980f0d01000000
[2026-05-26 17:29:51,320 I 22724 22724] actor_task_submitter.cc:75: Set actor max pending calls to -1 actor_id=8aa4ada8c409c1c1c5ab308001000000
[2026-05-26 17:29:51,320 I 22724 22724] actor_task_submitter.cc:75: Set actor max pending calls to -1 actor_id=c909236997f3b377e3ad776601000000
[2026-05-26 17:29:51,320 I 22724 22724] actor_task_submitter.cc:75: Set actor max pending calls to -1 actor_id=0a00fd873e9761bc1ff9ccce01000000
[2026-05-26 17:29:51,320 I 22724 22724] actor_task_submitter.cc:75: Set actor max pending calls to -1 actor_id=b3c82d3a89257f74d18a664b01000000
[2026-05-26 17:29:51,320 I 22724 22724] actor_task_submitter.cc:75: Set actor max pending calls to -1 actor_id=ea8c1c1c0d47120f02c7c46f01000000
[2026-05-26 17:29:51,651 I 22724 22724] actor_task_submitter.cc:75: Set actor max pending calls to -1 actor_id=71692238e8ca9d603a459d4b01000000
[2026-05-26 17:29:51,652 I 22724 22724] actor_task_submitter.cc:75: Set actor max pending calls to -1 actor_id=3bbd54df6f2d71e3a941222701000000
[2026-05-26 17:29:51,652 I 22724 22724] actor_task_submitter.cc:75: Set actor max pending calls to -1 actor_id=db33a8437c147927b2133a5501000000
[2026-05-26 17:29:51,652 I 22724 22724] actor_task_submitter.cc:75: Set actor max pending calls to -1 actor_id=742d646c3fb52144a1fb1b5f01000000
[2026-05-26 17:29:51,652 I 22724 22724] actor_task_submitter.cc:75: Set actor max pending calls to -1 actor_id=8248e19d251e2f2d677b394b01000000
[2026-05-26 17:29:51,653 I 22724 22724] actor_task_submitter.cc:75: Set actor max pending calls to -1 actor_id=bfddf2248347a50fe3a1370101000000
[2026-05-26 17:29:51,653 I 22724 22724] actor_task_submitter.cc:75: Set actor max pending calls to -1 actor_id=9e567e7c930d62d18e4b6f7a01000000
[2026-05-26 17:29:51,653 I 22724 22724] actor_task_submitter.cc:75: Set actor max pending calls to -1 actor_id=0b7653502066a80132e5a8fb01000000
[2026-05-26 17:29:51,654 I 22724 22724] actor_task_submitter.cc:75: Set actor max pending calls to -1 actor_id=8f05d70e7651563ace06fb7b01000000
[2026-05-26 17:29:51,654 I 22724 22724] actor_task_submitter.cc:75: Set actor max pending calls to -1 actor_id=417c453b723efa9d02ea3e0701000000
[2026-05-26 17:29:51,654 I 22724 22724] actor_task_submitter.cc:75: Set actor max pending calls to -1 actor_id=e9ea8dbb1c69f4f85e980f0d01000000
[2026-05-26 17:29:51,655 I 22724 22724] actor_task_submitter.cc:75: Set actor max pending calls to -1 actor_id=8aa4ada8c409c1c1c5ab308001000000
[2026-05-26 17:29:51,655 I 22724 22724] actor_task_submitter.cc:75: Set actor max pending calls to -1 actor_id=c909236997f3b377e3ad776601000000
[2026-05-26 17:29:51,655 I 22724 22724] actor_task_submitter.cc:75: Set actor max pending calls to -1 actor_id=0a00fd873e9761bc1ff9ccce01000000
[2026-05-26 17:29:51,656 I 22724 22724] actor_task_submitter.cc:75: Set actor max pending calls to -1 actor_id=b3c82d3a89257f74d18a664b01000000
[2026-05-26 17:29:51,656 I 22724 22724] actor_task_submitter.cc:75: Set actor max pending calls to -1 actor_id=ea8c1c1c0d47120f02c7c46f01000000
[2026-05-26 17:29:51,672 I 22724 22724] actor_task_submitter.cc:75: Set actor max pending calls to -1 actor_id=71692238e8ca9d603a459d4b01000000
[2026-05-26 17:29:51,672 I 22724 22724] actor_task_submitter.cc:75: Set actor max pending calls to -1 actor_id=3bbd54df6f2d71e3a941222701000000
[2026-05-26 17:29:51,672 I 22724 22724] actor_task_submitter.cc:75: Set actor max pending calls to -1 actor_id=db33a8437c147927b2133a5501000000
[2026-05-26 17:29:51,672 I 22724 22724] actor_task_submitter.cc:75: Set actor max pending calls to -1 actor_id=742d646c3fb52144a1fb1b5f01000000
[2026-05-26 17:29:51,672 I 22724 22724] actor_task_submitter.cc:75: Set actor max pending calls to -1 actor_id=8248e19d251e2f2d677b394b01000000
[2026-05-26 17:29:51,672 I 22724 22724] actor_task_submitter.cc:75: Set actor max pending calls to -1 actor_id=bfddf2248347a50fe3a1370101000000
[2026-05-26 17:29:51,673 I 22724 22724] actor_task_submitter.cc:75: Set actor max pending calls to -1 actor_id=9e567e7c930d62d18e4b6f7a01000000
[2026-05-26 17:29:51,673 I 22724 22724] actor_task_submitter.cc:75: Set actor max pending calls to -1 actor_id=0b7653502066a80132e5a8fb01000000
[2026-05-26 17:29:51,673 I 22724 22724] actor_task_submitter.cc:75: Set actor max pending calls to -1 actor_id=8f05d70e7651563ace06fb7b01000000
[2026-05-26 17:29:51,673 I 22724 22724] actor_task_submitter.cc:75: Set actor max pending calls to -1 actor_id=417c453b723efa9d02ea3e0701000000
[2026-05-26 17:29:51,673 I 22724 22724] actor_task_submitter.cc:75: Set actor max pending calls to -1 actor_id=e9ea8dbb1c69f4f85e980f0d01000000
[2026-05-26 17:29:51,673 I 22724 22724] actor_task_submitter.cc:75: Set actor max pending calls to -1 actor_id=8aa4ada8c409c1c1c5ab308001000000
[2026-05-26 17:29:51,673 I 22724 22724] actor_task_submitter.cc:75: Set actor max pending calls to -1 actor_id=c909236997f3b377e3ad776601000000
[2026-05-26 17:29:51,673 I 22724 22724] actor_task_submitter.cc:75: Set actor max pending calls to -1 actor_id=0a00fd873e9761bc1ff9ccce01000000
[2026-05-26 17:29:51,673 I 22724 22724] actor_task_submitter.cc:75: Set actor max pending calls to -1 actor_id=b3c82d3a89257f74d18a664b01000000
[2026-05-26 17:29:51,674 I 22724 22724] actor_task_submitter.cc:75: Set actor max pending calls to -1 actor_id=ea8c1c1c0d47120f02c7c46f01000000
[2026-05-26 17:29:52,210 I 22724 22724] actor_task_submitter.cc:75: Set actor max pending calls to -1 actor_id=71692238e8ca9d603a459d4b01000000
[2026-05-26 17:29:52,210 I 22724 22724] actor_task_submitter.cc:75: Set actor max pending calls to -1 actor_id=3bbd54df6f2d71e3a941222701000000
[2026-05-26 17:29:52,211 I 22724 22724] actor_task_submitter.cc:75: Set actor max pending calls to -1 actor_id=db33a8437c147927b2133a5501000000
[2026-05-26 17:29:52,211 I 22724 22724] actor_task_submitter.cc:75: Set actor max pending calls to -1 actor_id=742d646c3fb52144a1fb1b5f01000000
[2026-05-26 17:29:52,212 I 22724 22724] actor_task_submitter.cc:75: Set actor max pending calls to -1 actor_id=8248e19d251e2f2d677b394b01000000
[2026-05-26 17:29:52,212 I 22724 22724] actor_task_submitter.cc:75: Set actor max pending calls to -1 actor_id=bfddf2248347a50fe3a1370101000000
[2026-05-26 17:29:52,212 I 22724 22724] actor_task_submitter.cc:75: Set actor max pending calls to -1 actor_id=9e567e7c930d62d18e4b6f7a01000000
[2026-05-26 17:29:52,213 I 22724 22724] actor_task_submitter.cc:75: Set actor max pending calls to -1 actor_id=0b7653502066a80132e5a8fb01000000
[2026-05-26 17:29:52,213 I 22724 22724] actor_task_submitter.cc:75: Set actor max pending calls to -1 actor_id=8f05d70e7651563ace06fb7b01000000
[2026-05-26 17:29:52,213 I 22724 22724] actor_task_submitter.cc:75: Set actor max pending calls to -1 actor_id=417c453b723efa9d02ea3e0701000000
[2026-05-26 17:29:52,214 I 22724 22724] actor_task_submitter.cc:75: Set actor max pending calls to -1 actor_id=e9ea8dbb1c69f4f85e980f0d01000000
[2026-05-26 17:29:52,214 I 22724 22724] actor_task_submitter.cc:75: Set actor max pending calls to -1 actor_id=8aa4ada8c409c1c1c5ab308001000000
[2026-05-26 17:29:52,214 I 22724 22724] actor_task_submitter.cc:75: Set actor max pending calls to -1 actor_id=c909236997f3b377e3ad776601000000
[2026-05-26 17:29:52,214 I 22724 22724] actor_task_submitter.cc:75: Set actor max pending calls to -1 actor_id=0a00fd873e9761bc1ff9ccce01000000
[2026-05-26 17:29:52,215 I 22724 22724] actor_task_submitter.cc:75: Set actor max pending calls to -1 actor_id=b3c82d3a89257f74d18a664b01000000
[2026-05-26 17:29:52,215 I 22724 22724] actor_task_submitter.cc:75: Set actor max pending calls to -1 actor_id=ea8c1c1c0d47120f02c7c46f01000000
[2026-05-26 17:29:52,584 I 22724 22724] actor_task_submitter.cc:75: Set actor max pending calls to -1 actor_id=71692238e8ca9d603a459d4b01000000
[2026-05-26 17:29:52,584 I 22724 22724] actor_task_submitter.cc:75: Set actor max pending calls to -1 actor_id=3bbd54df6f2d71e3a941222701000000
[2026-05-26 17:29:52,584 I 22724 22724] actor_task_submitter.cc:75: Set actor max pending calls to -1 actor_id=db33a8437c147927b2133a5501000000
[2026-05-26 17:29:52,585 I 22724 22724] actor_task_submitter.cc:75: Set actor max pending calls to -1 actor_id=742d646c3fb52144a1fb1b5f01000000
[2026-05-26 17:29:52,585 I 22724 22724] actor_task_submitter.cc:75: Set actor max pending calls to -1 actor_id=8248e19d251e2f2d677b394b01000000
[2026-05-26 17:29:52,585 I 22724 22724] actor_task_submitter.cc:75: Set actor max pending calls to -1 actor_id=bfddf2248347a50fe3a1370101000000
[2026-05-26 17:29:52,585 I 22724 22724] actor_task_submitter.cc:75: Set actor max pending calls to -1 actor_id=9e567e7c930d62d18e4b6f7a01000000
[2026-05-26 17:29:52,586 I 22724 22724] actor_task_submitter.cc:75: Set actor max pending calls to -1 actor_id=0b7653502066a80132e5a8fb01000000
[2026-05-26 17:29:52,586 I 22724 22724] actor_task_submitter.cc:75: Set actor max pending calls to -1 actor_id=8f05d70e7651563ace06fb7b01000000
[2026-05-26 17:29:52,586 I 22724 22724] actor_task_submitter.cc:75: Set actor max pending calls to -1 actor_id=417c453b723efa9d02ea3e0701000000
[2026-05-26 17:29:52,587 I 22724 22724] actor_task_submitter.cc:75: Set actor max pending calls to -1 actor_id=e9ea8dbb1c69f4f85e980f0d01000000
[2026-05-26 17:29:52,587 I 22724 22724] actor_task_submitter.cc:75: Set actor max pending calls to -1 actor_id=8aa4ada8c409c1c1c5ab308001000000
[2026-05-26 17:29:52,587 I 22724 22724] actor_task_submitter.cc:75: Set actor max pending calls to -1 actor_id=c909236997f3b377e3ad776601000000
[2026-05-26 17:29:52,587 I 22724 22724] actor_task_submitter.cc:75: Set actor max pending calls to -1 actor_id=0a00fd873e9761bc1ff9ccce01000000
[2026-05-26 17:29:52,588 I 22724 22724] actor_task_submitter.cc:75: Set actor max pending calls to -1 actor_id=b3c82d3a89257f74d18a664b01000000
[2026-05-26 17:29:52,588 I 22724 22724] actor_task_submitter.cc:75: Set actor max pending calls to -1 actor_id=ea8c1c1c0d47120f02c7c46f01000000
[2026-05-26 17:29:52,605 I 22724 22724] actor_task_submitter.cc:75: Set actor max pending calls to -1 actor_id=71692238e8ca9d603a459d4b01000000
[2026-05-26 17:29:52,605 I 22724 22724] actor_task_submitter.cc:75: Set actor max pending calls to -1 actor_id=3bbd54df6f2d71e3a941222701000000
[2026-05-26 17:29:52,605 I 22724 22724] actor_task_submitter.cc:75: Set actor max pending calls to -1 actor_id=db33a8437c147927b2133a5501000000
[2026-05-26 17:29:52,605 I 22724 22724] actor_task_submitter.cc:75: Set actor max pending calls to -1 actor_id=742d646c3fb52144a1fb1b5f01000000
[2026-05-26 17:29:52,605 I 22724 22724] actor_task_submitter.cc:75: Set actor max pending calls to -1 actor_id=8248e19d251e2f2d677b394b01000000
[2026-05-26 17:29:52,606 I 22724 22724] actor_task_submitter.cc:75: Set actor max pending calls to -1 actor_id=bfddf2248347a50fe3a1370101000000
[2026-05-26 17:29:52,606 I 22724 22724] actor_task_submitter.cc:75: Set actor max pending calls to -1 actor_id=9e567e7c930d62d18e4b6f7a01000000
[2026-05-26 17:29:52,606 I 22724 22724] actor_task_submitter.cc:75: Set actor max pending calls to -1 actor_id=0b7653502066a80132e5a8fb01000000
[2026-05-26 17:29:52,606 I 22724 22724] actor_task_submitter.cc:75: Set actor max pending calls to -1 actor_id=8f05d70e7651563ace06fb7b01000000
[2026-05-26 17:29:52,606 I 22724 22724] actor_task_submitter.cc:75: Set actor max pending calls to -1 actor_id=417c453b723efa9d02ea3e0701000000
[2026-05-26 17:29:52,607 I 22724 22724] actor_task_submitter.cc:75: Set actor max pending calls to -1 actor_id=e9ea8dbb1c69f4f85e980f0d01000000
[2026-05-26 17:29:52,607 I 22724 22724] actor_task_submitter.cc:75: Set actor max pending calls to -1 actor_id=8aa4ada8c409c1c1c5ab308001000000
[2026-05-26 17:29:52,607 I 22724 22724] actor_task_submitter.cc:75: Set actor max pending calls to -1 actor_id=c909236997f3b377e3ad776601000000
[2026-05-26 17:29:52,607 I 22724 22724] actor_task_submitter.cc:75: Set actor max pending calls to -1 actor_id=0a00fd873e9761bc1ff9ccce01000000
[2026-05-26 17:29:52,607 I 22724 22724] actor_task_submitter.cc:75: Set actor max pending calls to -1 actor_id=b3c82d3a89257f74d18a664b01000000
[2026-05-26 17:29:52,607 I 22724 22724] actor_task_submitter.cc:75: Set actor max pending calls to -1 actor_id=ea8c1c1c0d47120f02c7c46f01000000
[2026-05-26 17:29:53,293 I 22724 22724] actor_task_submitter.cc:75: Set actor max pending calls to -1 actor_id=71692238e8ca9d603a459d4b01000000
[2026-05-26 17:29:53,293 I 22724 22724] actor_task_submitter.cc:75: Set actor max pending calls to -1 actor_id=3bbd54df6f2d71e3a941222701000000
[2026-05-26 17:29:53,294 I 22724 22724] actor_task_submitter.cc:75: Set actor max pending calls to -1 actor_id=db33a8437c147927b2133a5501000000
[2026-05-26 17:29:53,294 I 22724 22724] actor_task_submitter.cc:75: Set actor max pending calls to -1 actor_id=742d646c3fb52144a1fb1b5f01000000
[2026-05-26 17:29:53,294 I 22724 22724] actor_task_submitter.cc:75: Set actor max pending calls to -1 actor_id=8248e19d251e2f2d677b394b01000000
[2026-05-26 17:29:53,294 I 22724 22724] actor_task_submitter.cc:75: Set actor max pending calls to -1 actor_id=bfddf2248347a50fe3a1370101000000
[2026-05-26 17:29:53,294 I 22724 22724] actor_task_submitter.cc:75: Set actor max pending calls to -1 actor_id=9e567e7c930d62d18e4b6f7a01000000
[2026-05-26 17:29:53,295 I 22724 22724] actor_task_submitter.cc:75: Set actor max pending calls to -1 actor_id=0b7653502066a80132e5a8fb01000000
[2026-05-26 17:29:53,295 I 22724 22724] actor_task_submitter.cc:75: Set actor max pending calls to -1 actor_id=8f05d70e7651563ace06fb7b01000000
[2026-05-26 17:29:53,295 I 22724 22724] actor_task_submitter.cc:75: Set actor max pending calls to -1 actor_id=417c453b723efa9d02ea3e0701000000
[2026-05-26 17:29:53,295 I 22724 22724] actor_task_submitter.cc:75: Set actor max pending calls to -1 actor_id=e9ea8dbb1c69f4f85e980f0d01000000
[2026-05-26 17:29:53,295 I 22724 22724] actor_task_submitter.cc:75: Set actor max pending calls to -1 actor_id=8aa4ada8c409c1c1c5ab308001000000
[2026-05-26 17:29:53,295 I 22724 22724] actor_task_submitter.cc:75: Set actor max pending calls to -1 actor_id=c909236997f3b377e3ad776601000000
[2026-05-26 17:29:53,296 I 22724 22724] actor_task_submitter.cc:75: Set actor max pending calls to -1 actor_id=0a00fd873e9761bc1ff9ccce01000000
[2026-05-26 17:29:53,296 I 22724 22724] actor_task_submitter.cc:75: Set actor max pending calls to -1 actor_id=b3c82d3a89257f74d18a664b01000000
[2026-05-26 17:29:53,296 I 22724 22724] actor_task_submitter.cc:75: Set actor max pending calls to -1 actor_id=ea8c1c1c0d47120f02c7c46f01000000
[2026-05-26 17:29:53,671 I 22724 22724] actor_task_submitter.cc:75: Set actor max pending calls to -1 actor_id=71692238e8ca9d603a459d4b01000000
[2026-05-26 17:29:53,671 I 22724 22724] actor_task_submitter.cc:75: Set actor max pending calls to -1 actor_id=3bbd54df6f2d71e3a941222701000000
[2026-05-26 17:29:53,672 I 22724 22724] actor_task_submitter.cc:75: Set actor max pending calls to -1 actor_id=db33a8437c147927b2133a5501000000
[2026-05-26 17:29:53,672 I 22724 22724] actor_task_submitter.cc:75: Set actor max pending calls to -1 actor_id=742d646c3fb52144a1fb1b5f01000000
[2026-05-26 17:29:53,672 I 22724 22724] actor_task_submitter.cc:75: Set actor max pending calls to -1 actor_id=8248e19d251e2f2d677b394b01000000
[2026-05-26 17:29:53,673 I 22724 22724] actor_task_submitter.cc:75: Set actor max pending calls to -1 actor_id=bfddf2248347a50fe3a1370101000000
[2026-05-26 17:29:53,673 I 22724 22724] actor_task_submitter.cc:75: Set actor max pending calls to -1 actor_id=9e567e7c930d62d18e4b6f7a01000000
[2026-05-26 17:29:53,673 I 22724 22724] actor_task_submitter.cc:75: Set actor max pending calls to -1 actor_id=0b7653502066a80132e5a8fb01000000
[2026-05-26 17:29:53,673 I 22724 22724] actor_task_submitter.cc:75: Set actor max pending calls to -1 actor_id=8f05d70e7651563ace06fb7b01000000
[2026-05-26 17:29:53,674 I 22724 22724] actor_task_submitter.cc:75: Set actor max pending calls to -1 actor_id=417c453b723efa9d02ea3e0701000000
[2026-05-26 17:29:53,674 I 22724 22724] actor_task_submitter.cc:75: Set actor max pending calls to -1 actor_id=e9ea8dbb1c69f4f85e980f0d01000000
[2026-05-26 17:29:53,674 I 22724 22724] actor_task_submitter.cc:75: Set actor max pending calls to -1 actor_id=8aa4ada8c409c1c1c5ab308001000000
[2026-05-26 17:29:53,675 I 22724 22724] actor_task_submitter.cc:75: Set actor max pending calls to -1 actor_id=c909236997f3b377e3ad776601000000
[2026-05-26 17:29:53,675 I 22724 22724] actor_task_submitter.cc:75: Set actor max pending calls to -1 actor_id=0a00fd873e9761bc1ff9ccce01000000
[2026-05-26 17:29:53,675 I 22724 22724] actor_task_submitter.cc:75: Set actor max pending calls to -1 actor_id=b3c82d3a89257f74d18a664b01000000
[2026-05-26 17:29:53,676 I 22724 22724] actor_task_submitter.cc:75: Set actor max pending calls to -1 actor_id=ea8c1c1c0d47120f02c7c46f01000000
[2026-05-26 17:29:53,701 I 22724 22724] actor_task_submitter.cc:75: Set actor max pending calls to -1 actor_id=71692238e8ca9d603a459d4b01000000
[2026-05-26 17:29:53,701 I 22724 22724] actor_task_submitter.cc:75: Set actor max pending calls to -1 actor_id=3bbd54df6f2d71e3a941222701000000
[2026-05-26 17:29:53,701 I 22724 22724] actor_task_submitter.cc:75: Set actor max pending calls to -1 actor_id=db33a8437c147927b2133a5501000000
[2026-05-26 17:29:53,702 I 22724 22724] actor_task_submitter.cc:75: Set actor max pending calls to -1 actor_id=742d646c3fb52144a1fb1b5f01000000
[2026-05-26 17:29:53,702 I 22724 22724] actor_task_submitter.cc:75: Set actor max pending calls to -1 actor_id=8248e19d251e2f2d677b394b01000000
[2026-05-26 17:29:53,702 I 22724 22724] actor_task_submitter.cc:75: Set actor max pending calls to -1 actor_id=bfddf2248347a50fe3a1370101000000
[2026-05-26 17:29:53,702 I 22724 22724] actor_task_submitter.cc:75: Set actor max pending calls to -1 actor_id=9e567e7c930d62d18e4b6f7a01000000
[2026-05-26 17:29:53,703 I 22724 22724] actor_task_submitter.cc:75: Set actor max pending calls to -1 actor_id=0b7653502066a80132e5a8fb01000000
[2026-05-26 17:29:53,703 I 22724 22724] actor_task_submitter.cc:75: Set actor max pending calls to -1 actor_id=8f05d70e7651563ace06fb7b01000000
[2026-05-26 17:29:53,703 I 22724 22724] actor_task_submitter.cc:75: Set actor max pending calls to -1 actor_id=417c453b723efa9d02ea3e0701000000
[2026-05-26 17:29:53,704 I 22724 22724] actor_task_submitter.cc:75: Set actor max pending calls to -1 actor_id=e9ea8dbb1c69f4f85e980f0d01000000
[2026-05-26 17:29:53,704 I 22724 22724] actor_task_submitter.cc:75: Set actor max pending calls to -1 actor_id=8aa4ada8c409c1c1c5ab308001000000
[2026-05-26 17:29:53,704 I 22724 22724] actor_task_submitter.cc:75: Set actor max pending calls to -1 actor_id=c909236997f3b377e3ad776601000000
[2026-05-26 17:29:53,705 I 22724 22724] actor_task_submitter.cc:75: Set actor max pending calls to -1 actor_id=0a00fd873e9761bc1ff9ccce01000000
[2026-05-26 17:29:53,705 I 22724 22724] actor_task_submitter.cc:75: Set actor max pending calls to -1 actor_id=b3c82d3a89257f74d18a664b01000000
[2026-05-26 17:29:53,705 I 22724 22724] actor_task_submitter.cc:75: Set actor max pending calls to -1 actor_id=ea8c1c1c0d47120f02c7c46f01000000
