[2026-05-26 17:29:47,300 I 22715 22715] core_worker_process.cc:795: Constructing CoreWorkerProcess. pid: 22715
[2026-05-26 17:29:47,304 I 22715 22715] event.cc:499: Ray Event initialized for CORE_WORKER
[2026-05-26 17:29:47,304 I 22715 22715] event.cc:499: Ray Event initialized for EXPORT_TASK
[2026-05-26 17:29:47,304 I 22715 22715] event.cc:332: Set ray event level to warning
[2026-05-26 17:29:47,305 I 22715 22715] grpc_server.cc:143: worker server started, listening on port 38913.
[2026-05-26 17:29:47,321 I 22715 22715] core_worker_process.cc:267: Initializing worker at address: 192.168.3.24:38913 worker_id=7acc857d973cb68369622e109535b77eb8d398421a40bb82a8b0343c node_id=82a92378f944840657eca49978be6876cf30dbb75ee1a97392ece67d
[2026-05-26 17:29:47,322 I 22715 22715] task_event_buffer.cc:564: Reporting task events to GCS every 1000ms.
[2026-05-26 17:29:47,323 I 22715 22715] core_worker.cc:517: Adjusted worker niceness to 15
[2026-05-26 17:29:47,323 I 22715 22715] core_worker_process.cc:860: Metrics agent not available. To enable metrics, install Ray with dashboard support: `pip install 'ray[default]'`.
[2026-05-26 17:29:47,323 I 22715 22870] core_worker.cc:457: Event stats:


Global stats: 10 total (8 active)
Queueing time: mean = 0.03ms, max = 0.25ms, min = 0.02ms, total = 0.27ms
Execution time:  mean = 0.00ms, total = 0.03ms
Event stats:
	PeriodicalRunner.RunFnPeriodically - 7 total (5 active, 1 running), Execution time: mean = 0.00ms, total = 0.03ms, Queueing time: mean = 0.04ms, max = 0.25ms, min = 0.02ms, total = 0.27ms
	CoreWorker.ExitIfParentRayletDies - 1 total (1 active), Execution time: mean = 0.00ms, total = 0.00ms, Queueing time: mean = 0.00ms, max = -0.00ms, min = 9223372036854.78ms, total = 0.00ms
	Publisher.CheckDeadSubscribers - 1 total (1 active), Execution time: mean = 0.00ms, total = 0.00ms, Queueing time: mean = 0.00ms, max = -0.00ms, min = 9223372036854.78ms, total = 0.00ms
	ray::rpc::WorkerInfoGcsService.grpc_client.AddWorkerInfo - 1 total (1 active), Execution time: mean = 0.00ms, total = 0.00ms, Queueing time: mean = 0.00ms, max = -0.00ms, min = 9223372036854.78ms, total = 0.00ms

-----------------
Task execution event stats:

Global stats: 0 total (0 active)
Queueing time: mean = -nanms, max = -0.00ms, min = 9223372036854.78ms, total = 0.00ms
Execution time:  mean = -nanms, total = 0.00ms
Event stats:

-----------------
Task Event stats:

IO Service Stats:

Global stats: 2 total (1 active)
Queueing time: mean = 0.32ms, max = 0.63ms, min = 0.63ms, total = 0.63ms
Execution time:  mean = 0.01ms, total = 0.03ms
Event stats:
	PeriodicalRunner.RunFnPeriodically - 1 total (0 active), Execution time: mean = 0.03ms, total = 0.03ms, Queueing time: mean = 0.63ms, max = 0.63ms, min = 0.63ms, total = 0.63ms
	CoreWorker.deadline_timer.flush_task_events - 1 total (1 active), Execution time: mean = 0.00ms, total = 0.00ms, Queueing time: mean = 0.00ms, max = -0.00ms, min = 9223372036854.78ms, total = 0.00ms
Other Stats:
	gcs_grpc_in_progress:0
	event_aggregator_grpc_in_progress:0
	current number of task status events in buffer: 0
	current number of profile events in buffer: 0
	current number of dropped task attempts tracked: 0
	total task events sent: 0 MiB
	total number of task attempts sent: 0
	total number of task attempts dropped reported: 0
	total number of sent failure: 0
	num status task events dropped: 0
	num profile task events dropped: 0
	num ray task events reported to aggregator: 0
	num ray task events failed to report to aggregator: 0
	num of task attempts dropped reported to aggregator: 0
	num of failed requests to aggregator: 0

[2026-05-26 17:29:47,327 I 22715 22715] actor_task_submitter.cc:75: Set actor max pending calls to -1 actor_id=71692238e8ca9d603a459d4b01000000
[2026-05-26 17:29:47,327 I 22715 22715] core_worker.cc:2889: Creating actor actor_id=71692238e8ca9d603a459d4b01000000
[2026-05-26 17:29:47,439 I 22715 22715] task_receiver.cc:117: Actor creation task finished, task_id: ffffffffffffffff71692238e8ca9d603a459d4b01000000, actor_id: 71692238e8ca9d603a459d4b01000000, actor_repr_name: 
[2026-05-26 17:29:49,848 I 22715 22715] actor_task_submitter.cc:75: Set actor max pending calls to -1 actor_id=71692238e8ca9d603a459d4b01000000
[2026-05-26 17:29:49,848 I 22715 22715] actor_task_submitter.cc:75: Set actor max pending calls to -1 actor_id=3bbd54df6f2d71e3a941222701000000
[2026-05-26 17:29:49,849 I 22715 22715] actor_task_submitter.cc:75: Set actor max pending calls to -1 actor_id=db33a8437c147927b2133a5501000000
[2026-05-26 17:29:49,849 I 22715 22715] actor_task_submitter.cc:75: Set actor max pending calls to -1 actor_id=742d646c3fb52144a1fb1b5f01000000
[2026-05-26 17:29:49,849 I 22715 22715] actor_task_submitter.cc:75: Set actor max pending calls to -1 actor_id=8248e19d251e2f2d677b394b01000000
[2026-05-26 17:29:49,849 I 22715 22715] actor_task_submitter.cc:75: Set actor max pending calls to -1 actor_id=bfddf2248347a50fe3a1370101000000
[2026-05-26 17:29:49,849 I 22715 22715] actor_task_submitter.cc:75: Set actor max pending calls to -1 actor_id=9e567e7c930d62d18e4b6f7a01000000
[2026-05-26 17:29:49,850 I 22715 22715] actor_task_submitter.cc:75: Set actor max pending calls to -1 actor_id=0b7653502066a80132e5a8fb01000000
[2026-05-26 17:29:49,850 I 22715 22715] actor_task_submitter.cc:75: Set actor max pending calls to -1 actor_id=8f05d70e7651563ace06fb7b01000000
[2026-05-26 17:29:49,850 I 22715 22715] actor_task_submitter.cc:75: Set actor max pending calls to -1 actor_id=417c453b723efa9d02ea3e0701000000
[2026-05-26 17:29:49,850 I 22715 22715] actor_task_submitter.cc:75: Set actor max pending calls to -1 actor_id=e9ea8dbb1c69f4f85e980f0d01000000
[2026-05-26 17:29:49,850 I 22715 22715] actor_task_submitter.cc:75: Set actor max pending calls to -1 actor_id=8aa4ada8c409c1c1c5ab308001000000
[2026-05-26 17:29:49,850 I 22715 22715] actor_task_submitter.cc:75: Set actor max pending calls to -1 actor_id=c909236997f3b377e3ad776601000000
[2026-05-26 17:29:49,850 I 22715 22715] actor_task_submitter.cc:75: Set actor max pending calls to -1 actor_id=0a00fd873e9761bc1ff9ccce01000000
[2026-05-26 17:29:49,851 I 22715 22715] actor_task_submitter.cc:75: Set actor max pending calls to -1 actor_id=b3c82d3a89257f74d18a664b01000000
[2026-05-26 17:29:49,851 I 22715 22715] actor_task_submitter.cc:75: Set actor max pending calls to -1 actor_id=ea8c1c1c0d47120f02c7c46f01000000
[2026-05-26 17:29:50,527 I 22715 22715] actor_task_submitter.cc:75: Set actor max pending calls to -1 actor_id=71692238e8ca9d603a459d4b01000000
[2026-05-26 17:29:50,527 I 22715 22715] actor_task_submitter.cc:75: Set actor max pending calls to -1 actor_id=3bbd54df6f2d71e3a941222701000000
[2026-05-26 17:29:50,527 I 22715 22715] actor_task_submitter.cc:75: Set actor max pending calls to -1 actor_id=db33a8437c147927b2133a5501000000
[2026-05-26 17:29:50,527 I 22715 22715] actor_task_submitter.cc:75: Set actor max pending calls to -1 actor_id=742d646c3fb52144a1fb1b5f01000000
[2026-05-26 17:29:50,528 I 22715 22715] actor_task_submitter.cc:75: Set actor max pending calls to -1 actor_id=8248e19d251e2f2d677b394b01000000
[2026-05-26 17:29:50,528 I 22715 22715] actor_task_submitter.cc:75: Set actor max pending calls to -1 actor_id=bfddf2248347a50fe3a1370101000000
[2026-05-26 17:29:50,528 I 22715 22715] actor_task_submitter.cc:75: Set actor max pending calls to -1 actor_id=9e567e7c930d62d18e4b6f7a01000000
[2026-05-26 17:29:50,528 I 22715 22715] actor_task_submitter.cc:75: Set actor max pending calls to -1 actor_id=0b7653502066a80132e5a8fb01000000
[2026-05-26 17:29:50,528 I 22715 22715] actor_task_submitter.cc:75: Set actor max pending calls to -1 actor_id=8f05d70e7651563ace06fb7b01000000
[2026-05-26 17:29:50,528 I 22715 22715] actor_task_submitter.cc:75: Set actor max pending calls to -1 actor_id=417c453b723efa9d02ea3e0701000000
[2026-05-26 17:29:50,528 I 22715 22715] actor_task_submitter.cc:75: Set actor max pending calls to -1 actor_id=e9ea8dbb1c69f4f85e980f0d01000000
[2026-05-26 17:29:50,529 I 22715 22715] actor_task_submitter.cc:75: Set actor max pending calls to -1 actor_id=8aa4ada8c409c1c1c5ab308001000000
[2026-05-26 17:29:50,529 I 22715 22715] actor_task_submitter.cc:75: Set actor max pending calls to -1 actor_id=c909236997f3b377e3ad776601000000
[2026-05-26 17:29:50,529 I 22715 22715] actor_task_submitter.cc:75: Set actor max pending calls to -1 actor_id=0a00fd873e9761bc1ff9ccce01000000
[2026-05-26 17:29:50,529 I 22715 22715] actor_task_submitter.cc:75: Set actor max pending calls to -1 actor_id=b3c82d3a89257f74d18a664b01000000
[2026-05-26 17:29:50,529 I 22715 22715] actor_task_submitter.cc:75: Set actor max pending calls to -1 actor_id=ea8c1c1c0d47120f02c7c46f01000000
[2026-05-26 17:29:50,544 I 22715 22715] actor_task_submitter.cc:75: Set actor max pending calls to -1 actor_id=71692238e8ca9d603a459d4b01000000
[2026-05-26 17:29:50,544 I 22715 22715] actor_task_submitter.cc:75: Set actor max pending calls to -1 actor_id=3bbd54df6f2d71e3a941222701000000
[2026-05-26 17:29:50,544 I 22715 22715] actor_task_submitter.cc:75: Set actor max pending calls to -1 actor_id=db33a8437c147927b2133a5501000000
[2026-05-26 17:29:50,544 I 22715 22715] actor_task_submitter.cc:75: Set actor max pending calls to -1 actor_id=742d646c3fb52144a1fb1b5f01000000
[2026-05-26 17:29:50,544 I 22715 22715] actor_task_submitter.cc:75: Set actor max pending calls to -1 actor_id=8248e19d251e2f2d677b394b01000000
[2026-05-26 17:29:50,544 I 22715 22715] actor_task_submitter.cc:75: Set actor max pending calls to -1 actor_id=bfddf2248347a50fe3a1370101000000
[2026-05-26 17:29:50,545 I 22715 22715] actor_task_submitter.cc:75: Set actor max pending calls to -1 actor_id=9e567e7c930d62d18e4b6f7a01000000
[2026-05-26 17:29:50,545 I 22715 22715] actor_task_submitter.cc:75: Set actor max pending calls to -1 actor_id=0b7653502066a80132e5a8fb01000000
[2026-05-26 17:29:50,545 I 22715 22715] actor_task_submitter.cc:75: Set actor max pending calls to -1 actor_id=8f05d70e7651563ace06fb7b01000000
[2026-05-26 17:29:50,545 I 22715 22715] actor_task_submitter.cc:75: Set actor max pending calls to -1 actor_id=417c453b723efa9d02ea3e0701000000
[2026-05-26 17:29:50,545 I 22715 22715] actor_task_submitter.cc:75: Set actor max pending calls to -1 actor_id=e9ea8dbb1c69f4f85e980f0d01000000
[2026-05-26 17:29:50,546 I 22715 22715] actor_task_submitter.cc:75: Set actor max pending calls to -1 actor_id=8aa4ada8c409c1c1c5ab308001000000
[2026-05-26 17:29:50,546 I 22715 22715] actor_task_submitter.cc:75: Set actor max pending calls to -1 actor_id=c909236997f3b377e3ad776601000000
[2026-05-26 17:29:50,546 I 22715 22715] actor_task_submitter.cc:75: Set actor max pending calls to -1 actor_id=0a00fd873e9761bc1ff9ccce01000000
[2026-05-26 17:29:50,546 I 22715 22715] actor_task_submitter.cc:75: Set actor max pending calls to -1 actor_id=b3c82d3a89257f74d18a664b01000000
[2026-05-26 17:29:50,546 I 22715 22715] actor_task_submitter.cc:75: Set actor max pending calls to -1 actor_id=ea8c1c1c0d47120f02c7c46f01000000
[2026-05-26 17:29:50,653 I 22715 22715] actor_task_submitter.cc:75: Set actor max pending calls to -1 actor_id=71692238e8ca9d603a459d4b01000000
[2026-05-26 17:29:50,654 I 22715 22715] actor_task_submitter.cc:75: Set actor max pending calls to -1 actor_id=3bbd54df6f2d71e3a941222701000000
[2026-05-26 17:29:50,654 I 22715 22715] actor_task_submitter.cc:75: Set actor max pending calls to -1 actor_id=db33a8437c147927b2133a5501000000
[2026-05-26 17:29:50,654 I 22715 22715] actor_task_submitter.cc:75: Set actor max pending calls to -1 actor_id=742d646c3fb52144a1fb1b5f01000000
[2026-05-26 17:29:50,654 I 22715 22715] actor_task_submitter.cc:75: Set actor max pending calls to -1 actor_id=8248e19d251e2f2d677b394b01000000
[2026-05-26 17:29:50,654 I 22715 22715] actor_task_submitter.cc:75: Set actor max pending calls to -1 actor_id=bfddf2248347a50fe3a1370101000000
[2026-05-26 17:29:50,654 I 22715 22715] actor_task_submitter.cc:75: Set actor max pending calls to -1 actor_id=9e567e7c930d62d18e4b6f7a01000000
[2026-05-26 17:29:50,655 I 22715 22715] actor_task_submitter.cc:75: Set actor max pending calls to -1 actor_id=0b7653502066a80132e5a8fb01000000
[2026-05-26 17:29:50,655 I 22715 22715] actor_task_submitter.cc:75: Set actor max pending calls to -1 actor_id=8f05d70e7651563ace06fb7b01000000
[2026-05-26 17:29:50,655 I 22715 22715] actor_task_submitter.cc:75: Set actor max pending calls to -1 actor_id=417c453b723efa9d02ea3e0701000000
[2026-05-26 17:29:50,655 I 22715 22715] actor_task_submitter.cc:75: Set actor max pending calls to -1 actor_id=e9ea8dbb1c69f4f85e980f0d01000000
[2026-05-26 17:29:50,655 I 22715 22715] actor_task_submitter.cc:75: Set actor max pending calls to -1 actor_id=8aa4ada8c409c1c1c5ab308001000000
[2026-05-26 17:29:50,655 I 22715 22715] actor_task_submitter.cc:75: Set actor max pending calls to -1 actor_id=c909236997f3b377e3ad776601000000
[2026-05-26 17:29:50,655 I 22715 22715] actor_task_submitter.cc:75: Set actor max pending calls to -1 actor_id=0a00fd873e9761bc1ff9ccce01000000
[2026-05-26 17:29:50,656 I 22715 22715] actor_task_submitter.cc:75: Set actor max pending calls to -1 actor_id=b3c82d3a89257f74d18a664b01000000
[2026-05-26 17:29:50,656 I 22715 22715] actor_task_submitter.cc:75: Set actor max pending calls to -1 actor_id=ea8c1c1c0d47120f02c7c46f01000000
[2026-05-26 17:29:51,138 I 22715 22715] actor_task_submitter.cc:75: Set actor max pending calls to -1 actor_id=71692238e8ca9d603a459d4b01000000
[2026-05-26 17:29:51,138 I 22715 22715] actor_task_submitter.cc:75: Set actor max pending calls to -1 actor_id=3bbd54df6f2d71e3a941222701000000
[2026-05-26 17:29:51,138 I 22715 22715] actor_task_submitter.cc:75: Set actor max pending calls to -1 actor_id=db33a8437c147927b2133a5501000000
[2026-05-26 17:29:51,139 I 22715 22715] actor_task_submitter.cc:75: Set actor max pending calls to -1 actor_id=742d646c3fb52144a1fb1b5f01000000
[2026-05-26 17:29:51,139 I 22715 22715] actor_task_submitter.cc:75: Set actor max pending calls to -1 actor_id=8248e19d251e2f2d677b394b01000000
[2026-05-26 17:29:51,140 I 22715 22715] actor_task_submitter.cc:75: Set actor max pending calls to -1 actor_id=bfddf2248347a50fe3a1370101000000
[2026-05-26 17:29:51,140 I 22715 22715] actor_task_submitter.cc:75: Set actor max pending calls to -1 actor_id=9e567e7c930d62d18e4b6f7a01000000
[2026-05-26 17:29:51,140 I 22715 22715] actor_task_submitter.cc:75: Set actor max pending calls to -1 actor_id=0b7653502066a80132e5a8fb01000000
[2026-05-26 17:29:51,141 I 22715 22715] actor_task_submitter.cc:75: Set actor max pending calls to -1 actor_id=8f05d70e7651563ace06fb7b01000000
[2026-05-26 17:29:51,141 I 22715 22715] actor_task_submitter.cc:75: Set actor max pending calls to -1 actor_id=417c453b723efa9d02ea3e0701000000
[2026-05-26 17:29:51,141 I 22715 22715] actor_task_submitter.cc:75: Set actor max pending calls to -1 actor_id=e9ea8dbb1c69f4f85e980f0d01000000
[2026-05-26 17:29:51,142 I 22715 22715] actor_task_submitter.cc:75: Set actor max pending calls to -1 actor_id=8aa4ada8c409c1c1c5ab308001000000
[2026-05-26 17:29:51,142 I 22715 22715] actor_task_submitter.cc:75: Set actor max pending calls to -1 actor_id=c909236997f3b377e3ad776601000000
[2026-05-26 17:29:51,142 I 22715 22715] actor_task_submitter.cc:75: Set actor max pending calls to -1 actor_id=0a00fd873e9761bc1ff9ccce01000000
[2026-05-26 17:29:51,143 I 22715 22715] actor_task_submitter.cc:75: Set actor max pending calls to -1 actor_id=b3c82d3a89257f74d18a664b01000000
[2026-05-26 17:29:51,143 I 22715 22715] actor_task_submitter.cc:75: Set actor max pending calls to -1 actor_id=ea8c1c1c0d47120f02c7c46f01000000
[2026-05-26 17:29:51,157 I 22715 22715] actor_task_submitter.cc:75: Set actor max pending calls to -1 actor_id=71692238e8ca9d603a459d4b01000000
[2026-05-26 17:29:51,158 I 22715 22715] actor_task_submitter.cc:75: Set actor max pending calls to -1 actor_id=3bbd54df6f2d71e3a941222701000000
[2026-05-26 17:29:51,158 I 22715 22715] actor_task_submitter.cc:75: Set actor max pending calls to -1 actor_id=db33a8437c147927b2133a5501000000
[2026-05-26 17:29:51,159 I 22715 22715] actor_task_submitter.cc:75: Set actor max pending calls to -1 actor_id=742d646c3fb52144a1fb1b5f01000000
[2026-05-26 17:29:51,159 I 22715 22715] actor_task_submitter.cc:75: Set actor max pending calls to -1 actor_id=8248e19d251e2f2d677b394b01000000
[2026-05-26 17:29:51,159 I 22715 22715] actor_task_submitter.cc:75: Set actor max pending calls to -1 actor_id=bfddf2248347a50fe3a1370101000000
[2026-05-26 17:29:51,159 I 22715 22715] actor_task_submitter.cc:75: Set actor max pending calls to -1 actor_id=9e567e7c930d62d18e4b6f7a01000000
[2026-05-26 17:29:51,160 I 22715 22715] actor_task_submitter.cc:75: Set actor max pending calls to -1 actor_id=0b7653502066a80132e5a8fb01000000
[2026-05-26 17:29:51,160 I 22715 22715] actor_task_submitter.cc:75: Set actor max pending calls to -1 actor_id=8f05d70e7651563ace06fb7b01000000
[2026-05-26 17:29:51,160 I 22715 22715] actor_task_submitter.cc:75: Set actor max pending calls to -1 actor_id=417c453b723efa9d02ea3e0701000000
[2026-05-26 17:29:51,161 I 22715 22715] actor_task_submitter.cc:75: Set actor max pending calls to -1 actor_id=e9ea8dbb1c69f4f85e980f0d01000000
[2026-05-26 17:29:51,161 I 22715 22715] actor_task_submitter.cc:75: Set actor max pending calls to -1 actor_id=8aa4ada8c409c1c1c5ab308001000000
[2026-05-26 17:29:51,161 I 22715 22715] actor_task_submitter.cc:75: Set actor max pending calls to -1 actor_id=c909236997f3b377e3ad776601000000
[2026-05-26 17:29:51,162 I 22715 22715] actor_task_submitter.cc:75: Set actor max pending calls to -1 actor_id=0a00fd873e9761bc1ff9ccce01000000
[2026-05-26 17:29:51,162 I 22715 22715] actor_task_submitter.cc:75: Set actor max pending calls to -1 actor_id=b3c82d3a89257f74d18a664b01000000
[2026-05-26 17:29:51,162 I 22715 22715] actor_task_submitter.cc:75: Set actor max pending calls to -1 actor_id=ea8c1c1c0d47120f02c7c46f01000000
[2026-05-26 17:29:51,319 I 22715 22715] actor_task_submitter.cc:75: Set actor max pending calls to -1 actor_id=71692238e8ca9d603a459d4b01000000
[2026-05-26 17:29:51,319 I 22715 22715] actor_task_submitter.cc:75: Set actor max pending calls to -1 actor_id=3bbd54df6f2d71e3a941222701000000
[2026-05-26 17:29:51,319 I 22715 22715] actor_task_submitter.cc:75: Set actor max pending calls to -1 actor_id=db33a8437c147927b2133a5501000000
[2026-05-26 17:29:51,320 I 22715 22715] actor_task_submitter.cc:75: Set actor max pending calls to -1 actor_id=742d646c3fb52144a1fb1b5f01000000
[2026-05-26 17:29:51,320 I 22715 22715] actor_task_submitter.cc:75: Set actor max pending calls to -1 actor_id=8248e19d251e2f2d677b394b01000000
[2026-05-26 17:29:51,320 I 22715 22715] actor_task_submitter.cc:75: Set actor max pending calls to -1 actor_id=bfddf2248347a50fe3a1370101000000
[2026-05-26 17:29:51,320 I 22715 22715] actor_task_submitter.cc:75: Set actor max pending calls to -1 actor_id=9e567e7c930d62d18e4b6f7a01000000
[2026-05-26 17:29:51,321 I 22715 22715] actor_task_submitter.cc:75: Set actor max pending calls to -1 actor_id=0b7653502066a80132e5a8fb01000000
[2026-05-26 17:29:51,321 I 22715 22715] actor_task_submitter.cc:75: Set actor max pending calls to -1 actor_id=8f05d70e7651563ace06fb7b01000000
[2026-05-26 17:29:51,321 I 22715 22715] actor_task_submitter.cc:75: Set actor max pending calls to -1 actor_id=417c453b723efa9d02ea3e0701000000
[2026-05-26 17:29:51,322 I 22715 22715] actor_task_submitter.cc:75: Set actor max pending calls to -1 actor_id=e9ea8dbb1c69f4f85e980f0d01000000
[2026-05-26 17:29:51,322 I 22715 22715] actor_task_submitter.cc:75: Set actor max pending calls to -1 actor_id=8aa4ada8c409c1c1c5ab308001000000
[2026-05-26 17:29:51,322 I 22715 22715] actor_task_submitter.cc:75: Set actor max pending calls to -1 actor_id=c909236997f3b377e3ad776601000000
[2026-05-26 17:29:51,322 I 22715 22715] actor_task_submitter.cc:75: Set actor max pending calls to -1 actor_id=0a00fd873e9761bc1ff9ccce01000000
[2026-05-26 17:29:51,322 I 22715 22715] actor_task_submitter.cc:75: Set actor max pending calls to -1 actor_id=b3c82d3a89257f74d18a664b01000000
[2026-05-26 17:29:51,323 I 22715 22715] actor_task_submitter.cc:75: Set actor max pending calls to -1 actor_id=ea8c1c1c0d47120f02c7c46f01000000
[2026-05-26 17:29:51,649 I 22715 22715] actor_task_submitter.cc:75: Set actor max pending calls to -1 actor_id=71692238e8ca9d603a459d4b01000000
[2026-05-26 17:29:51,649 I 22715 22715] actor_task_submitter.cc:75: Set actor max pending calls to -1 actor_id=3bbd54df6f2d71e3a941222701000000
[2026-05-26 17:29:51,650 I 22715 22715] actor_task_submitter.cc:75: Set actor max pending calls to -1 actor_id=db33a8437c147927b2133a5501000000
[2026-05-26 17:29:51,650 I 22715 22715] actor_task_submitter.cc:75: Set actor max pending calls to -1 actor_id=742d646c3fb52144a1fb1b5f01000000
[2026-05-26 17:29:51,650 I 22715 22715] actor_task_submitter.cc:75: Set actor max pending calls to -1 actor_id=8248e19d251e2f2d677b394b01000000
[2026-05-26 17:29:51,651 I 22715 22715] actor_task_submitter.cc:75: Set actor max pending calls to -1 actor_id=bfddf2248347a50fe3a1370101000000
[2026-05-26 17:29:51,651 I 22715 22715] actor_task_submitter.cc:75: Set actor max pending calls to -1 actor_id=9e567e7c930d62d18e4b6f7a01000000
[2026-05-26 17:29:51,651 I 22715 22715] actor_task_submitter.cc:75: Set actor max pending calls to -1 actor_id=0b7653502066a80132e5a8fb01000000
[2026-05-26 17:29:51,652 I 22715 22715] actor_task_submitter.cc:75: Set actor max pending calls to -1 actor_id=8f05d70e7651563ace06fb7b01000000
[2026-05-26 17:29:51,652 I 22715 22715] actor_task_submitter.cc:75: Set actor max pending calls to -1 actor_id=417c453b723efa9d02ea3e0701000000
[2026-05-26 17:29:51,652 I 22715 22715] actor_task_submitter.cc:75: Set actor max pending calls to -1 actor_id=e9ea8dbb1c69f4f85e980f0d01000000
[2026-05-26 17:29:51,653 I 22715 22715] actor_task_submitter.cc:75: Set actor max pending calls to -1 actor_id=8aa4ada8c409c1c1c5ab308001000000
[2026-05-26 17:29:51,653 I 22715 22715] actor_task_submitter.cc:75: Set actor max pending calls to -1 actor_id=c909236997f3b377e3ad776601000000
[2026-05-26 17:29:51,653 I 22715 22715] actor_task_submitter.cc:75: Set actor max pending calls to -1 actor_id=0a00fd873e9761bc1ff9ccce01000000
[2026-05-26 17:29:51,653 I 22715 22715] actor_task_submitter.cc:75: Set actor max pending calls to -1 actor_id=b3c82d3a89257f74d18a664b01000000
[2026-05-26 17:29:51,654 I 22715 22715] actor_task_submitter.cc:75: Set actor max pending calls to -1 actor_id=ea8c1c1c0d47120f02c7c46f01000000
[2026-05-26 17:29:51,671 I 22715 22715] actor_task_submitter.cc:75: Set actor max pending calls to -1 actor_id=71692238e8ca9d603a459d4b01000000
[2026-05-26 17:29:51,671 I 22715 22715] actor_task_submitter.cc:75: Set actor max pending calls to -1 actor_id=3bbd54df6f2d71e3a941222701000000
[2026-05-26 17:29:51,672 I 22715 22715] actor_task_submitter.cc:75: Set actor max pending calls to -1 actor_id=db33a8437c147927b2133a5501000000
[2026-05-26 17:29:51,672 I 22715 22715] actor_task_submitter.cc:75: Set actor max pending calls to -1 actor_id=742d646c3fb52144a1fb1b5f01000000
[2026-05-26 17:29:51,673 I 22715 22715] actor_task_submitter.cc:75: Set actor max pending calls to -1 actor_id=8248e19d251e2f2d677b394b01000000
[2026-05-26 17:29:51,673 I 22715 22715] actor_task_submitter.cc:75: Set actor max pending calls to -1 actor_id=bfddf2248347a50fe3a1370101000000
[2026-05-26 17:29:51,673 I 22715 22715] actor_task_submitter.cc:75: Set actor max pending calls to -1 actor_id=9e567e7c930d62d18e4b6f7a01000000
[2026-05-26 17:29:51,674 I 22715 22715] actor_task_submitter.cc:75: Set actor max pending calls to -1 actor_id=0b7653502066a80132e5a8fb01000000
[2026-05-26 17:29:51,674 I 22715 22715] actor_task_submitter.cc:75: Set actor max pending calls to -1 actor_id=8f05d70e7651563ace06fb7b01000000
[2026-05-26 17:29:51,674 I 22715 22715] actor_task_submitter.cc:75: Set actor max pending calls to -1 actor_id=417c453b723efa9d02ea3e0701000000
[2026-05-26 17:29:51,675 I 22715 22715] actor_task_submitter.cc:75: Set actor max pending calls to -1 actor_id=e9ea8dbb1c69f4f85e980f0d01000000
[2026-05-26 17:29:51,675 I 22715 22715] actor_task_submitter.cc:75: Set actor max pending calls to -1 actor_id=8aa4ada8c409c1c1c5ab308001000000
[2026-05-26 17:29:51,675 I 22715 22715] actor_task_submitter.cc:75: Set actor max pending calls to -1 actor_id=c909236997f3b377e3ad776601000000
[2026-05-26 17:29:51,675 I 22715 22715] actor_task_submitter.cc:75: Set actor max pending calls to -1 actor_id=0a00fd873e9761bc1ff9ccce01000000
[2026-05-26 17:29:51,675 I 22715 22715] actor_task_submitter.cc:75: Set actor max pending calls to -1 actor_id=b3c82d3a89257f74d18a664b01000000
[2026-05-26 17:29:51,676 I 22715 22715] actor_task_submitter.cc:75: Set actor max pending calls to -1 actor_id=ea8c1c1c0d47120f02c7c46f01000000
[2026-05-26 17:29:52,206 I 22715 22715] actor_task_submitter.cc:75: Set actor max pending calls to -1 actor_id=71692238e8ca9d603a459d4b01000000
[2026-05-26 17:29:52,206 I 22715 22715] actor_task_submitter.cc:75: Set actor max pending calls to -1 actor_id=3bbd54df6f2d71e3a941222701000000
[2026-05-26 17:29:52,207 I 22715 22715] actor_task_submitter.cc:75: Set actor max pending calls to -1 actor_id=db33a8437c147927b2133a5501000000
[2026-05-26 17:29:52,207 I 22715 22715] actor_task_submitter.cc:75: Set actor max pending calls to -1 actor_id=742d646c3fb52144a1fb1b5f01000000
[2026-05-26 17:29:52,208 I 22715 22715] actor_task_submitter.cc:75: Set actor max pending calls to -1 actor_id=8248e19d251e2f2d677b394b01000000
[2026-05-26 17:29:52,208 I 22715 22715] actor_task_submitter.cc:75: Set actor max pending calls to -1 actor_id=bfddf2248347a50fe3a1370101000000
[2026-05-26 17:29:52,208 I 22715 22715] actor_task_submitter.cc:75: Set actor max pending calls to -1 actor_id=9e567e7c930d62d18e4b6f7a01000000
[2026-05-26 17:29:52,209 I 22715 22715] actor_task_submitter.cc:75: Set actor max pending calls to -1 actor_id=0b7653502066a80132e5a8fb01000000
[2026-05-26 17:29:52,209 I 22715 22715] actor_task_submitter.cc:75: Set actor max pending calls to -1 actor_id=8f05d70e7651563ace06fb7b01000000
[2026-05-26 17:29:52,209 I 22715 22715] actor_task_submitter.cc:75: Set actor max pending calls to -1 actor_id=417c453b723efa9d02ea3e0701000000
[2026-05-26 17:29:52,210 I 22715 22715] actor_task_submitter.cc:75: Set actor max pending calls to -1 actor_id=e9ea8dbb1c69f4f85e980f0d01000000
[2026-05-26 17:29:52,210 I 22715 22715] actor_task_submitter.cc:75: Set actor max pending calls to -1 actor_id=8aa4ada8c409c1c1c5ab308001000000
[2026-05-26 17:29:52,210 I 22715 22715] actor_task_submitter.cc:75: Set actor max pending calls to -1 actor_id=c909236997f3b377e3ad776601000000
[2026-05-26 17:29:52,210 I 22715 22715] actor_task_submitter.cc:75: Set actor max pending calls to -1 actor_id=0a00fd873e9761bc1ff9ccce01000000
[2026-05-26 17:29:52,211 I 22715 22715] actor_task_submitter.cc:75: Set actor max pending calls to -1 actor_id=b3c82d3a89257f74d18a664b01000000
[2026-05-26 17:29:52,211 I 22715 22715] actor_task_submitter.cc:75: Set actor max pending calls to -1 actor_id=ea8c1c1c0d47120f02c7c46f01000000
[2026-05-26 17:29:52,578 I 22715 22715] actor_task_submitter.cc:75: Set actor max pending calls to -1 actor_id=71692238e8ca9d603a459d4b01000000
[2026-05-26 17:29:52,579 I 22715 22715] actor_task_submitter.cc:75: Set actor max pending calls to -1 actor_id=3bbd54df6f2d71e3a941222701000000
[2026-05-26 17:29:52,579 I 22715 22715] actor_task_submitter.cc:75: Set actor max pending calls to -1 actor_id=db33a8437c147927b2133a5501000000
[2026-05-26 17:29:52,579 I 22715 22715] actor_task_submitter.cc:75: Set actor max pending calls to -1 actor_id=742d646c3fb52144a1fb1b5f01000000
[2026-05-26 17:29:52,579 I 22715 22715] actor_task_submitter.cc:75: Set actor max pending calls to -1 actor_id=8248e19d251e2f2d677b394b01000000
[2026-05-26 17:29:52,579 I 22715 22715] actor_task_submitter.cc:75: Set actor max pending calls to -1 actor_id=bfddf2248347a50fe3a1370101000000
[2026-05-26 17:29:52,580 I 22715 22715] actor_task_submitter.cc:75: Set actor max pending calls to -1 actor_id=9e567e7c930d62d18e4b6f7a01000000
[2026-05-26 17:29:52,580 I 22715 22715] actor_task_submitter.cc:75: Set actor max pending calls to -1 actor_id=0b7653502066a80132e5a8fb01000000
[2026-05-26 17:29:52,580 I 22715 22715] actor_task_submitter.cc:75: Set actor max pending calls to -1 actor_id=8f05d70e7651563ace06fb7b01000000
[2026-05-26 17:29:52,580 I 22715 22715] actor_task_submitter.cc:75: Set actor max pending calls to -1 actor_id=417c453b723efa9d02ea3e0701000000
[2026-05-26 17:29:52,580 I 22715 22715] actor_task_submitter.cc:75: Set actor max pending calls to -1 actor_id=e9ea8dbb1c69f4f85e980f0d01000000
[2026-05-26 17:29:52,580 I 22715 22715] actor_task_submitter.cc:75: Set actor max pending calls to -1 actor_id=8aa4ada8c409c1c1c5ab308001000000
[2026-05-26 17:29:52,580 I 22715 22715] actor_task_submitter.cc:75: Set actor max pending calls to -1 actor_id=c909236997f3b377e3ad776601000000
[2026-05-26 17:29:52,581 I 22715 22715] actor_task_submitter.cc:75: Set actor max pending calls to -1 actor_id=0a00fd873e9761bc1ff9ccce01000000
[2026-05-26 17:29:52,581 I 22715 22715] actor_task_submitter.cc:75: Set actor max pending calls to -1 actor_id=b3c82d3a89257f74d18a664b01000000
[2026-05-26 17:29:52,581 I 22715 22715] actor_task_submitter.cc:75: Set actor max pending calls to -1 actor_id=ea8c1c1c0d47120f02c7c46f01000000
[2026-05-26 17:29:52,600 I 22715 22715] actor_task_submitter.cc:75: Set actor max pending calls to -1 actor_id=71692238e8ca9d603a459d4b01000000
[2026-05-26 17:29:52,600 I 22715 22715] actor_task_submitter.cc:75: Set actor max pending calls to -1 actor_id=3bbd54df6f2d71e3a941222701000000
[2026-05-26 17:29:52,600 I 22715 22715] actor_task_submitter.cc:75: Set actor max pending calls to -1 actor_id=db33a8437c147927b2133a5501000000
[2026-05-26 17:29:52,600 I 22715 22715] actor_task_submitter.cc:75: Set actor max pending calls to -1 actor_id=742d646c3fb52144a1fb1b5f01000000
[2026-05-26 17:29:52,601 I 22715 22715] actor_task_submitter.cc:75: Set actor max pending calls to -1 actor_id=8248e19d251e2f2d677b394b01000000
[2026-05-26 17:29:52,601 I 22715 22715] actor_task_submitter.cc:75: Set actor max pending calls to -1 actor_id=bfddf2248347a50fe3a1370101000000
[2026-05-26 17:29:52,601 I 22715 22715] actor_task_submitter.cc:75: Set actor max pending calls to -1 actor_id=9e567e7c930d62d18e4b6f7a01000000
[2026-05-26 17:29:52,601 I 22715 22715] actor_task_submitter.cc:75: Set actor max pending calls to -1 actor_id=0b7653502066a80132e5a8fb01000000
[2026-05-26 17:29:52,601 I 22715 22715] actor_task_submitter.cc:75: Set actor max pending calls to -1 actor_id=8f05d70e7651563ace06fb7b01000000
[2026-05-26 17:29:52,601 I 22715 22715] actor_task_submitter.cc:75: Set actor max pending calls to -1 actor_id=417c453b723efa9d02ea3e0701000000
[2026-05-26 17:29:52,601 I 22715 22715] actor_task_submitter.cc:75: Set actor max pending calls to -1 actor_id=e9ea8dbb1c69f4f85e980f0d01000000
[2026-05-26 17:29:52,602 I 22715 22715] actor_task_submitter.cc:75: Set actor max pending calls to -1 actor_id=8aa4ada8c409c1c1c5ab308001000000
[2026-05-26 17:29:52,602 I 22715 22715] actor_task_submitter.cc:75: Set actor max pending calls to -1 actor_id=c909236997f3b377e3ad776601000000
[2026-05-26 17:29:52,602 I 22715 22715] actor_task_submitter.cc:75: Set actor max pending calls to -1 actor_id=0a00fd873e9761bc1ff9ccce01000000
[2026-05-26 17:29:52,602 I 22715 22715] actor_task_submitter.cc:75: Set actor max pending calls to -1 actor_id=b3c82d3a89257f74d18a664b01000000
[2026-05-26 17:29:52,602 I 22715 22715] actor_task_submitter.cc:75: Set actor max pending calls to -1 actor_id=ea8c1c1c0d47120f02c7c46f01000000
[2026-05-26 17:29:53,290 I 22715 22715] actor_task_submitter.cc:75: Set actor max pending calls to -1 actor_id=71692238e8ca9d603a459d4b01000000
[2026-05-26 17:29:53,291 I 22715 22715] actor_task_submitter.cc:75: Set actor max pending calls to -1 actor_id=3bbd54df6f2d71e3a941222701000000
[2026-05-26 17:29:53,291 I 22715 22715] actor_task_submitter.cc:75: Set actor max pending calls to -1 actor_id=db33a8437c147927b2133a5501000000
[2026-05-26 17:29:53,291 I 22715 22715] actor_task_submitter.cc:75: Set actor max pending calls to -1 actor_id=742d646c3fb52144a1fb1b5f01000000
[2026-05-26 17:29:53,291 I 22715 22715] actor_task_submitter.cc:75: Set actor max pending calls to -1 actor_id=8248e19d251e2f2d677b394b01000000
[2026-05-26 17:29:53,292 I 22715 22715] actor_task_submitter.cc:75: Set actor max pending calls to -1 actor_id=bfddf2248347a50fe3a1370101000000
[2026-05-26 17:29:53,292 I 22715 22715] actor_task_submitter.cc:75: Set actor max pending calls to -1 actor_id=9e567e7c930d62d18e4b6f7a01000000
[2026-05-26 17:29:53,292 I 22715 22715] actor_task_submitter.cc:75: Set actor max pending calls to -1 actor_id=0b7653502066a80132e5a8fb01000000
[2026-05-26 17:29:53,293 I 22715 22715] actor_task_submitter.cc:75: Set actor max pending calls to -1 actor_id=8f05d70e7651563ace06fb7b01000000
[2026-05-26 17:29:53,293 I 22715 22715] actor_task_submitter.cc:75: Set actor max pending calls to -1 actor_id=417c453b723efa9d02ea3e0701000000
[2026-05-26 17:29:53,293 I 22715 22715] actor_task_submitter.cc:75: Set actor max pending calls to -1 actor_id=e9ea8dbb1c69f4f85e980f0d01000000
[2026-05-26 17:29:53,294 I 22715 22715] actor_task_submitter.cc:75: Set actor max pending calls to -1 actor_id=8aa4ada8c409c1c1c5ab308001000000
[2026-05-26 17:29:53,294 I 22715 22715] actor_task_submitter.cc:75: Set actor max pending calls to -1 actor_id=c909236997f3b377e3ad776601000000
[2026-05-26 17:29:53,294 I 22715 22715] actor_task_submitter.cc:75: Set actor max pending calls to -1 actor_id=0a00fd873e9761bc1ff9ccce01000000
[2026-05-26 17:29:53,295 I 22715 22715] actor_task_submitter.cc:75: Set actor max pending calls to -1 actor_id=b3c82d3a89257f74d18a664b01000000
[2026-05-26 17:29:53,295 I 22715 22715] actor_task_submitter.cc:75: Set actor max pending calls to -1 actor_id=ea8c1c1c0d47120f02c7c46f01000000
[2026-05-26 17:29:53,664 I 22715 22715] actor_task_submitter.cc:75: Set actor max pending calls to -1 actor_id=71692238e8ca9d603a459d4b01000000
[2026-05-26 17:29:53,665 I 22715 22715] actor_task_submitter.cc:75: Set actor max pending calls to -1 actor_id=3bbd54df6f2d71e3a941222701000000
[2026-05-26 17:29:53,665 I 22715 22715] actor_task_submitter.cc:75: Set actor max pending calls to -1 actor_id=db33a8437c147927b2133a5501000000
[2026-05-26 17:29:53,665 I 22715 22715] actor_task_submitter.cc:75: Set actor max pending calls to -1 actor_id=742d646c3fb52144a1fb1b5f01000000
[2026-05-26 17:29:53,665 I 22715 22715] actor_task_submitter.cc:75: Set actor max pending calls to -1 actor_id=8248e19d251e2f2d677b394b01000000
[2026-05-26 17:29:53,665 I 22715 22715] actor_task_submitter.cc:75: Set actor max pending calls to -1 actor_id=bfddf2248347a50fe3a1370101000000
[2026-05-26 17:29:53,665 I 22715 22715] actor_task_submitter.cc:75: Set actor max pending calls to -1 actor_id=9e567e7c930d62d18e4b6f7a01000000
[2026-05-26 17:29:53,665 I 22715 22715] actor_task_submitter.cc:75: Set actor max pending calls to -1 actor_id=0b7653502066a80132e5a8fb01000000
[2026-05-26 17:29:53,665 I 22715 22715] actor_task_submitter.cc:75: Set actor max pending calls to -1 actor_id=8f05d70e7651563ace06fb7b01000000
[2026-05-26 17:29:53,666 I 22715 22715] actor_task_submitter.cc:75: Set actor max pending calls to -1 actor_id=417c453b723efa9d02ea3e0701000000
[2026-05-26 17:29:53,666 I 22715 22715] actor_task_submitter.cc:75: Set actor max pending calls to -1 actor_id=e9ea8dbb1c69f4f85e980f0d01000000
[2026-05-26 17:29:53,666 I 22715 22715] actor_task_submitter.cc:75: Set actor max pending calls to -1 actor_id=8aa4ada8c409c1c1c5ab308001000000
[2026-05-26 17:29:53,666 I 22715 22715] actor_task_submitter.cc:75: Set actor max pending calls to -1 actor_id=c909236997f3b377e3ad776601000000
[2026-05-26 17:29:53,666 I 22715 22715] actor_task_submitter.cc:75: Set actor max pending calls to -1 actor_id=0a00fd873e9761bc1ff9ccce01000000
[2026-05-26 17:29:53,666 I 22715 22715] actor_task_submitter.cc:75: Set actor max pending calls to -1 actor_id=b3c82d3a89257f74d18a664b01000000
[2026-05-26 17:29:53,666 I 22715 22715] actor_task_submitter.cc:75: Set actor max pending calls to -1 actor_id=ea8c1c1c0d47120f02c7c46f01000000
[2026-05-26 17:29:53,694 I 22715 22715] actor_task_submitter.cc:75: Set actor max pending calls to -1 actor_id=71692238e8ca9d603a459d4b01000000
[2026-05-26 17:29:53,694 I 22715 22715] actor_task_submitter.cc:75: Set actor max pending calls to -1 actor_id=3bbd54df6f2d71e3a941222701000000
[2026-05-26 17:29:53,694 I 22715 22715] actor_task_submitter.cc:75: Set actor max pending calls to -1 actor_id=db33a8437c147927b2133a5501000000
[2026-05-26 17:29:53,695 I 22715 22715] actor_task_submitter.cc:75: Set actor max pending calls to -1 actor_id=742d646c3fb52144a1fb1b5f01000000
[2026-05-26 17:29:53,695 I 22715 22715] actor_task_submitter.cc:75: Set actor max pending calls to -1 actor_id=8248e19d251e2f2d677b394b01000000
[2026-05-26 17:29:53,695 I 22715 22715] actor_task_submitter.cc:75: Set actor max pending calls to -1 actor_id=bfddf2248347a50fe3a1370101000000
[2026-05-26 17:29:53,695 I 22715 22715] actor_task_submitter.cc:75: Set actor max pending calls to -1 actor_id=9e567e7c930d62d18e4b6f7a01000000
[2026-05-26 17:29:53,695 I 22715 22715] actor_task_submitter.cc:75: Set actor max pending calls to -1 actor_id=0b7653502066a80132e5a8fb01000000
[2026-05-26 17:29:53,695 I 22715 22715] actor_task_submitter.cc:75: Set actor max pending calls to -1 actor_id=8f05d70e7651563ace06fb7b01000000
[2026-05-26 17:29:53,695 I 22715 22715] actor_task_submitter.cc:75: Set actor max pending calls to -1 actor_id=417c453b723efa9d02ea3e0701000000
[2026-05-26 17:29:53,696 I 22715 22715] actor_task_submitter.cc:75: Set actor max pending calls to -1 actor_id=e9ea8dbb1c69f4f85e980f0d01000000
[2026-05-26 17:29:53,696 I 22715 22715] actor_task_submitter.cc:75: Set actor max pending calls to -1 actor_id=8aa4ada8c409c1c1c5ab308001000000
[2026-05-26 17:29:53,696 I 22715 22715] actor_task_submitter.cc:75: Set actor max pending calls to -1 actor_id=c909236997f3b377e3ad776601000000
[2026-05-26 17:29:53,696 I 22715 22715] actor_task_submitter.cc:75: Set actor max pending calls to -1 actor_id=0a00fd873e9761bc1ff9ccce01000000
[2026-05-26 17:29:53,696 I 22715 22715] actor_task_submitter.cc:75: Set actor max pending calls to -1 actor_id=b3c82d3a89257f74d18a664b01000000
[2026-05-26 17:29:53,697 I 22715 22715] actor_task_submitter.cc:75: Set actor max pending calls to -1 actor_id=ea8c1c1c0d47120f02c7c46f01000000
