[2026-05-26 17:29:37,165 I 21621 21621] core_worker_process.cc:795: Constructing CoreWorkerProcess. pid: 21621
[2026-05-26 17:29:37,172 I 21621 21621] event.cc:499: Ray Event initialized for CORE_WORKER
[2026-05-26 17:29:37,172 I 21621 21621] event.cc:499: Ray Event initialized for EXPORT_TASK
[2026-05-26 17:29:37,172 I 21621 21621] event.cc:332: Set ray event level to warning
[2026-05-26 17:29:40,590 I 21621 21621] grpc_server.cc:143: driver server started, listening on port 33009.
[2026-05-26 17:29:40,599 I 21621 21621] core_worker_process.cc:267: Initializing worker at address: 192.168.3.24:33009 worker_id=01000000ffffffffffffffffffffffffffffffffffffffffffffffff node_id=82a92378f944840657eca49978be6876cf30dbb75ee1a97392ece67d
[2026-05-26 17:29:40,600 I 21621 21621] task_event_buffer.cc:564: Reporting task events to GCS every 1000ms.
[2026-05-26 17:29:40,601 I 21621 21951] core_worker.cc:457: Event stats:


Global stats: 10 total (9 active)
Queueing time: mean = 0.00ms, max = 0.01ms, min = 0.01ms, total = 0.01ms
Execution time:  mean = 0.00ms, total = 0.01ms
Event stats:
	PeriodicalRunner.RunFnPeriodically - 6 total (5 active, 1 running), Execution time: mean = 0.00ms, total = 0.01ms, Queueing time: mean = 0.00ms, max = 0.01ms, min = 0.01ms, total = 0.01ms
	ray::rpc::InternalPubSubGcsService.grpc_client.GcsSubscriberPoll - 1 total (1 active), Execution time: mean = 0.00ms, total = 0.00ms, Queueing time: mean = 0.00ms, max = -0.00ms, min = 9223372036854.78ms, total = 0.00ms
	ray::rpc::WorkerInfoGcsService.grpc_client.AddWorkerInfo - 1 total (1 active), Execution time: mean = 0.00ms, total = 0.00ms, Queueing time: mean = 0.00ms, max = -0.00ms, min = 9223372036854.78ms, total = 0.00ms
	Publisher.CheckDeadSubscribers - 1 total (1 active), Execution time: mean = 0.00ms, total = 0.00ms, Queueing time: mean = 0.00ms, max = -0.00ms, min = 9223372036854.78ms, total = 0.00ms
	ray::rpc::InternalPubSubGcsService.grpc_client.GcsSubscriberCommandBatch - 1 total (1 active), Execution time: mean = 0.00ms, total = 0.00ms, Queueing time: mean = 0.00ms, max = -0.00ms, min = 9223372036854.78ms, total = 0.00ms

-----------------
Task execution event stats:

Global stats: 0 total (0 active)
Queueing time: mean = -nanms, max = -0.00ms, min = 9223372036854.78ms, total = 0.00ms
Execution time:  mean = -nanms, total = 0.00ms
Event stats:

-----------------
Task Event stats:

IO Service Stats:

Global stats: 2 total (1 active)
Queueing time: mean = 0.00ms, max = 0.00ms, min = 0.00ms, total = 0.00ms
Execution time:  mean = 0.01ms, total = 0.02ms
Event stats:
	PeriodicalRunner.RunFnPeriodically - 1 total (0 active), Execution time: mean = 0.02ms, total = 0.02ms, Queueing time: mean = 0.00ms, max = 0.00ms, min = 0.00ms, total = 0.00ms
	CoreWorker.deadline_timer.flush_task_events - 1 total (1 active), Execution time: mean = 0.00ms, total = 0.00ms, Queueing time: mean = 0.00ms, max = -0.00ms, min = 9223372036854.78ms, total = 0.00ms
Other Stats:
	gcs_grpc_in_progress:0
	event_aggregator_grpc_in_progress:0
	current number of task status events in buffer: 1
	current number of profile events in buffer: 0
	current number of dropped task attempts tracked: 0
	total task events sent: 0 MiB
	total number of task attempts sent: 0
	total number of task attempts dropped reported: 0
	total number of sent failure: 0
	num status task events dropped: 0
	num profile task events dropped: 0
	num ray task events reported to aggregator: 0
	num ray task events failed to report to aggregator: 0
	num of task attempts dropped reported to aggregator: 0
	num of failed requests to aggregator: 0

[2026-05-26 17:29:40,601 I 21621 21951] accessor.cc:453: Received address and liveness notification for node, IsAlive = 1 node_id=82a92378f944840657eca49978be6876cf30dbb75ee1a97392ece67d
[2026-05-26 17:29:40,601 I 21621 21951] normal_task_submitter.cc:857: Number of alive nodes:1
[2026-05-26 17:29:40,601 I 21621 21621] core_worker_process.cc:860: Metrics agent not available. To enable metrics, install Ray with dashboard support: `pip install 'ray[default]'`.
[2026-05-26 17:29:40,606 I 21621 21621] core_worker.cc:2272: Submitting Placement Group creation to GCS placement_group_id=9d84b02bd07556edc313038d652601000000
[2026-05-26 17:29:40,626 I 21621 21621] actor_task_submitter.cc:75: Set actor max pending calls to -1 actor_id=71692238e8ca9d603a459d4b01000000
[2026-05-26 17:29:40,627 I 21621 21621] actor_task_submitter.cc:75: Set actor max pending calls to -1 actor_id=3bbd54df6f2d71e3a941222701000000
[2026-05-26 17:29:40,627 I 21621 21621] actor_task_submitter.cc:75: Set actor max pending calls to -1 actor_id=db33a8437c147927b2133a5501000000
[2026-05-26 17:29:40,627 I 21621 21621] actor_task_submitter.cc:75: Set actor max pending calls to -1 actor_id=742d646c3fb52144a1fb1b5f01000000
[2026-05-26 17:29:40,628 I 21621 21621] actor_task_submitter.cc:75: Set actor max pending calls to -1 actor_id=8248e19d251e2f2d677b394b01000000
[2026-05-26 17:29:40,628 I 21621 21621] actor_task_submitter.cc:75: Set actor max pending calls to -1 actor_id=bfddf2248347a50fe3a1370101000000
[2026-05-26 17:29:40,629 I 21621 21621] actor_task_submitter.cc:75: Set actor max pending calls to -1 actor_id=9e567e7c930d62d18e4b6f7a01000000
[2026-05-26 17:29:40,629 I 21621 21621] actor_task_submitter.cc:75: Set actor max pending calls to -1 actor_id=0b7653502066a80132e5a8fb01000000
[2026-05-26 17:29:40,630 I 21621 21621] actor_task_submitter.cc:75: Set actor max pending calls to -1 actor_id=8f05d70e7651563ace06fb7b01000000
[2026-05-26 17:29:40,630 I 21621 21621] actor_task_submitter.cc:75: Set actor max pending calls to -1 actor_id=417c453b723efa9d02ea3e0701000000
[2026-05-26 17:29:40,630 I 21621 21621] actor_task_submitter.cc:75: Set actor max pending calls to -1 actor_id=e9ea8dbb1c69f4f85e980f0d01000000
[2026-05-26 17:29:40,631 I 21621 21621] actor_task_submitter.cc:75: Set actor max pending calls to -1 actor_id=8aa4ada8c409c1c1c5ab308001000000
[2026-05-26 17:29:40,631 I 21621 21621] actor_task_submitter.cc:75: Set actor max pending calls to -1 actor_id=c909236997f3b377e3ad776601000000
[2026-05-26 17:29:40,632 I 21621 21621] actor_task_submitter.cc:75: Set actor max pending calls to -1 actor_id=0a00fd873e9761bc1ff9ccce01000000
[2026-05-26 17:29:40,632 I 21621 21621] actor_task_submitter.cc:75: Set actor max pending calls to -1 actor_id=b3c82d3a89257f74d18a664b01000000
[2026-05-26 17:29:40,633 I 21621 21621] actor_task_submitter.cc:75: Set actor max pending calls to -1 actor_id=ea8c1c1c0d47120f02c7c46f01000000
[2026-05-26 17:29:40,637 I 21621 21951] actor_manager.cc:236: received notification on actor, state: PENDING_CREATION, ip address: , port: 0, num_restarts: 0, death context type=CONTEXT_NOT_SET actor_id=71692238e8ca9d603a459d4b01000000 worker_id=NIL_ID node_id=82a92378f944840657eca49978be6876cf30dbb75ee1a97392ece67d
[2026-05-26 17:29:40,637 I 21621 21951] actor_manager.cc:236: received notification on actor, state: PENDING_CREATION, ip address: , port: 0, num_restarts: 0, death context type=CONTEXT_NOT_SET actor_id=3bbd54df6f2d71e3a941222701000000 worker_id=NIL_ID node_id=82a92378f944840657eca49978be6876cf30dbb75ee1a97392ece67d
[2026-05-26 17:29:40,638 I 21621 21951] actor_manager.cc:236: received notification on actor, state: PENDING_CREATION, ip address: , port: 0, num_restarts: 0, death context type=CONTEXT_NOT_SET actor_id=db33a8437c147927b2133a5501000000 worker_id=NIL_ID node_id=82a92378f944840657eca49978be6876cf30dbb75ee1a97392ece67d
[2026-05-26 17:29:40,638 I 21621 21951] actor_manager.cc:236: received notification on actor, state: PENDING_CREATION, ip address: , port: 0, num_restarts: 0, death context type=CONTEXT_NOT_SET actor_id=742d646c3fb52144a1fb1b5f01000000 worker_id=NIL_ID node_id=82a92378f944840657eca49978be6876cf30dbb75ee1a97392ece67d
[2026-05-26 17:29:40,638 I 21621 21951] actor_manager.cc:236: received notification on actor, state: PENDING_CREATION, ip address: , port: 0, num_restarts: 0, death context type=CONTEXT_NOT_SET actor_id=8248e19d251e2f2d677b394b01000000 worker_id=NIL_ID node_id=82a92378f944840657eca49978be6876cf30dbb75ee1a97392ece67d
[2026-05-26 17:29:40,638 I 21621 21951] actor_manager.cc:236: received notification on actor, state: PENDING_CREATION, ip address: , port: 0, num_restarts: 0, death context type=CONTEXT_NOT_SET actor_id=bfddf2248347a50fe3a1370101000000 worker_id=NIL_ID node_id=82a92378f944840657eca49978be6876cf30dbb75ee1a97392ece67d
[2026-05-26 17:29:40,638 I 21621 21951] actor_manager.cc:236: received notification on actor, state: PENDING_CREATION, ip address: , port: 0, num_restarts: 0, death context type=CONTEXT_NOT_SET actor_id=9e567e7c930d62d18e4b6f7a01000000 worker_id=NIL_ID node_id=82a92378f944840657eca49978be6876cf30dbb75ee1a97392ece67d
[2026-05-26 17:29:40,638 I 21621 21951] actor_manager.cc:236: received notification on actor, state: PENDING_CREATION, ip address: , port: 0, num_restarts: 0, death context type=CONTEXT_NOT_SET actor_id=0b7653502066a80132e5a8fb01000000 worker_id=NIL_ID node_id=82a92378f944840657eca49978be6876cf30dbb75ee1a97392ece67d
[2026-05-26 17:29:40,638 I 21621 21951] actor_manager.cc:236: received notification on actor, state: PENDING_CREATION, ip address: , port: 0, num_restarts: 0, death context type=CONTEXT_NOT_SET actor_id=8f05d70e7651563ace06fb7b01000000 worker_id=NIL_ID node_id=82a92378f944840657eca49978be6876cf30dbb75ee1a97392ece67d
[2026-05-26 17:29:40,638 I 21621 21951] actor_manager.cc:236: received notification on actor, state: PENDING_CREATION, ip address: , port: 0, num_restarts: 0, death context type=CONTEXT_NOT_SET actor_id=417c453b723efa9d02ea3e0701000000 worker_id=NIL_ID node_id=82a92378f944840657eca49978be6876cf30dbb75ee1a97392ece67d
[2026-05-26 17:29:40,639 I 21621 21951] actor_manager.cc:236: received notification on actor, state: PENDING_CREATION, ip address: , port: 0, num_restarts: 0, death context type=CONTEXT_NOT_SET actor_id=e9ea8dbb1c69f4f85e980f0d01000000 worker_id=NIL_ID node_id=82a92378f944840657eca49978be6876cf30dbb75ee1a97392ece67d
[2026-05-26 17:29:40,639 I 21621 21951] actor_manager.cc:236: received notification on actor, state: PENDING_CREATION, ip address: , port: 0, num_restarts: 0, death context type=CONTEXT_NOT_SET actor_id=8aa4ada8c409c1c1c5ab308001000000 worker_id=NIL_ID node_id=82a92378f944840657eca49978be6876cf30dbb75ee1a97392ece67d
[2026-05-26 17:29:40,639 I 21621 21951] actor_manager.cc:236: received notification on actor, state: PENDING_CREATION, ip address: , port: 0, num_restarts: 0, death context type=CONTEXT_NOT_SET actor_id=c909236997f3b377e3ad776601000000 worker_id=NIL_ID node_id=82a92378f944840657eca49978be6876cf30dbb75ee1a97392ece67d
[2026-05-26 17:29:40,639 I 21621 21951] actor_manager.cc:236: received notification on actor, state: PENDING_CREATION, ip address: , port: 0, num_restarts: 0, death context type=CONTEXT_NOT_SET actor_id=0a00fd873e9761bc1ff9ccce01000000 worker_id=NIL_ID node_id=82a92378f944840657eca49978be6876cf30dbb75ee1a97392ece67d
[2026-05-26 17:29:40,639 I 21621 21951] actor_manager.cc:236: received notification on actor, state: PENDING_CREATION, ip address: , port: 0, num_restarts: 0, death context type=CONTEXT_NOT_SET actor_id=b3c82d3a89257f74d18a664b01000000 worker_id=NIL_ID node_id=82a92378f944840657eca49978be6876cf30dbb75ee1a97392ece67d
[2026-05-26 17:29:40,640 I 21621 21951] actor_manager.cc:236: received notification on actor, state: PENDING_CREATION, ip address: , port: 0, num_restarts: 0, death context type=CONTEXT_NOT_SET actor_id=ea8c1c1c0d47120f02c7c46f01000000 worker_id=NIL_ID node_id=82a92378f944840657eca49978be6876cf30dbb75ee1a97392ece67d
[2026-05-26 17:29:47,442 I 21621 21951] actor_manager.cc:236: received notification on actor, state: ALIVE, ip address: 192.168.3.24, port: 38913, num_restarts: 0, death context type=CONTEXT_NOT_SET actor_id=71692238e8ca9d603a459d4b01000000 worker_id=7acc857d973cb68369622e109535b77eb8d398421a40bb82a8b0343c node_id=82a92378f944840657eca49978be6876cf30dbb75ee1a97392ece67d
[2026-05-26 17:29:47,465 I 21621 21951] actor_manager.cc:236: received notification on actor, state: ALIVE, ip address: 192.168.3.24, port: 41539, num_restarts: 0, death context type=CONTEXT_NOT_SET actor_id=db33a8437c147927b2133a5501000000 worker_id=5569daf5bfdaadccdd91653f1cc8d7164dd8acb98d5a6a5b50028d5a node_id=82a92378f944840657eca49978be6876cf30dbb75ee1a97392ece67d
[2026-05-26 17:29:47,466 I 21621 21951] actor_manager.cc:236: received notification on actor, state: ALIVE, ip address: 192.168.3.24, port: 38817, num_restarts: 0, death context type=CONTEXT_NOT_SET actor_id=3bbd54df6f2d71e3a941222701000000 worker_id=ec5fa18de42a9a9f5a5e79a252a0751d52f654951917d73d58003f72 node_id=82a92378f944840657eca49978be6876cf30dbb75ee1a97392ece67d
[2026-05-26 17:29:47,475 I 21621 21951] actor_manager.cc:236: received notification on actor, state: ALIVE, ip address: 192.168.3.24, port: 44873, num_restarts: 0, death context type=CONTEXT_NOT_SET actor_id=8248e19d251e2f2d677b394b01000000 worker_id=ab5eac6b0d3ef06479efe78cfcd71c6e9bf183d387aab2bc6b3f4ec2 node_id=82a92378f944840657eca49978be6876cf30dbb75ee1a97392ece67d
[2026-05-26 17:29:47,492 I 21621 21951] actor_manager.cc:236: received notification on actor, state: ALIVE, ip address: 192.168.3.24, port: 37007, num_restarts: 0, death context type=CONTEXT_NOT_SET actor_id=742d646c3fb52144a1fb1b5f01000000 worker_id=d5e1ccc26b845ed60411903d5d075378ae012de4e3a32f23b2f9de5a node_id=82a92378f944840657eca49978be6876cf30dbb75ee1a97392ece67d
[2026-05-26 17:29:47,554 I 21621 21951] actor_manager.cc:236: received notification on actor, state: ALIVE, ip address: 192.168.3.24, port: 44185, num_restarts: 0, death context type=CONTEXT_NOT_SET actor_id=bfddf2248347a50fe3a1370101000000 worker_id=99c488fb1b945a29dacfd11b2ea1e4a257840191d02a68cca486fa3e node_id=82a92378f944840657eca49978be6876cf30dbb75ee1a97392ece67d
[2026-05-26 17:29:47,571 I 21621 21951] actor_manager.cc:236: received notification on actor, state: ALIVE, ip address: 192.168.3.24, port: 41309, num_restarts: 0, death context type=CONTEXT_NOT_SET actor_id=0b7653502066a80132e5a8fb01000000 worker_id=65594b3a496026593118ee6bc8cc576caec4389b364c2cab6b2794a0 node_id=82a92378f944840657eca49978be6876cf30dbb75ee1a97392ece67d
[2026-05-26 17:29:47,572 I 21621 21951] actor_manager.cc:236: received notification on actor, state: ALIVE, ip address: 192.168.3.24, port: 43223, num_restarts: 0, death context type=CONTEXT_NOT_SET actor_id=8f05d70e7651563ace06fb7b01000000 worker_id=af5f8387fbd755360922ebc1f60e5f036efb664fe831da23124b0eb8 node_id=82a92378f944840657eca49978be6876cf30dbb75ee1a97392ece67d
[2026-05-26 17:29:47,576 I 21621 21951] actor_manager.cc:236: received notification on actor, state: ALIVE, ip address: 192.168.3.24, port: 41363, num_restarts: 0, death context type=CONTEXT_NOT_SET actor_id=ea8c1c1c0d47120f02c7c46f01000000 worker_id=88559fe7ca68337a12ec12bde67c239c148a6a4a8fe8f4ab4ac690df node_id=82a92378f944840657eca49978be6876cf30dbb75ee1a97392ece67d
[2026-05-26 17:29:47,578 I 21621 21951] actor_manager.cc:236: received notification on actor, state: ALIVE, ip address: 192.168.3.24, port: 35263, num_restarts: 0, death context type=CONTEXT_NOT_SET actor_id=9e567e7c930d62d18e4b6f7a01000000 worker_id=49fd9e580c80e7ea98edbe8f170217b52d5ea712aa204804dbe5d839 node_id=82a92378f944840657eca49978be6876cf30dbb75ee1a97392ece67d
[2026-05-26 17:29:47,605 I 21621 21951] actor_manager.cc:236: received notification on actor, state: ALIVE, ip address: 192.168.3.24, port: 41625, num_restarts: 0, death context type=CONTEXT_NOT_SET actor_id=b3c82d3a89257f74d18a664b01000000 worker_id=b471ced0962699242a546fac789929fbb5dba916fb777b7de3a0e362 node_id=82a92378f944840657eca49978be6876cf30dbb75ee1a97392ece67d
[2026-05-26 17:29:47,610 I 21621 21951] actor_manager.cc:236: received notification on actor, state: ALIVE, ip address: 192.168.3.24, port: 38829, num_restarts: 0, death context type=CONTEXT_NOT_SET actor_id=0a00fd873e9761bc1ff9ccce01000000 worker_id=7bcbfa6d337163d02996667b7ba6bfa3b8d2d7e52ab4cdf031de82f4 node_id=82a92378f944840657eca49978be6876cf30dbb75ee1a97392ece67d
[2026-05-26 17:29:47,610 I 21621 21951] actor_manager.cc:236: received notification on actor, state: ALIVE, ip address: 192.168.3.24, port: 39789, num_restarts: 0, death context type=CONTEXT_NOT_SET actor_id=c909236997f3b377e3ad776601000000 worker_id=3c21cfbbea7b9bf54a5689fd386bf38ef1a41987ddb9f9355770062b node_id=82a92378f944840657eca49978be6876cf30dbb75ee1a97392ece67d
[2026-05-26 17:29:47,612 I 21621 21951] actor_manager.cc:236: received notification on actor, state: ALIVE, ip address: 192.168.3.24, port: 42805, num_restarts: 0, death context type=CONTEXT_NOT_SET actor_id=e9ea8dbb1c69f4f85e980f0d01000000 worker_id=d90d558e0f124916995cca3a1adb04e1eaebf8826b18a1aeea78f787 node_id=82a92378f944840657eca49978be6876cf30dbb75ee1a97392ece67d
[2026-05-26 17:29:47,612 I 21621 21951] actor_manager.cc:236: received notification on actor, state: ALIVE, ip address: 192.168.3.24, port: 37747, num_restarts: 0, death context type=CONTEXT_NOT_SET actor_id=8aa4ada8c409c1c1c5ab308001000000 worker_id=d9e6b4a1db34e7ba637bc9669420817c0fcdcf68929ffe16b9ddd4aa node_id=82a92378f944840657eca49978be6876cf30dbb75ee1a97392ece67d
[2026-05-26 17:29:47,631 I 21621 21951] actor_manager.cc:236: received notification on actor, state: ALIVE, ip address: 192.168.3.24, port: 34443, num_restarts: 0, death context type=CONTEXT_NOT_SET actor_id=417c453b723efa9d02ea3e0701000000 worker_id=69570fb7929f0b7317233a988cd8159fe9d9d4e2c57fc8bd30e6e246 node_id=82a92378f944840657eca49978be6876cf30dbb75ee1a97392ece67d
