[2026-05-26 17:29:35,064 I 21795 21795] (raylet) main.cc:279: Setting cluster ID to: 2f9f0ba6e48852cb7fefe2fda01be714fd97b432c07ccf2067706abf
[2026-05-26 17:29:35,072 I 21795 21795] (raylet) main.cc:548: Per-worker process group cleanup is DISABLED, subreaper is DISABLED
[2026-05-26 17:29:35,072 I 21795 21795] (raylet) main.cc:685: Setting node ID node_id=82a92378f944840657eca49978be6876cf30dbb75ee1a97392ece67d
[2026-05-26 17:29:35,072 I 21795 21795] (raylet) store_runner.cc:50: Allowing the Plasma store to use up to 8GB of memory.
[2026-05-26 17:29:35,072 I 21795 21795] (raylet) store_runner.cc:66: Starting object store with directory /dev/shm, fallback /home/shioi24/lab/ray/session_2026-05-26_17-29-32_772098_21621, and huge page support disabled
[2026-05-26 17:29:35,072 I 21795 21818] (raylet) dlmalloc.cc:324: Setting dlmalloc config: plasma_directory=/dev/shm, fallback_directory=/home/shioi24/lab/ray/session_2026-05-26_17-29-32_772098_21621, hugepage_enabled=0, fallback_enabled=1
[2026-05-26 17:29:35,073 I 21795 21818] (raylet) dlmalloc.cc:153: create_and_mmap_buffer(8000110600, /dev/shm/plasmaXXXXXX)
[2026-05-26 17:29:35,073 I 21795 21818] (raylet) store.cc:572: Plasma store debug dump: 
Current usage: 0 / 8 GB
- num bytes created total: 0
0 pending objects of total size 0MB
- objects spillable: 0
- bytes spillable: 0
- objects unsealed: 0
- bytes unsealed: 0
- objects in use: 0
- bytes in use: 0
- objects evictable: 0
- bytes evictable: 0

- objects created by worker: 0
- bytes created by worker: 0
- objects restored: 0
- bytes restored: 0
- objects received: 0
- bytes received: 0
- objects errored: 0
- bytes errored: 0

[2026-05-26 17:29:35,076 I 21795 21795] (raylet) grpc_server.cc:143: ObjectManager server started, listening on port 32929.
[2026-05-26 17:29:35,083 W 21795 21795] (raylet) memory_monitor_utils.cc:140: Got negative used memory for cgroup -1, setting it to zero
[2026-05-26 17:29:35,084 I 21795 21795] (raylet) threshold_memory_monitor.cc:52: MemoryMonitor initialized with usage threshold at 127704875008 bytes (95.000008% of system memory), total system memory bytes: 134426177536, monitor interval: 250ms
[2026-05-26 17:29:35,084 I 21795 21795] (raylet) node_manager.cc:248: Initializing NodeManager node_id=82a92378f944840657eca49978be6876cf30dbb75ee1a97392ece67d
[2026-05-26 17:29:35,084 I 21795 21795] (raylet) grpc_server.cc:143: NodeManager server started, listening on port 46589.
[2026-05-26 17:29:35,105 I 21795 21845] (raylet) agent_manager.cc:81: Monitor agent process with name dashboard_agent
[2026-05-26 17:29:35,106 I 21795 21847] (raylet) agent_manager.cc:81: Monitor agent process with name runtime_env_agent
[2026-05-26 17:29:36,958 I 21795 21795] (raylet) main.cc:1084: Metrics agent not available. To enable metrics, install Ray with dashboard support: `pip install 'ray[default]'`.
[2026-05-26 17:29:36,958 I 21795 21795] (raylet) event.cc:499: Ray Event initialized for RAYLET
[2026-05-26 17:29:36,958 I 21795 21795] (raylet) event.cc:332: Set ray event level to warning
[2026-05-26 17:29:36,958 I 21795 21795] (raylet) main.cc:1133: Setting temp dir to: /home/shioi24/lab/ray
[2026-05-26 17:29:36,959 I 21795 21795] (raylet) node_manager.cc:303: Raylet of id, 82a92378f944840657eca49978be6876cf30dbb75ee1a97392ece67d started. Raylet consists of node_manager and object_manager. node_manager address: 192.168.3.24:0 object_manager address: 192.168.3.24:32929 hostname: ncm24
[2026-05-26 17:29:36,961 I 21795 21795] (raylet) node_manager.cc:441: [state-dump] NodeManager:
[state-dump] Node ID: 82a92378f944840657eca49978be6876cf30dbb75ee1a97392ece67d
[state-dump] Node name: 192.168.3.24
[state-dump] InitialConfigResources: {object_store_memory: 8e+09, CPU: 16, memory: 3.2e+10, node:192.168.3.24: 1, node:__internal_head__: 1}
[state-dump] ClusterLeaseManager:
[state-dump] ========== Node: 82a92378f944840657eca49978be6876cf30dbb75ee1a97392ece67d =================
[state-dump] Infeasible queue length: 0
[state-dump] Schedule queue length: 0
[state-dump] Grant queue length: 0
[state-dump] num_waiting_for_resource: 0
[state-dump] num_waiting_for_plasma_memory: 0
[state-dump] num_waiting_for_remote_node_resources: 0
[state-dump] num_worker_not_started_by_job_config_not_exist: 0
[state-dump] num_worker_not_started_by_registration_timeout: 0
[state-dump] num_tasks_waiting_for_workers: 0
[state-dump] num_cancelled_leases: 0
[state-dump] cluster_resource_scheduler state: 
[state-dump] Local id: 6330278148583090469 Local resources: {"total":{object_store_memory: [80000000000000], CPU: [160000], memory: [320000000000000], node:192.168.3.24: [10000], node:__internal_head__: [10000]}}, "available": {object_store_memory: [80000000000000], CPU: [160000], memory: [320000000000000], node:192.168.3.24: [10000], node:__internal_head__: [10000]}}, "labels":{"ray.io/node-id":"82a92378f944840657eca49978be6876cf30dbb75ee1a97392ece67d",} is_draining: 0 is_idle: 1 Cluster resources (at most 20 nodes are shown): node id: 6330278148583090469{"total":{CPU: 160000, object_store_memory: 80000000000000, memory: 320000000000000, node:__internal_head__: 10000, node:192.168.3.24: 10000}}, "available": {CPU: 160000, object_store_memory: 80000000000000, memory: 320000000000000, node:__internal_head__: 10000, node:192.168.3.24: 10000}}, "labels":{"ray.io/node-id":"82a92378f944840657eca49978be6876cf30dbb75ee1a97392ece67d",}, "is_draining": 0, "draining_deadline_timestamp_ms": -1} { "placement group locations": [], "node to bundles": []}
[state-dump] Waiting leases size: 0
[state-dump] Number of granted lease arguments: 0
[state-dump] Number of pinned lease arguments: 0
[state-dump] Total size of pinned lease arguments: 0
[state-dump] Number of total spilled leases: 0
[state-dump] Number of spilled waiting leases: 0
[state-dump] Number of spilled unschedulable leases: 0
[state-dump] Resource usage {
[state-dump] }
[state-dump] Backlog Size per scheduling descriptor :{workerId: num backlogs}:
[state-dump] 
[state-dump] Granted leases by scheduling class:
[state-dump] ==================================================
[state-dump] 
[state-dump] ClusterResources:
[state-dump] LocalObjectManager:
[state-dump] - num pinned objects: 0
[state-dump] - pinned objects size: 0
[state-dump] - num objects pending restore: 0
[state-dump] - num objects pending spill: 0
[state-dump] - num bytes pending spill: 0
[state-dump] - num bytes currently spilled: 0
[state-dump] - cumulative spill requests: 0
[state-dump] - cumulative restore requests: 0
[state-dump] - spilled objects pending delete: 0
[state-dump] 
[state-dump] ObjectManager:
[state-dump] - num local objects: 0
[state-dump] - num unfulfilled push requests: 0
[state-dump] - num object pull requests: 0
[state-dump] - num chunks received total: 0
[state-dump] - num chunks received failed (all): 0
[state-dump] - num chunks received failed / cancelled: 0
[state-dump] - num chunks received failed / plasma error: 0
[state-dump] Event stats:
[state-dump] Global stats: 0 total (0 active)
[state-dump] Queueing time: mean = -nanms, max = -0.00ms, min = 9223372036854.78ms, total = 0.00ms
[state-dump] Execution time:  mean = -nanms, total = 0.00ms
[state-dump] Event stats:
[state-dump] PushManager:
[state-dump] - num pushes remaining: 0
[state-dump] - num chunks in flight: 0
[state-dump] - num chunks remaining: 0
[state-dump] - max chunks allowed: 409
[state-dump] OwnershipBasedObjectDirectory:
[state-dump] - num listeners: 0
[state-dump] - cumulative location updates: 0
[state-dump] - num location updates per second: 0.000
[state-dump] - num location lookups per second: 0.000
[state-dump] - num locations added per second: 0.000
[state-dump] - num locations removed per second: 0.000
[state-dump] BufferPool:
[state-dump] - create buffer state map size: 0
[state-dump] PullManager:
[state-dump] - num bytes available for pulled objects: 8000000000
[state-dump] - num bytes being pulled (all): 0
[state-dump] - num bytes being pulled / pinned: 0
[state-dump] - get request bundles: BundlePullRequestQueue{0 total, 0 active, 0 inactive, 0 unpullable}
[state-dump] - wait request bundles: BundlePullRequestQueue{0 total, 0 active, 0 inactive, 0 unpullable}
[state-dump] - task request bundles: BundlePullRequestQueue{0 total, 0 active, 0 inactive, 0 unpullable}
[state-dump] - first get request bundle: N/A
[state-dump] - first wait request bundle: N/A
[state-dump] - first task request bundle: N/A
[state-dump] - num objects queued: 0
[state-dump] - num objects actively pulled (all): 0
[state-dump] - num objects actively pulled / pinned: 0
[state-dump] - num bundles being pulled: 0
[state-dump] - num pull retries: 0
[state-dump] - max timeout seconds: 0
[state-dump] - max timeout request is already processed. No entry.
[state-dump] 
[state-dump] WorkerPool:
[state-dump] - registered jobs: 0
[state-dump] - process_failed_job_config_missing: 0
[state-dump] - process_failed_rate_limited: 0
[state-dump] - process_failed_pending_registration: 0
[state-dump] - process_failed_runtime_env_setup_failed: 0
[state-dump] - num PYTHON workers: 0
[state-dump] - num PYTHON drivers: 0
[state-dump] - num PYTHON pending start requests: 0
[state-dump] - num PYTHON pending registration requests: 0
[state-dump] - num object spill callbacks queued: 0
[state-dump] - num object restore queued: 0
[state-dump] - num util functions queued: 0
[state-dump] - num JAVA workers: 0
[state-dump] - num JAVA drivers: 0
[state-dump] - num JAVA pending start requests: 0
[state-dump] - num JAVA pending registration requests: 0
[state-dump] - num object spill callbacks queued: 0
[state-dump] - num object restore queued: 0
[state-dump] - num util functions queued: 0
[state-dump] - num idle workers: 0
[state-dump] LeaseDependencyManager:
[state-dump] - lease deps map size: 0
[state-dump] - get req map size: 0
[state-dump] - wait req map size: 0
[state-dump] - local objects map size: 0
[state-dump] WaitManager:
[state-dump] - num active wait requests: 0
[state-dump] Subscriber:
[state-dump] Channel WORKER_OBJECT_EVICTION
[state-dump] - cumulative subscribe requests: 0
[state-dump] - cumulative unsubscribe requests: 0
[state-dump] - active subscribed publishers: 0
[state-dump] - cumulative published messages: 0
[state-dump] - cumulative processed messages: 0
[state-dump] Channel WORKER_REF_REMOVED_CHANNEL
[state-dump] - cumulative subscribe requests: 0
[state-dump] - cumulative unsubscribe requests: 0
[state-dump] - active subscribed publishers: 0
[state-dump] - cumulative published messages: 0
[state-dump] - cumulative processed messages: 0
[state-dump] Channel WORKER_OBJECT_LOCATIONS_CHANNEL
[state-dump] - cumulative subscribe requests: 0
[state-dump] - cumulative unsubscribe requests: 0
[state-dump] - active subscribed publishers: 0
[state-dump] - cumulative published messages: 0
[state-dump] - cumulative processed messages: 0
[state-dump] num async plasma notifications: 0
[state-dump] Event stats:
[state-dump] Global stats: 30 total (13 active)
[state-dump] Queueing time: mean = 187.93ms, max = 1875.96ms, min = 0.00ms, total = 5637.90ms
[state-dump] Execution time:  mean = 63.04ms, total = 1891.13ms
[state-dump] Event stats:
[state-dump] 	PeriodicalRunner.RunFnPeriodically - 11 total (2 active, 1 running), Execution time: mean = 0.12ms, total = 1.30ms, Queueing time: mean = 511.96ms, max = 1875.96ms, min = 0.06ms, total = 5631.59ms
[state-dump] 	event_loop_lag_probe - 2 total (0 active), Execution time: mean = 0.01ms, total = 0.02ms, Queueing time: mean = 3.14ms, max = 6.28ms, min = 0.00ms, total = 6.28ms
[state-dump] 	ray::rpc::NodeInfoGcsService.grpc_client.RegisterNode.OnReplyReceived - 1 total (0 active), Execution time: mean = 0.50ms, total = 0.50ms, Queueing time: mean = 0.01ms, max = 0.01ms, min = 0.01ms, total = 0.01ms
[state-dump] 	RayletWorkerPool.deadline_timer.kill_idle_workers - 1 total (1 active), Execution time: mean = 0.00ms, total = 0.00ms, Queueing time: mean = 0.00ms, max = -0.00ms, min = 9223372036854.78ms, total = 0.00ms
[state-dump] 	ClusterResourceManager.ResetRemoteNodeView - 1 total (1 active), Execution time: mean = 0.00ms, total = 0.00ms, Queueing time: mean = 0.00ms, max = -0.00ms, min = 9223372036854.78ms, total = 0.00ms
[state-dump] 	NodeManager.deadline_timer.flush_free_objects - 1 total (1 active), Execution time: mean = 0.00ms, total = 0.00ms, Queueing time: mean = 0.00ms, max = -0.00ms, min = 9223372036854.78ms, total = 0.00ms
[state-dump] 	ray::rpc::InternalPubSubGcsService.grpc_client.GcsSubscriberCommandBatch.OnReplyReceived - 1 total (1 active), Execution time: mean = 0.00ms, total = 0.00ms, Queueing time: mean = 0.00ms, max = -0.00ms, min = 9223372036854.78ms, total = 0.00ms
[state-dump] 	NodeManager.deadline_timer.spill_objects_when_over_threshold - 1 total (1 active), Execution time: mean = 0.00ms, total = 0.00ms, Queueing time: mean = 0.00ms, max = -0.00ms, min = 9223372036854.78ms, total = 0.00ms
[state-dump] 	ray::rpc::InternalKVGcsService.grpc_client.GetInternalConfig - 1 total (0 active), Execution time: mean = 0.45ms, total = 0.45ms, Queueing time: mean = 0.00ms, max = -0.00ms, min = 9223372036854.78ms, total = 0.00ms
[state-dump] 	NodeManager.deadline_timer.debug_state_dump - 1 total (1 active), Execution time: mean = 0.00ms, total = 0.00ms, Queueing time: mean = 0.00ms, max = -0.00ms, min = 9223372036854.78ms, total = 0.00ms
[state-dump] 	ray::rpc::InternalKVGcsService.grpc_client.GetInternalConfig.OnReplyReceived - 1 total (0 active), Execution time: mean = 1887.63ms, total = 1887.63ms, Queueing time: mean = 0.01ms, max = 0.01ms, min = 0.01ms, total = 0.01ms
[state-dump] 	ObjectManager.UpdateAvailableMemory - 1 total (0 active), Execution time: mean = 0.00ms, total = 0.00ms, Queueing time: mean = 0.01ms, max = 0.01ms, min = 0.01ms, total = 0.01ms
[state-dump] 	NodeManager.CheckForUnexpectedWorkerDisconnects - 1 total (1 active), Execution time: mean = 0.00ms, total = 0.00ms, Queueing time: mean = 0.00ms, max = -0.00ms, min = 9223372036854.78ms, total = 0.00ms
[state-dump] 	NodeManager.GCTaskFailureReason - 1 total (1 active), Execution time: mean = 0.00ms, total = 0.00ms, Queueing time: mean = 0.00ms, max = -0.00ms, min = 9223372036854.78ms, total = 0.00ms
[state-dump] 	ray::rpc::NodeInfoGcsService.grpc_client.RegisterNode - 1 total (0 active), Execution time: mean = 0.64ms, total = 0.64ms, Queueing time: mean = 0.00ms, max = -0.00ms, min = 9223372036854.78ms, total = 0.00ms
[state-dump] 	ray::rpc::InternalPubSubGcsService.grpc_client.GcsSubscriberPoll - 1 total (1 active), Execution time: mean = 0.00ms, total = 0.00ms, Queueing time: mean = 0.00ms, max = -0.00ms, min = 9223372036854.78ms, total = 0.00ms
[state-dump] 	ray::rpc::InternalPubSubGcsService.grpc_client.GcsSubscriberCommandBatch - 1 total (0 active), Execution time: mean = 0.59ms, total = 0.59ms, Queueing time: mean = 0.00ms, max = -0.00ms, min = 9223372036854.78ms, total = 0.00ms
[state-dump] 	NodeManager.deadline_timer.record_metrics - 1 total (1 active), Execution time: mean = 0.00ms, total = 0.00ms, Queueing time: mean = 0.00ms, max = -0.00ms, min = 9223372036854.78ms, total = 0.00ms
[state-dump] 	NodeManager.ScheduleAndGrantLeases - 1 total (1 active), Execution time: mean = 0.00ms, total = 0.00ms, Queueing time: mean = 0.00ms, max = -0.00ms, min = 9223372036854.78ms, total = 0.00ms
[state-dump] DebugString() time ms: 0
[state-dump] 
[state-dump] 
[2026-05-26 17:29:36,962 I 21795 21795] (raylet) accessor.cc:453: Received address and liveness notification for node, IsAlive = 1 node_id=82a92378f944840657eca49978be6876cf30dbb75ee1a97392ece67d
[2026-05-26 17:29:37,177 I 21795 21795] (raylet) worker_pool.cc:531: Started worker process with pid 21952 worker_id=b2a11caddeec8798b4c8c8279d53bacb21c2677c5e0b796824834cd6
[2026-05-26 17:29:37,181 I 21795 21795] (raylet) worker_pool.cc:531: Started worker process with pid 21953 worker_id=ea4bb2dccc3f157c56bf230eb608761637cbac5097b5c7467b6d9a27
[2026-05-26 17:29:37,185 I 21795 21795] (raylet) worker_pool.cc:531: Started worker process with pid 21954 worker_id=260dab19c494691b8df63fdd2145edf77fd48d18fc3108ca2523f3bf
[2026-05-26 17:29:37,190 I 21795 21795] (raylet) worker_pool.cc:531: Started worker process with pid 21955 worker_id=bb9a3f5ffa84a0f28d27dff3429a47dbef401f404146354bf763a258
[2026-05-26 17:29:37,194 I 21795 21795] (raylet) worker_pool.cc:531: Started worker process with pid 21956 worker_id=07678e030f130ec2c067f51dbba6b5bf474795db38a9dd64203ec85a
[2026-05-26 17:29:37,198 I 21795 21795] (raylet) worker_pool.cc:531: Started worker process with pid 21957 worker_id=00e0aee26d723924246c5cd982ce28467a5bfa133485784e7995ecd3
[2026-05-26 17:29:37,202 I 21795 21795] (raylet) worker_pool.cc:531: Started worker process with pid 21958 worker_id=2923932c231f97904f8fb7a296a0897d0d7605ee50b80334d87118f8
[2026-05-26 17:29:37,207 I 21795 21795] (raylet) worker_pool.cc:531: Started worker process with pid 21959 worker_id=4a378d02c8ab6a1f220295c0e9c4ec5778b1a5c51a47646693ee21df
[2026-05-26 17:29:37,212 I 21795 21795] (raylet) worker_pool.cc:531: Started worker process with pid 21960 worker_id=307af9a9bbcf40bc75e3edda2683c1f8b16916df36bad173b9d59a3a
[2026-05-26 17:29:37,216 I 21795 21795] (raylet) worker_pool.cc:531: Started worker process with pid 21961 worker_id=3e719390bbeab3dae2a1a62b6d6c7c7865121f2bdf023d64a81a79a6
[2026-05-26 17:29:37,220 I 21795 21795] (raylet) worker_pool.cc:531: Started worker process with pid 21962 worker_id=4b91093e9b29506198a686eb21055efb22616b5bfcef817e0c784fb4
[2026-05-26 17:29:37,224 I 21795 21795] (raylet) worker_pool.cc:531: Started worker process with pid 21963 worker_id=bc4cf3597d27ea9e1975eb9939bae136193e1c90cf513275dd5369ef
[2026-05-26 17:29:37,227 I 21795 21795] (raylet) worker_pool.cc:531: Started worker process with pid 21964 worker_id=4796e955eb4ed551fee074a16841ba3ca94c08cdbcceafe360424603
[2026-05-26 17:29:37,230 I 21795 21795] (raylet) worker_pool.cc:531: Started worker process with pid 21965 worker_id=cb39df38aaae04052a8c81b4316e75b48cfa1078b80d2ecf59cfa563
[2026-05-26 17:29:37,234 I 21795 21795] (raylet) worker_pool.cc:531: Started worker process with pid 21966 worker_id=89babcd348cc3ddfc7a2219f0f7d968a15ddfec5298c594ba921d116
[2026-05-26 17:29:37,253 I 21795 21795] (raylet) worker_pool.cc:531: Started worker process with pid 21967 worker_id=66c37be3de0b52fc18602849d85447b50d01c52afbb6c3d27db67e71
[2026-05-26 17:29:40,089 W 21795 21841] (raylet) memory_monitor_utils.cc:140: Got negative used memory for cgroup -1, setting it to zero
[2026-05-26 17:29:40,496 I 21795 21818] (raylet) object_store.cc:37: Object store current usage 8e-09 / 8 GB.
[2026-05-26 17:29:40,601 I 21795 21795] (raylet) worker_pool.cc:742: Job 01000000 already started in worker pool.
[2026-05-26 17:29:40,631 I 21795 21795] (raylet) runtime_env_agent_client.cc:393: Create runtime env for job 01000000
[2026-05-26 17:29:40,635 I 21795 21795] (raylet) worker_pool.cc:531: Started worker process with pid 22711 worker_id=ec5fa18de42a9a9f5a5e79a252a0751d52f654951917d73d58003f72
[2026-05-26 17:29:40,636 I 21795 21795] (raylet) runtime_env_agent_client.cc:393: Create runtime env for job 01000000
[2026-05-26 17:29:40,640 I 21795 21795] (raylet) worker_pool.cc:531: Started worker process with pid 22712 worker_id=5569daf5bfdaadccdd91653f1cc8d7164dd8acb98d5a6a5b50028d5a
[2026-05-26 17:29:40,640 I 21795 21795] (raylet) runtime_env_agent_client.cc:393: Create runtime env for job 01000000
[2026-05-26 17:29:40,644 I 21795 21795] (raylet) worker_pool.cc:531: Started worker process with pid 22713 worker_id=d5e1ccc26b845ed60411903d5d075378ae012de4e3a32f23b2f9de5a
[2026-05-26 17:29:40,645 I 21795 21795] (raylet) runtime_env_agent_client.cc:393: Create runtime env for job 01000000
[2026-05-26 17:29:40,649 I 21795 21795] (raylet) worker_pool.cc:531: Started worker process with pid 22714 worker_id=d9e6b4a1db34e7ba637bc9669420817c0fcdcf68929ffe16b9ddd4aa
[2026-05-26 17:29:40,649 I 21795 21795] (raylet) runtime_env_agent_client.cc:393: Create runtime env for job 01000000
[2026-05-26 17:29:40,652 I 21795 21795] (raylet) worker_pool.cc:531: Started worker process with pid 22715 worker_id=7acc857d973cb68369622e109535b77eb8d398421a40bb82a8b0343c
[2026-05-26 17:29:40,653 I 21795 21795] (raylet) runtime_env_agent_client.cc:393: Create runtime env for job 01000000
[2026-05-26 17:29:40,656 I 21795 21795] (raylet) worker_pool.cc:531: Started worker process with pid 22716 worker_id=99c488fb1b945a29dacfd11b2ea1e4a257840191d02a68cca486fa3e
[2026-05-26 17:29:40,656 I 21795 21795] (raylet) runtime_env_agent_client.cc:393: Create runtime env for job 01000000
[2026-05-26 17:29:40,660 I 21795 21795] (raylet) worker_pool.cc:531: Started worker process with pid 22717 worker_id=ab5eac6b0d3ef06479efe78cfcd71c6e9bf183d387aab2bc6b3f4ec2
[2026-05-26 17:29:40,660 I 21795 21795] (raylet) runtime_env_agent_client.cc:393: Create runtime env for job 01000000
[2026-05-26 17:29:40,664 I 21795 21795] (raylet) worker_pool.cc:531: Started worker process with pid 22718 worker_id=af5f8387fbd755360922ebc1f60e5f036efb664fe831da23124b0eb8
[2026-05-26 17:29:40,680 I 21795 21795] (raylet) runtime_env_agent_client.cc:393: Create runtime env for job 01000000
[2026-05-26 17:29:40,684 I 21795 21795] (raylet) worker_pool.cc:531: Started worker process with pid 22721 worker_id=88559fe7ca68337a12ec12bde67c239c148a6a4a8fe8f4ab4ac690df
[2026-05-26 17:29:40,685 I 21795 21795] (raylet) runtime_env_agent_client.cc:393: Create runtime env for job 01000000
[2026-05-26 17:29:40,690 I 21795 21795] (raylet) worker_pool.cc:531: Started worker process with pid 22722 worker_id=65594b3a496026593118ee6bc8cc576caec4389b364c2cab6b2794a0
[2026-05-26 17:29:40,690 I 21795 21795] (raylet) runtime_env_agent_client.cc:393: Create runtime env for job 01000000
[2026-05-26 17:29:40,695 I 21795 21795] (raylet) worker_pool.cc:531: Started worker process with pid 22723 worker_id=69570fb7929f0b7317233a988cd8159fe9d9d4e2c57fc8bd30e6e246
[2026-05-26 17:29:40,695 I 21795 21795] (raylet) runtime_env_agent_client.cc:393: Create runtime env for job 01000000
[2026-05-26 17:29:40,700 I 21795 21795] (raylet) worker_pool.cc:531: Started worker process with pid 22724 worker_id=49fd9e580c80e7ea98edbe8f170217b52d5ea712aa204804dbe5d839
[2026-05-26 17:29:40,700 I 21795 21795] (raylet) runtime_env_agent_client.cc:393: Create runtime env for job 01000000
[2026-05-26 17:29:40,705 I 21795 21795] (raylet) worker_pool.cc:531: Started worker process with pid 22725 worker_id=3c21cfbbea7b9bf54a5689fd386bf38ef1a41987ddb9f9355770062b
[2026-05-26 17:29:40,705 I 21795 21795] (raylet) runtime_env_agent_client.cc:393: Create runtime env for job 01000000
[2026-05-26 17:29:40,709 I 21795 21795] (raylet) worker_pool.cc:531: Started worker process with pid 22726 worker_id=b471ced0962699242a546fac789929fbb5dba916fb777b7de3a0e362
[2026-05-26 17:29:40,710 I 21795 21795] (raylet) runtime_env_agent_client.cc:393: Create runtime env for job 01000000
[2026-05-26 17:29:40,714 I 21795 21795] (raylet) worker_pool.cc:531: Started worker process with pid 22727 worker_id=7bcbfa6d337163d02996667b7ba6bfa3b8d2d7e52ab4cdf031de82f4
[2026-05-26 17:29:40,714 I 21795 21795] (raylet) runtime_env_agent_client.cc:393: Create runtime env for job 01000000
[2026-05-26 17:29:40,718 I 21795 21795] (raylet) worker_pool.cc:531: Started worker process with pid 22728 worker_id=d90d558e0f124916995cca3a1adb04e1eaebf8826b18a1aeea78f787
[2026-05-26 17:29:41,907 I 21795 21795] (raylet) node_manager.cc:1413: Disconnecting worker, graceful=true, disconnect_type=1, has_creation_task_exception=false worker_id=260dab19c494691b8df63fdd2145edf77fd48d18fc3108ca2523f3bf job_id=NIL_ID
[2026-05-26 17:29:41,909 I 21795 21795] (raylet) node_manager.cc:1413: Disconnecting worker, graceful=true, disconnect_type=1, has_creation_task_exception=false worker_id=4a378d02c8ab6a1f220295c0e9c4ec5778b1a5c51a47646693ee21df job_id=NIL_ID
[2026-05-26 17:29:41,909 I 21795 21795] (raylet) node_manager.cc:1413: Disconnecting worker, graceful=true, disconnect_type=1, has_creation_task_exception=false worker_id=b2a11caddeec8798b4c8c8279d53bacb21c2677c5e0b796824834cd6 job_id=NIL_ID
[2026-05-26 17:29:41,924 I 21795 21795] (raylet) node_manager.cc:1413: Disconnecting worker, graceful=true, disconnect_type=1, has_creation_task_exception=false worker_id=ea4bb2dccc3f157c56bf230eb608761637cbac5097b5c7467b6d9a27 job_id=NIL_ID
[2026-05-26 17:29:41,925 I 21795 21795] (raylet) node_manager.cc:1413: Disconnecting worker, graceful=true, disconnect_type=1, has_creation_task_exception=false worker_id=bb9a3f5ffa84a0f28d27dff3429a47dbef401f404146354bf763a258 job_id=NIL_ID
[2026-05-26 17:29:41,941 I 21795 21795] (raylet) node_manager.cc:1413: Disconnecting worker, graceful=true, disconnect_type=1, has_creation_task_exception=false worker_id=307af9a9bbcf40bc75e3edda2683c1f8b16916df36bad173b9d59a3a job_id=NIL_ID
[2026-05-26 17:29:41,960 W 21795 21818] (raylet) store.cc:365: Disconnecting client due to connection error with code 2: End of file
[2026-05-26 17:29:41,996 W 21795 21818] (raylet) store.cc:365: Disconnecting client due to connection error with code 2: End of file
[2026-05-26 17:29:42,060 W 21795 21818] (raylet) store.cc:365: Disconnecting client due to connection error with code 2: End of file
[2026-05-26 17:29:42,083 I 21795 21795] (raylet) node_manager.cc:1413: Disconnecting worker, graceful=true, disconnect_type=1, has_creation_task_exception=false worker_id=3e719390bbeab3dae2a1a62b6d6c7c7865121f2bdf023d64a81a79a6 job_id=NIL_ID
[2026-05-26 17:29:42,089 I 21795 21795] (raylet) node_manager.cc:1413: Disconnecting worker, graceful=true, disconnect_type=1, has_creation_task_exception=false worker_id=07678e030f130ec2c067f51dbba6b5bf474795db38a9dd64203ec85a job_id=NIL_ID
[2026-05-26 17:29:42,096 W 21795 21818] (raylet) store.cc:365: Disconnecting client due to connection error with code 2: End of file
[2026-05-26 17:29:42,104 W 21795 21818] (raylet) store.cc:365: Disconnecting client due to connection error with code 2: End of file
[2026-05-26 17:29:42,117 I 21795 21795] (raylet) node_manager.cc:1413: Disconnecting worker, graceful=true, disconnect_type=1, has_creation_task_exception=false worker_id=cb39df38aaae04052a8c81b4316e75b48cfa1078b80d2ecf59cfa563 job_id=NIL_ID
[2026-05-26 17:29:42,118 I 21795 21795] (raylet) node_manager.cc:1413: Disconnecting worker, graceful=true, disconnect_type=1, has_creation_task_exception=false worker_id=4796e955eb4ed551fee074a16841ba3ca94c08cdbcceafe360424603 job_id=NIL_ID
[2026-05-26 17:29:42,118 W 21795 21818] (raylet) store.cc:365: Disconnecting client due to connection error with code 2: End of file
[2026-05-26 17:29:42,119 I 21795 21795] (raylet) node_manager.cc:1413: Disconnecting worker, graceful=true, disconnect_type=1, has_creation_task_exception=false worker_id=89babcd348cc3ddfc7a2219f0f7d968a15ddfec5298c594ba921d116 job_id=NIL_ID
[2026-05-26 17:29:42,129 I 21795 21795] (raylet) node_manager.cc:1413: Disconnecting worker, graceful=true, disconnect_type=1, has_creation_task_exception=false worker_id=2923932c231f97904f8fb7a296a0897d0d7605ee50b80334d87118f8 job_id=NIL_ID
[2026-05-26 17:29:42,129 I 21795 21795] (raylet) node_manager.cc:1413: Disconnecting worker, graceful=true, disconnect_type=1, has_creation_task_exception=false worker_id=00e0aee26d723924246c5cd982ce28467a5bfa133485784e7995ecd3 job_id=NIL_ID
[2026-05-26 17:29:42,130 I 21795 21795] (raylet) node_manager.cc:1413: Disconnecting worker, graceful=true, disconnect_type=1, has_creation_task_exception=false worker_id=66c37be3de0b52fc18602849d85447b50d01c52afbb6c3d27db67e71 job_id=NIL_ID
[2026-05-26 17:29:42,142 I 21795 21795] (raylet) node_manager.cc:1413: Disconnecting worker, graceful=true, disconnect_type=1, has_creation_task_exception=false worker_id=4b91093e9b29506198a686eb21055efb22616b5bfcef817e0c784fb4 job_id=NIL_ID
[2026-05-26 17:29:42,142 I 21795 21795] (raylet) node_manager.cc:1413: Disconnecting worker, graceful=true, disconnect_type=1, has_creation_task_exception=false worker_id=bc4cf3597d27ea9e1975eb9939bae136193e1c90cf513275dd5369ef job_id=NIL_ID
[2026-05-26 17:29:42,165 W 21795 21818] (raylet) store.cc:365: Disconnecting client due to connection error with code 2: End of file
[2026-05-26 17:29:42,187 W 21795 21818] (raylet) store.cc:365: Disconnecting client due to connection error with code 2: End of file
[2026-05-26 17:29:42,244 W 21795 21818] (raylet) store.cc:365: Disconnecting client due to connection error with code 2: End of file
[2026-05-26 17:29:42,266 W 21795 21818] (raylet) store.cc:365: Disconnecting client due to connection error with code 2: End of file
[2026-05-26 17:29:42,277 W 21795 21818] (raylet) store.cc:365: Disconnecting client due to connection error with code 2: End of file
[2026-05-26 17:29:42,278 W 21795 21818] (raylet) store.cc:365: Disconnecting client due to connection error with code 2: End of file
[2026-05-26 17:29:42,287 W 21795 21818] (raylet) store.cc:365: Disconnecting client due to connection error with code 2: End of file
[2026-05-26 17:29:42,306 W 21795 21818] (raylet) store.cc:365: Disconnecting client due to connection error with code 2: End of file
[2026-05-26 17:29:42,323 W 21795 21818] (raylet) store.cc:365: Disconnecting client due to connection error with code 2: End of file
[2026-05-26 17:29:42,352 W 21795 21818] (raylet) store.cc:365: Disconnecting client due to connection error with code 2: End of file
[2026-05-26 17:29:45,093 W 21795 21841] (raylet) memory_monitor_utils.cc:140: Got negative used memory for cgroup -1, setting it to zero
[2026-05-26 17:29:50,084 I 21795 21795] (raylet) local_resource_manager.cc:349: Object store memory is idle.
[2026-05-26 17:29:50,098 W 21795 21841] (raylet) memory_monitor_utils.cc:140: Got negative used memory for cgroup -1, setting it to zero
[2026-05-26 17:29:50,584 I 21795 21795] (raylet) local_resource_manager.cc:349: Object store memory is idle.
[2026-05-26 17:29:51,785 I 21795 21795] (raylet) local_resource_manager.cc:349: Object store memory is idle.
[2026-05-26 17:29:52,686 I 21795 21795] (raylet) local_resource_manager.cc:349: Object store memory is idle.
[2026-05-26 17:29:53,388 I 21795 21795] (raylet) local_resource_manager.cc:349: Object store memory is idle.
[2026-05-26 17:29:53,790 I 21795 21795] (raylet) local_resource_manager.cc:349: Object store memory is idle.
