2026-05-29 17:29:02,314	INFO utils.py:305 -- Get all modules by type: DashboardHeadModule
2026-05-29 17:29:02,322	INFO utils.py:316 -- Module ray.dashboard.modules.aggregator.aggregator_agent cannot be loaded because we cannot import all dependencies. Install this module using `pip install 'ray[default]'` for the full dashboard functionality. Error: No module named 'opentelemetry'
2026-05-29 17:29:02,324	INFO utils.py:316 -- Module ray.dashboard.modules.aggregator.multi_consumer_event_buffer cannot be loaded because we cannot import all dependencies. Install this module using `pip install 'ray[default]'` for the full dashboard functionality. Error: No module named 'opentelemetry'
2026-05-29 17:29:02,327	INFO utils.py:316 -- Module ray.dashboard.modules.aggregator.publisher.async_publisher_client cannot be loaded because we cannot import all dependencies. Install this module using `pip install 'ray[default]'` for the full dashboard functionality. Error: No module named 'aiohttp'
2026-05-29 17:29:02,328	INFO utils.py:316 -- Module ray.dashboard.modules.aggregator.publisher.metrics cannot be loaded because we cannot import all dependencies. Install this module using `pip install 'ray[default]'` for the full dashboard functionality. Error: No module named 'opentelemetry'
2026-05-29 17:29:02,329	INFO utils.py:316 -- Module ray.dashboard.modules.aggregator.publisher.ray_event_publisher cannot be loaded because we cannot import all dependencies. Install this module using `pip install 'ray[default]'` for the full dashboard functionality. Error: No module named 'opentelemetry'
2026-05-29 17:29:02,394	INFO utils.py:316 -- Module ray.dashboard.modules.data.data_head cannot be loaded because we cannot import all dependencies. Install this module using `pip install 'ray[default]'` for the full dashboard functionality. Error: No module named 'aiohttp'
2026-05-29 17:29:02,403	INFO utils.py:316 -- Module ray.dashboard.modules.event.event_head cannot be loaded because we cannot import all dependencies. Install this module using `pip install 'ray[default]'` for the full dashboard functionality. Error: No module named 'aiohttp'
2026-05-29 17:29:02,412	INFO utils.py:316 -- Module ray.dashboard.modules.job.job_agent cannot be loaded because we cannot import all dependencies. Install this module using `pip install 'ray[default]'` for the full dashboard functionality. Error: No module named 'aiohttp'
2026-05-29 17:29:02,413	INFO utils.py:316 -- Module ray.dashboard.modules.job.job_head cannot be loaded because we cannot import all dependencies. Install this module using `pip install 'ray[default]'` for the full dashboard functionality. Error: No module named 'aiohttp'
2026-05-29 17:29:02,418	INFO utils.py:316 -- Module ray.dashboard.modules.log.log_agent cannot be loaded because we cannot import all dependencies. Install this module using `pip install 'ray[default]'` for the full dashboard functionality. Error: No module named 'grpc'
2026-05-29 17:29:02,439	INFO utils.py:316 -- Module ray.dashboard.modules.log.log_manager cannot be loaded because we cannot import all dependencies. Install this module using `pip install 'ray[default]'` for the full dashboard functionality. Error: No module named 'aiohttp'
2026-05-29 17:29:02,456	INFO utils.py:316 -- Module ray.dashboard.modules.metrics.metrics_head cannot be loaded because we cannot import all dependencies. Install this module using `pip install 'ray[default]'` for the full dashboard functionality. Error: No module named 'aiohttp'
2026-05-29 17:29:02,461	INFO utils.py:316 -- Module ray.dashboard.modules.node.node_head cannot be loaded because we cannot import all dependencies. Install this module using `pip install 'ray[default]'` for the full dashboard functionality. Error: No module named 'aiohttp'
2026-05-29 17:29:02,465	INFO utils.py:316 -- Module ray.dashboard.modules.reporter.healthz_agent cannot be loaded because we cannot import all dependencies. Install this module using `pip install 'ray[default]'` for the full dashboard functionality. Error: No module named 'aiohttp'
2026-05-29 17:29:02,467	INFO utils.py:316 -- Module ray.dashboard.modules.reporter.reporter_agent cannot be loaded because we cannot import all dependencies. Install this module using `pip install 'ray[default]'` for the full dashboard functionality. Error: No module named 'grpc'
2026-05-29 17:29:02,469	INFO utils.py:316 -- Module ray.dashboard.modules.reporter.reporter_head cannot be loaded because we cannot import all dependencies. Install this module using `pip install 'ray[default]'` for the full dashboard functionality. Error: No module named 'aiohttp'
2026-05-29 17:29:02,472	INFO utils.py:316 -- Module ray.dashboard.modules.serve.serve_head cannot be loaded because we cannot import all dependencies. Install this module using `pip install 'ray[default]'` for the full dashboard functionality. Error: No module named 'aiohttp'
2026-05-29 17:29:02,474	INFO utils.py:316 -- Module ray.dashboard.modules.state.state_head cannot be loaded because we cannot import all dependencies. Install this module using `pip install 'ray[default]'` for the full dashboard functionality. Error: No module named 'aiohttp'
2026-05-29 17:29:02,476	INFO utils.py:316 -- Module ray.dashboard.modules.train.train_head cannot be loaded because we cannot import all dependencies. Install this module using `pip install 'ray[default]'` for the full dashboard functionality. Error: No module named 'aiohttp'
2026-05-29 17:29:02,480	INFO utils.py:338 -- Available modules: [<class 'ray.dashboard.modules.usage_stats.usage_stats_head.UsageStatsHead'>]
2026-05-29 17:29:02,480	INFO head.py:235 -- DashboardHeadModules to load: {'UsageStatsHead'}.
2026-05-29 17:29:02,480	INFO head.py:238 -- Loading DashboardHeadModule: <class 'ray.dashboard.modules.usage_stats.usage_stats_head.UsageStatsHead'>.
2026-05-29 17:29:02,480	INFO head.py:242 -- Loaded 1 dashboard head modules: [<ray.dashboard.modules.usage_stats.usage_stats_head.UsageStatsHead object at 0x77794479bfd0>].
2026-05-29 17:29:02,480	INFO head.py:257 -- Subprocess modules not loaded in minimal mode.
2026-05-29 17:29:02,482	INFO head.py:444 -- http server disabled.
